bun test v1.0.6 (969da088)

src/orchestrator/index.test.ts:
Setting up test environment...
Test environment setup complete
Starting instruction document processing test...
[2025-04-19 20:38:45.112 +0000] [32mINFO[39m: [36mStarting instruction document processing[39m
    path: "/Users/stephensaucier/freelance/yellowpadai/test-documents/test-instructions.docx"
[2025-04-19 20:38:45.348 +0000] [32mINFO[39m: [36mParsed instructions[39m
    count: 2
    instructions: [
      {
        "contract": "Contract 1.docx",
        "instruction": "Replace \"ABCCorp\" with \"XYZTech\" throughout the document",
        "clause": "XYZTech"
      },
      {
        "contract": "Contract 2.docx",
        "instruction": "Replace \"Yellowpad AI Inc.\" with \"Acme Corp\"",
        "clause": "Acme Corp"
      }
    ]
[2025-04-19 20:38:45.349 +0000] [32mINFO[39m: [36mReading contract document[39m
    id: "Contract 1.docx-1745095125348"
    contractPath: "/Users/stephensaucier/freelance/yellowpadai/test-documents/Contract 1.docx"
[2025-04-19 20:38:45.350 +0000] [32mINFO[39m: [36mGenerating commands[39m
    id: "Contract 1.docx-1745095125348"
    instruction: "Replace \"ABCCorp\" with \"XYZTech\" throughout the document"
[2025-04-19 20:38:50.557 +0000] [32mINFO[39m: [36mGenerated commands[39m
    id: "Contract 1.docx-1745095125348"
    commandCount: 1
    commands: [
      {
        "documentId": "document.docx",
        "action": "modify",
        "location": {
          "type": "paragraph",
          "matchText": "ABCCorp",
          "position": "replace"
        },
        "content": {
          "text": "XYZTech",
          "style": {
            "matchSource": true
          }
        }
      }
    ]
[2025-04-19 20:38:50.557 +0000] [32mINFO[39m: [36mValidating command[39m
    id: "Contract 1.docx-1745095125348"
    command: {
      "documentId": "document.docx",
      "action": "modify",
      "location": {
        "type": "paragraph",
        "matchText": "ABCCorp",
        "position": "replace"
      },
      "content": {
        "text": "XYZTech",
        "style": {
          "matchSource": true
        }
      }
    }
[2025-04-19 20:38:51.982 +0000] [32mINFO[39m: [36mExecuting command[39m
    id: "Contract 1.docx-1745095125348"
    command: {
      "documentId": "document.docx",
      "action": "modify",
      "location": {
        "type": "paragraph",
        "matchText": "ABCCorp",
        "position": "replace"
      },
      "content": {
        "text": "XYZTech",
        "style": {
          "matchSource": true
        }
      }
    }
[2025-04-19 20:38:52.264 +0000] [32mINFO[39m: [36mSuccessfully processed instruction[39m
    id: "Contract 1.docx-1745095125348"
[2025-04-19 20:38:52.264 +0000] [32mINFO[39m: [36mReading contract document[39m
    id: "Contract 2.docx-1745095132264"
    contractPath: "/Users/stephensaucier/freelance/yellowpadai/test-documents/Contract 2.docx"
[2025-04-19 20:38:52.264 +0000] [32mINFO[39m: [36mGenerating commands[39m
    id: "Contract 2.docx-1745095132264"
    instruction: "Replace \"Yellowpad AI Inc.\" with \"Acme Corp\""
[2025-04-19 20:38:54.774 +0000] [32mINFO[39m: [36mGenerated commands[39m
    id: "Contract 2.docx-1745095132264"
    commandCount: 1
    commands: [
      {
        "documentId": "document.docx",
        "action": "modify",
        "location": {
          "type": "paragraph",
          "matchText": "Yellowpad AI Inc.",
          "position": "replace"
        },
        "content": {
          "text": "Acme Corp",
          "style": {
            "matchSource": true
          }
        }
      }
    ]
[2025-04-19 20:38:54.774 +0000] [32mINFO[39m: [36mValidating command[39m
    id: "Contract 2.docx-1745095132264"
    command: {
      "documentId": "document.docx",
      "action": "modify",
      "location": {
        "type": "paragraph",
        "matchText": "Yellowpad AI Inc.",
        "position": "replace"
      },
      "content": {
        "text": "Acme Corp",
        "style": {
          "matchSource": true
        }
      }
    }
[2025-04-19 20:39:16.603 +0000] [32mINFO[39m: [36mExecuting command[39m
    id: "Contract 2.docx-1745095132264"
    command: {
      "documentId": "document.docx",
      "action": "modify",
      "location": {
        "type": "paragraph",
        "matchText": "Yellowpad AI Inc.",
        "position": "replace"
      },
      "content": {
        "text": "Acme Corp",
        "style": {
          "matchSource": true
        }
      }
    }
Processing results: [
  {
    "id": "Contract 1.docx-1745095125348",
    "status": "completed",
    "result": {
      "document": "UEsDBBQAAAAIANqEk1pFy6qqkQEAABcHAAATAAAAW0NvbnRlbnRfVHlwZXNdLnhtbLWVPU/DMBCGd35FlCUDatwyIISaMvAxAhJFYnWdS2vVX/Jdgf57LoFEFSqkpWWJ5PjufR7bkTO+ercmeYWI2rsiG+XDLAGnfKndvMiep3eDiyxBkq6UxjsosjVgdjU5GU/XATDhZodFuiAKl0KgWoCVmPsAjmcqH60kHsa5CFIt5RzE2XB4LpR3BI4GVGekk/ENVHJlKLl959eNSBrBYJpcfxbWrCKVIRitJPG8eHXlN8rgi5BzZ1ODCx3wlAtSsZVQz/wM+Op74J2JuoTkUUa6l5arhFoheftijdAE9jH6gKP897Qtur6qtILSq5XllrwLrfMgkobOfZsD9zVgwZSD2VBvSgnlIOzHVj7C/vD2nOruHYlvPpai0z10uXUacxUg8kduTd7NWKldr0fF5KmcmT8svU+ki+6VcCs7g8hdx5foonslEIi4Do/v0Cb3K9DawH8INLm9eOL7Dj6fh18BTUwv8g1mT/+27xvhu4hAe5uiIInLIN1OZ2FbkXwzo0vYk7w52uUQttNbqGj+a5MPUEsDBBQAAAAIANqEk1oatPQNDwEAAOQCAAALAAAAX3JlbHMvLnJlbHOtkstOwzAQRfd8RZRNVo2TghBCTbpBSN0hVD5gsCcPNfZYnoG2f49bHmqqUlWCpcd3jo6uPZtv7JC8Y+CeXJWVeZEl6DSZ3rVV9rJ8nNxlCQs4AwM5rLItcjavr2bPOIDEHe56z0mEOK7STsTfK8W6Qwuck0cXbxoKFiQeQ6s86BW0qKZFcavCISOtR8xkYao0LMx1miy3Hv/GVhYFDAgoTQEnPsTtID1yhENoUarUkH6KY94n8khO1Wmh6S9CtteBmBrJNVlFTdPrnUpZHqms8RU3gm5XuACvPLhDjzUFM8qw+kmd0yov7+nT7YH0m0Unp+oaJ47kzNf4nM3Nf9rsqzBozr8beP9tpEafs/4AUEsDBBQAAAAIANqEk1rtL2z8PgEAAF0CAAARAAAAZG9jUHJvcHMvY29yZS54bWx9kl9PwjAUxd/9FMte9rS1HYLabCP+CU+SmDCi8a3pLtC4dk1bGXx7uwlDlJj0pTnn/nLuabPpTtbBFowVjcojkuAoAMWbSqh1Hi3LWXwbBdYxVbG6UZBHe7DRtLjKuKa8MfBiGg3GCbCBBylLuc7DjXOaImT5BiSziXcoL64aI5nzV7NGmvEPtgaUYjxBEhyrmGOoA8Z6IIYHZMUHpP40dQ+oOIIaJChnEUkIOnkdGGkvDvTKD6cUbq/hovUoDu6dFYOxbdukHfVWn5+gt/nzol81FqqrikNYdP3UzLq5b3IloHrYF/eqazFYgMrQX7UbMLAV3TsUo94xXLPDVpQbYA6qwKeh39mPyuvo8amchUWKUxLjmxhPypRQ7A9+z9Cv+RNQHgL8TxzH+Dom45Lc0XRyTjwCij7x+Y8ovgBQSwMEFAAAAAgA2oSTWiusMG3mAAAAcAEAACAAAAB3b3JkL3dlYmV4dGVuc2lvbnMvdGFza3BhbmVzLnhtbGXOz0rEMBAG8LvgO4TcbVpFkaXpXhbBuz5ANpm2wzaZkhm3u29vCkVcvc0f+L5fu7/ESZ0hM1KyuqlqrSB5CpgGqz8/3h5etWJxKbiJElh9Bdb77v6uXUDmnTg+zS4BqxKTeLcerR6lvIxhP0J0XEX0mZh6qTxFQ32PHswCR7gIpLWXzU+Oeayb2jSN7m4LVCB/Kg4phIzDKFqdkfGIE8rV6qJeMMho9dNzmTMt623L+F2Vod+o+Z+TZkjl11OOTsqahw17IP8VIUnB1S8mw+RkVY84c+naYSim99Bo07XmRv135+4bUEsDBBQAAAAIANqEk1pWoDPougAAABsBAAArAAAAd29yZC93ZWJleHRlbnNpb25zL19yZWxzL3Rhc2twYW5lcy54bWwucmVsc2XPMW7DMAwF0L2nELRoiml1KIrCcrYAWQP3AIpM20IsURCFxLl9lS1GR5L4D/zdcQuruGNmT9Eo3bRKYHQ0+jgb9TucDt9KcLFxtCtFNOqJrI79R3fB1Zaa4cUnFhWJbORSSvoBYLdgsNxQwlgvE+VgSx3zDMm6m50RPtv2C/K7IfudKc6jkfk8aimGZ8J/dvAuE9NUGkcBaJq8e6la71V44BW3gvHVr1I2z1iMfN/qpv4ooe9g16n/A1BLAwQUAAAACADahJNajo5SMycBAAAiAgAAJAAAAHdvcmQvd2ViZXh0ZW5zaW9ucy93ZWJleHRlbnNpb24xLnhtbJ1RwWrCQBC9F/oPYe9xN2YbrBhF6fZWCq2C1zVOzEIyG3a2VSn9925sBKWlh+6e3gxv3ps3k9mhqaN3cGQs5iwZCBYBFnZrcJez1fIxHrGIvMatri1Czo5AbDa9vZnsYbyHDRw8YMeNwhykUMpZ5X075pyKChpNg8YUzpIt/aCwDbdlaQrgl1S6QnwoEsGThEVmm7MPqeToXs3TWC4yEatMpvF8sZCxVOpOqiSVMs0+2bSz46AEF8zDibnXQxHeSIiMXS3Y/W4n64JXwHj12qPlsQ2V5ye1Zvw0UNceHGoPL+fJ9G+hXzX4HyKtsy04b4C+zWwMdkfpEaFuqbK+j939SD2QMfRK6xrtA3S7PvoHW7w1gD7kLDLuoNa+u0FlWjpbujzH9AtQSwMEFAAAAAgA2oSTWuHWtC/JOgAAFu8BABEAAAB3b3JkL2RvY3VtZW50LnhtbO19247byJbl+3wFUcCgMgE605npW7n6uMfXQgJ1qgzbhZ6el0GIDEnhpBg8vKSsejr/0E8NdAP9Nv/Rn3K+ZPYlIhikqLQo62LLrIdySiKDwYgd+77X/qd//jRLgluZF0qnf/nx4uz+j4FMIx2rdPKXH//48Obekx+DohRpLBKdyr/8uJDFj//87H/80/xprKNqJtMygBHS4uk8i/7yw7Qss6fn50U0lTNRnM1UlOtCj8uzSM/O9XisInk+13l8fnn/4j79leU6kkUBj3sp0ltR/GCGiz6tN1qcizncjAM+OI+mIi/lp3qMi96DPDz/6fzJ8kCXGwwEb3h5sTzUVe+hHp3jrJYGerDRQDCrpZEebjZSx8s92myky+WRHm820tXySE82G2mJnGbLBK4zmcKPY53PRAkf88n5TOQ3VXYPBs5EqUYqUeUCxrz/yA4jVHqzwYzgLjfC7CruPcLj85mOZXIV21H0X36o8vSpuf+eux+n/pTvN/+4O2Sy3mPhcT+dy09lUpT23nydtePbXxnGQqt2nssE1lGnxVRljjvMNh0NfpzaQW7vWoDbWfKD42wXax61VaztFW9DPeA60zd7N0t45nePeHF/jd3EIdwd60yh+Uw7kxlQcP3gjZbGW9yLNZmPHeByaYBHkVxTWNgxnpgxzqP6dOM4as1jZcd55MZRsTfOZpPxBoirXkNcXtl54D94uzdWEZfxtN9wdo/O8V5Riqkops0Rx2syAjviA29EJrBERzf+mLLfoj10Ay5m3h5mky87qL/kusrq0dSXjXZds+x52u8F7z9qU0VWfNlk3k9FBpx8Fj29nqQ6F6MEZgTHN4ATGNAOBHwE8J+AT1Vg6Sew2x4QdQbIEn94BkrgSMcL/DeDHx48zUQuruEM3ef/Ln+gb0GElvjtY/MffPsU9M34HV54+fDizZtH7qtXciyqpMRfHrx6+OLBJT0le5vjPzdSZr/BYOf2w68qlQV9yl7EdEmpYSZPbwXQZ6qSH+i3RI7LpS9Huiz1bOnrXE2mHRfLci5l2vr+vH5skYkI1jjAS4G+YWXv4yuJcSlB8F0+oE+JQiK4fOI+vKtwD0RVan6MSmHxn45VXpS/0rX3+fuPkX1yBIJM5maqvCj5G52WBVwgRVE+L5T4yw/PcyXszOn/xUwkyUuR8VpFOtG5HZF3yrwODXnu1ptX9Nn//tf/80FGU/yh5Mv4opX7fjXs+7e/77t6DBLR+2pURLnKUK8L3sv8FhhXETyf5FKiqrY+pT3YFqWZiX2YqiL4zOyCkxKv+sff/6Mxz+ayjVpv3P1u9rnI44mWYO+zXBbwTPnDs3/8/T9Pg4kG4zwtgnIqgwp4tB7Tn25aJ6IIYjkGsomDkUz0/DQMwFoPYIZEM/C1SksdWFJuPR/kgx6/znG/ykUGjy8ymSTvSzB8DLWZ+b94+VLn2Vp3v07jxr1hcJ1GZ8HJ8oqt9/RVS/oFU6KlxWV6WRXADmTesY5n65Phwy0zvANztbWO/s55S1+u0n2IXizaJL+7GTwTUSSBbYBAIBbhDn0YSAWnNg9GiyBKVHSDl4hgpD/B4YxVJOieha7ygIcQaSThpk8yqkq+1hz44Pc8hnFgIpoGdE64cirKIJdjOPEp8oX2BODJFaqBwQncOxM8g3QRZGJB94P0OqUvWgwmxGfBzfS4uQIOJEDPRA1e3cpkccf8eaTmLOCSp8HJBTwJvwuALzWvCIDjjuRUJGM7DzBDRar+JBdAGJBXJV2E9QIkciISZHWqXOBLBPOpiqb4IJhK2cV0di7dLE/ZG92tFh8/E5M7uTylBckl/WqpBb+ailtJ6wzayFTnuIgoLJTPGpd26Sy4HtPdsd7j4Up1ydMtKthgN1+iBeXmg1etIC4iv2AGr8VXEaW2CRDXayYWdAXKWzwS9iz0kAiPvkOJsAMZsAZZfADihcUvFTA93niQ5GOdgAgvnq6/YY93abOk1Yy/Vclt4l7nB/vbdWy/uzBv5274FvZ91G/3R1rfoJOc1Dy4AZ1uZBqlYgYM7P9OpaDo0/Rs8jGefCrwJxj8DZpH5kr4+KvgT+f+kK/JkOIBl/THLbwEEtMrVBIVeaR78IMnWyavToq6+Oopakc84MuF/BoPeT4B7jIRJRgIr0QpNn7gF8jzYCYF2ILokw04LoKqpm5ahDD4Vo28Le/UvxcbWGw7XVijScI84iqC4VEFKOxqkqakULS43VepUUGCOSgKfAFdQ1pFUehI0XVz0PmdFtWDV/w08IpvnldkGZh56GMPfhXz3R4oyxVAnUZXj8xTMpZEEgZjCcYi/lGUQJEhkvitSoE8E3YSJToC4ykRczDz8ipBaw+IvDIB15DsAGQx5kudL4JJpWK2TmOVywitwIIHY08VKtEwZi7/VsHv+AlmVq9Gi1mR8i4FHCZU4RbIHYJM5hQiQhOyStHabVkf65+k58NJ+uZPEtt5fwI//QOYclt47OgsyVmW6IWULAwiGDcXEdB/gW4JZxizuwF2yX0zBdsjEyqmw+iR/RiHAtoH2p4ptDnlDD+iCVrwM9DW9E9GDyp/MVD5t07lLyRodG+kKCvQSg6oWaK3Y2ymYT1we48Y7FbZewuCDOULSp73elzORS5ZiYsSUN7UWAGrERTfAYITuDZ4PukKvHQmYhmIW6ESK9A2UPFeDkf2Wz+yL3U6VjE6nkHduU45qwXUpv0IKFU/kEnTBBhIjdqG13sdT4gqokQXX+DoXu+VT0HV5CcVVn/Ue3/ZdzJSmVoRwN01dz7tVITDmjHB1+j/Ys4V+ZSJj9RVEoNxmqPHfRGMJF4BLIWCw42LfaqyT4SrVR5Vs4KCOsUZMsZVtI/0GWvJljAYGkkFvHKJVN1SBpFIXQSL40IKSTuWmUxxeJhtLG9lojOMyi7qO3+mmAZcTGxnXOF7TcAUSZFA6vHhFoGLlseGVtAk11XZeGuMeehRoiZs9fyMS3ZydQrrFAFXB32ugh8jGCbX1WQKr7Z5zGNTEiDOj/LYvdpZ8OF4RXPoBHMY2PRdEwBEim854kgqDx6vXiu96gAzWTlzhpYXTpn9guzzlfeur/68GtSfb1798WnkcBYLS41Up/cMmybfeAXWO6jpJDOaYezawK5D43QLzCSRUcn30HXWNlApiD74McbkBDfa+0VRyhnb7mUOMwG7Hu8ul8TDN8OVn7Fs9ze2U6C3+G8YSBS8asxe8TZ3noNGMpGpzOmrkShoIcnxhz/VeSWgboAEj4NxrkECNKbRg7W8HljL0bAWc8b25z7H9KKqhCcX/OSw/iaF9db5DXxFLCjH3xJd1ZGiMKDfS+s7B8WVv0YOgd7wjBOc5pRhaFKYMnMs/LSncBOHwpuB7L91sm9ougf0AX6r4qv7ve5RzAt1garw8iWNOaFSOveow1Lsa0VIHY+w0wdO5NnkLOThZiKtRMIX7JJN6RTrBoKpTLJgrBJZ9MhOvrg/8Ia98oYDZbVvlRt9xkI/FvZ0/Jb+XI7usdJdWAaW2QgIO45TjGMUQTvQikxwplNVwnORvcGQmU7JwMEUgpgj++Mx5gAAy2y4CLpTaU7YgMCrC1XKQFelmBjuSjZYIaOKUpDdA07DoL4Jg1ONQFkPHngx8MBvXT+6TktJNjpI3OBtjrozkMo7XIY9mggZ6OugxtPqN0i6KgnqISCUBSTcSGcLviyEL3NMijGfylzEEv31/vkgB37zEjwQuSzdl3g1lWhQ9KNQM5UIylvLcgXnIl9QKry/TJldJjtfMM1VwWVhcG2V1p9PrYcb/eOo/YA5k8QwEz2R9DxKZ/PyGsjOoRwIr2wEiyAnGtajx9ncdpnwcDb3fja5KumD3Klm4J1ETzs3FVFAw7MgkekEiBSEbMRxfJVycUudidO4qweRbrumeSDSemcTuOsdRvyADb0FleBFLsXN+R7J922ubkW0CN5qIJPFoNx+K8ptc9+CE1Afcw4bY2YrOtZAwW3NegpTzcGaBllLlSL5dfyIS8A7jvKGr/Dw0dVLc5Yr+yUWXyayvayI6FE8PT+fz+dLzMjNdMW0H68z7U0n1kVSa8zpyeGW8kzp84wJ4l62fJDbk9/q6cCi+wKrALB0cAQCZ4bsjHSsmbZBjaBUM86Ahn97iJ6tgRwMoudQ+pHVOn4Fnd1ECA4oZVBfT+qZ+HFNMt89nInjcgbXyZ8NFbFVXe/7HID0R1hvP17yj/Q4wNuGhxgO8MEOMBHIQY8uyBSMlANtOuwHjCRygIB+M8S9YBwKL4xBMDBBHRDpyCl06YSd4DEuMtsR7/hmWMOztk9RxDFIa8HOmApMRVO2hF4PWeoeB33bVf/DQT/UQT+keB6MwF4ynfgZwleDlOZ0sCNWXDjx2c9P+5mSlekb4F06L+/CBjNJbw9OfT+yvbyQBANUTj/nNuuj+2wbV2NgiftniYbSDsgSkRrr+KVVYLzaKyRZPfooI8ztjykOMWMcPJe9OVqwouQBTH3umE9yMVsRt//irXMz96yvdeazT67z3qbBIaROlTPimERwxNEaznXMJrW0g1tp8kdNzi4yoFTOvXLDHJTOKRaZWPVr2Xn3rbPxmbiRNh0Wa1YadYQKHhgZSjDRPmT2S2FvB9Fm1rYHN942DM2AcrQtDNW1ohS1orNhrfjFgC3SEsddaFQXnWhUV/c/3v8zSTaCo7roy2GYKNRG7on92y5nwWvE8GhGZFVhIEFMvjPyM7SoR5TfA9xZ5wZOp9RhF8Ig2d+EvUP1eiBkSueJ6EDtW/Lita6ZK8rwTstcJ0GVJoi80GEpbFXIN1dEfsIlK4DvEx6LEXHCOiOjhinTOf0Roh9msMXSVLesvnnzUPeAmtLiEb0TOvnkfi6ctvW0znXZxdeW3HmGkNuku3saPScSGnRaoGjK064RWWagdBJEEKUltQujj0xtBL2fNGLP3hGcnzUHQyik+jf5CbTrQt2aj1STNpbU54G/2WhNtsUIC6rOk2khcUJf3QIzg4ir3PrM64QmXHULznNkZOWiYShICEqAS9zREFlKBybUO3YweRhIdEpHiCyN4pTrmSimyLY3IhzpPK4Pqgen6wdDe0inAe1oY4dSX6XyUH6fQR4M8uCwC2zmtlIisAsr1vMUC819R2OgU0mp320vTVf1OHvzHfSbvbLQCULrY2p1g/oNumPSxXCNZ//qlHxMAeLDikJTbYeXxAATU8sOJP+BYJZgPUcYjER0U2VUpiryaKpuMZ28Aqut6OVwGJCu9sWuD1s/OvDsgWd/3Tyb2l9gXRqspcWBmukYfSceuJDlscmC2z+sw0cbJ88yU1B+I52mWB4HXzawoOlYiFrB7ujr1IPDDmA6a7h0LztduhdjPfqplBu5dC937NL9gLBl994SbNmvTNqHcOx+8PUEzG62KDAuHKttK56ZgKOjsBzegWVatAtqE3SrYiqW56vhmgN0I9stC2oAhXaGqREDD9iRt0RoJMexYng8xB0ABYvc1ILyNtSSr3s/eId7Jj9COTwLXtguVb566oEBUYMXm8g40lUaW99FMUXlwjHrBasXi7pqseuFzF4QHGJRspedNBHpVN0OT7yFa26HYYPn6YLkR8r468EoJ2hzH4SqrpbsdLKgjgQ/L891l0vPMZak0NiSjKe89NI95NGAwLQ3B00r4WtQ+r82gcBcyUgC5z/1cWaqQkyWu3reKkEMwt4hZ0IlwYn5+L+6NnofCaArqEDp0zD4q05jUA/+8fd/C97kCv+kmqefnt6/L2b09UP4M5sFrz+ENZs1Fg8HLbe6+VuWTl9h4isi8sYijwM9oq9i2x4xmOoEd6DAVrXyM51qt5UkuD9exLrC+gJpwEZbw0C66s55+TNdFNPHGxlIVzs2kED0eI05DiD7jkxWoXGHam3RWNfavKtxtJVrZkLRQxRUHoD2CqzyUXV02ZyUkpOjbE4NPFKhqNsLavnwE+GheiuzPs+63DZm25Co2acd5YNOZngpy58us/sbMcMHmzHDtRoTFGWuojrq/s5SIuIRqT6uxMsBJWtfppu/awcQXa8/Ue9jUVjAgjo1kVtUGSDsZh87zxFjWiRzHDQnBp/AHGXo5AVhOrt+Vy3RceQJNX4DAxipER9oxny/wwUg1cFaxF5pMhPJ7g7DHShD3W9j6dUAvgpMRLZgbaMK7q5OufjuyDez0SkL3dVgYbrOp9xc5lZpuLjRwc5P78IRmvrgz1SEyJ1lbk0Ne6wK4jQ4voOCrNVPGU1TeJWJwp6VftXQDF57Gw3Lur0q39DmwKI+RG6M8OTA0tOJSiUmwsfYySZTCTXtLERRyBlFlBusWgDPn2XkycN2S5i5b8ruqjySVFUX+iV2IQMIwnFKCGkA5FkV4Z6EAZxsUYTBTarn96Z6zjkkyUTDhk5nBbq/5K1ISwuz/B0cG9iZR6ccbV6E3C8ioY6scE0EnKQ07Q8E9lNlIHnXKuGY1+huQQnfnDxGgkYMJWILPtYlqB+233UiRjIpDMjS97laPbT8AW9zX1p+O773c/A8inQFDzjrEja7paK6VLpoeCuoEbQSvuNCRH4St/2EYfzOoGXOQVgLKID1SejQx3reEmU48Plmm1yKgrYHQpvCdpVODJSt/RQ6jdG0zIUhde7Mi+/coACdjKK2ERlgCERnevHwzvFSmr/nWFMn0q6fvLT+s+B5Qfaa1akYJ5hzTXEvcBM8c5A8YdwUbLyg4eOZSs0dwLuxWQL6U4iiMtBAQMTFywmuR7p7VAVRYVXjkb0gnNj987FcjvG0NygSu+agKoWB5SR05Ea8yZIb4TPGEpt2AclnrEqA5nVWkzFmCMJzUoNcD+fNJG1Ssg45e72H+o0t3RCGTxXIZUEjLqfjCiYEBFDlpPC5ILi0n2jw5klCjzLm/zC+At0bUdIInWrl9+tbxdXxbNlhUD23ha+k1zcTEZk4fVQs6vrZbpE5XgIJXD7SJodyeSpWqtwqdgHhO2t8sYCZkC096poZV/fCAJ7A2GV4kaQaTMA+H1s7TRkD3UvabGX1gDbaQwUb0KT3liNjHQl76K7elS5pMvla7gsqEAFWUUonhi0Yk5muc3AAL1GTlNMIM7Tt4UBU6YrsYack1GfZDcRuN3xiICYCy1VIZ+u43YEAYte/Ls9wV4TPY0Wc9QI3h15qHo5V+xhCY9WF1usTes6glmfCGMioqswMOB/7oMBMFjklAeKArgsBJ1AuLfDS0vY4rwME777O62vbKe8AUZG7ZKkeWUmKJO1L1tLvmOu3BUWC9Br/oc0TgXRH34Xze6dSmhRhUyzApByxft04Bkdv4tQ8C3uoIOzUVOQx8zPXdLGo7SCufUPXo4WpMk0a8Tu38MyD5nJkx1hfZyL3p3NEG+3LDXx02rxh+EuqG2Y1F0XF2nQsE0wsA4nmkhUjURV139yxUEmVS5vK3Fqz9VnutkGThwyIPhkQDzszIMrFx2hebpQA8XBnCRAbdgq+HMB69yXTTbnFISW6AZ4yRZhHxrgbdaQgFTOJzb+WSkpVDuaDjljbzvVCJOXi3hjU9zAYV0myuJcJFbsyyhOXo81kBSpKXQB6ih9B0QbpCguM0tjWqpJCnyXoyjX5gaFfeGlDYKuCXujIoX6A6GZRo6r0dCtuNg6SZz7VCdsDKTkpQxuVto6CmYyVMCFlHgZtgBnY8DougpNUzyk4mXLsqCRUy1uZgEYRn3IVfLMCiNNc2LVjVUCTi98GWef0DtPwHH+0ET78u9Ub3WQPoDFFudx2aJGKZPEnNZXD6oD9u9jKXKYxK7HwLeyqTPnVHpzanpDLc6V0fu4HCUYcoROM20vz8BRtOFzHNjY9bTpvAvVdkHPXRTL0emxb242pZFylEddagYZmEBAe+djGFdfSLVV3NRsH9RAaA5zxvoTGS01dDE1gAo/LAeTHkQkKdkjRunqHt8Vi6Rc+Pr6Hu90c28ENkrudz6Ph+FTeBZt2K3KlKzjbiFFYfnF+zle6qHWUh7rkJsTeC88PULv+mk1wW9LARFvrFXcFxGRZYUVoRhWhtGsl+RFLrZPi9Cjp1NAm91EN65ijoV8iuHOd18pFi4pbYpxRG7AkGJeeq4IxnFPBfukc63bBRuUOqh9heyJ4iaCOiwoDZUpB1yQY6XhxdItOblrWdDi+5nAvQKqDpkMeZGobheu6f6WE4Dh4zzFBLdGFcTM0952SDdh9naPfIa9dEwWQknN2exvO+/yzQ9zGzKJxHd4JLcsDoY9aRCNDunOo0D7kjon2UDq2jdo9KB2rlI4XBHp1iIz8aw726hxEA3qII13lzLUw58YCfh1dgbTRGAqCG7sHS790Tn4GO3OOKa1H9+4r/K1mSQiEzUTT8TI/RQvsG+tmrevwOAJm1tG6XzdlOQNO/L5Yzt56D3e4w9A0lgaVbNksxrQHhfkmxTJgexsTBQZzjoIeZLZtqPHByd/Hyf+ou+Y7Xjy6vZlt5OV/tCMv/10dwn+fpzIvpirrQXcDiPD3CXF//XZwIn1xtAF1EhiXQwEEETD/bopUGpnXrJ+13DiN7qJJAop9KcljUYkEBCxmLZSL4B0eVwqjoz5XFDpSNILzUMOD5UTjICswXHqf2L2f1W/plDL83IfjI+Lrt6i/mUw4dlmgQ43FRSLmnre3Wex9FvymCb+RZCsHAQvb8+34FonSHk0MM2+BNrL/tTvXMdaS7bOpMDVquX+0j7PEEdZLMoKA9bKSXxCWzWSL2kWgeHsXimUPXW1AEN9byM13FhxAUarz6edYfIb1FrhSYVCqMpEePrMsSg75x/aANf0cd7GuVqxr+dgf11k9OvVzJcPtooQvZlPB+nxqwOHeF596I2WMfs5DuOk97/RE3cqjyyUbm7XFQOuMGvFSGnpRTSbYGQTrgCOdRjJ3GdJHtgBrWH1LFh8iPbim6yZADcSBdct7Ad882IFAsylcciuDPasmaXF8wrSfTvLGHSX88shWQiHchpR+7b19X9ddw4BAh1j3ZbMw6bDkNfpZD0Ng28DiQ7Bgj82rf88MKL6Pbd+/28nlAOa7Ly3rF9ulfnCZfymz1G30XExw4z5tt0Il5HLzM/xs5jOXrdrc59qvjAJn4nfatMXDVgfZe4uQg7UgQA2kBaGAiysT05UAhBM35pA2m9gv3DfSi4rUul6nruP8FE1Fykj9MRqW9nzWrUnMlR3D4DZ2fW0SPKkO0XSN6hyWUCBq52yLUmiIozsyzsw3IByE5NHqozDuXtc1sqTg8Mx21SbNYkUwKMQ6M9nnusLUFuT1YlwBMmL2fmjhCB4ZuYoCLb1cstEcyzgExoRfgaVcqrEyX/gF3esrPVfbRgMflJ6v1QXu+5dIYjm45BWypahDxkd2pGpHTO1xO8ryTconLwoDjQwat57TfnapDDb5wqkOeAdD4rUCG176u/V+k5/CtQzmHHVQnLqec+xEdXT60h3gDXURQthqeMp4DrKN/scUBEOBACEIIcRVNVQ2WqzUlqki16PNu4E2HNBjKie6VFxbhtOlGE1hgW8NPNHLaofM+Jn/2qamo5PVujm743GXWt9DwA+NF/Yl4K8dD6T+GIdwbhxhlpGrgfQhzzohzDwZZKRMp0Mw+OBZ5nXRd8PGH8laxCEeLCE0eQCxq616CxSt8oNaipZRcDX712Ypdiwx6V/HRrs1wXSBT5IgWklJR6dGRCJFNWJSCUqJkBYKFKRzBTRg3JUq8RGxjmwJHC87JGto4Fx8jZwhwm4/HiQK0MmsDvy5rz0/JlUIVWlM4C+x8lAeqTBbpoXRSj0/N1fR7r+lqbWuqPS7S8ej1yemQW78leaac++PCa6mYX85JTLSOWvH9NLHepycOoBCGpYtTZEsIszPYrf2t5st8KyHqr+X7gvfa+C6q8rtcWeV20V5NX1YjDeqcnvcl4LWDqm9bIJuH6BLxGtsJGBwRorgnYxUprDAk0F8S2R2HjIE3BiJiuOQHr7wK/Y4GE3Kf6ngugY44bwYVDeMi/NEurZ0XajDS9mZpwzxdVslE2IfKGNMnJVbUDgAylVTYGOsrrXxoIqzzNr5yJtNNJFKqleMFYgxIomNEcxsIUUOZoZGX57Nk/OwIFDoSZAtJzoPl55R5oI6o4GUxOQ7FByFDhKN7pHi7tehgt5SlVWJocvGSAazuVnjcRoGxkdUj7hLP0trtmUbpwPefuQWqqsDYQ8+u22I9SFbaI/ZQm+kib2/5RSyHvu+bajuz+/71+9X274rbQ+eui+ggW1jB3du++VXv+2bbNKmikML/D8Txxfih9cCIaqKrEJtZCzZsxnlasTKCV5gDb/fc/TrBeyP1HlMkHjO4AM9YVawFgBXrCjw3RFb3btKyaW1R0YM5ALhjDCT+kzJel6WFvyaT/hbZZUygjW1PyBrYx5XMroY5vFZbDJFqh1RUfBBcjNJ+CW9F1U5tlvGnsty3rgkDKoMlKqr+0EsFtS/JssVJyEhRfoFrScM7GI8vIUBcMFG9slpMwdhJBMlb23HniPbxCno0yOVJHB860hlSt4YbjpXhxvgD45rREe3Cqk2GMiwxWnwiMnHGDPknQJdHG2YmJqwcFR2jPYyrR23foWfCAaIwJnVsk94969BJyjPdW4SBeEIzvA4giEm48MmBFIlOOdqfG2eXCB0qW65IWD8EYjctiphFy3C0qFphinLxZQ6PZN9ljOWwLY9dltddXQ9fHVnLXJakklhjSX6Wnqqt3vpXDCot/7O/ZEmhGjuuvGgu4byOtmd3dD7Qlv5hPLcUxlJ2ivQGqulBIAtvkHvPvdXSyyfWf24nXiu0lsNL3kW/JFSqwDv1cSMg6WYWVxU3CUc/WUgKVLSfVnrwUEvzh7+T3TQIZI86MPGTaer0mHgj0SC94RG6QE95ZOaVTPzkCb+atM/ZCDrEC4SFzrRc9qNpGI4AfkJw0zcKT5y+OKhaem0MClPuKNqRj0EStbV4R0cErCLFh9zdtz6vGgAxN9X5tIH8ekA1ttZ8DuFaEk5HMsYS8K4/wUqfdhxi1TmGRwUnB+2d9Cmb/23ejieeYo/ezNGoEUGHP/4hDH5uMIqrtArvWrAg1sLrw2Z37/c8Wrb0M+DF3uPXmwy3JFGPtQypMfeDxi8e2OtsD+7tEU4zFiSH2fchs6ljs9cNxQ5A9s10mnoYmx2N3RNVzFIiTKmvJQ6HvKwnLkFqlqpEqfLGK11yTPZmNf+3JK7Xn7yQK5/7rYNSjycu7s23urWGOd+qdNbmSo8CAdQdK7H7JInIybVDZPEnrldkinHDMJAKlIpOAkDzRJ3bNtH1FZ4cEbGCv/vPEdjKfX8wNRoAJ9xFvx2x8NaVm2AsD+BKtltioQjP8kIrb/QKEGkI4JNNqsI7NSgi5MV1zSiOl5jhi5I9HmP4GWiKaU6SPoJONNIgiXX4wQP8M6HOsEvePfgr+u00Amc5p1i2q86yq/XPkJ4gtrem1r40om64wDxE0KbqKobT2WCxqJ+WhQKonzm2aazIKygOQaMvS8ycnCg14KquODGEzVuXNi65pTmw78h/+I5uaJ6vKRxOyoAyjEPHIVdw9SLj9+bWpEcZSCvJg5COoM5EOjC0l4Bp8V15JWoXUSwwyvoxJmRNjFa8MpnQBk6RqqpA22WRlwb+0P0faS49DKD9g3ZwePfa0nvhP/Wn68/GpazsZyrEzmPmi81z6MvoT7DhcIGkxmrRDKeI+pw+CkOxERgfkKABRkCOFOpnDC/1QnYjYI7m6Hz334cifQmr7Iyol+yKi8qLAwzCbK2d6SV/wgzHlKdhAE0kjd15YQwvXITgxroFEKSX/DTWJW2CxYHJXXOr0CBCSzmwyRaDFnWzWxCG7nQKi1tIAbzYWEhsN2xCXua+3B1YAn5nQWGL1DtRwrbPweu5QvVURO36KH4DljZLcW3qyDgSWdBwIP46oGePNmoIOBJX7bQU8t+Tccd6cLTtw+hVn/KlAWP+JxRR/4nUcGeCupVmjRMy4S7a97KVsZcGIxATWrH3AJMQEla1/ITDOiBCdt1TelzrH2XqR9uOdaZxJ4R6WpW3dyCs+CPzHohe+x3lzFj0VLZI2l6x9dw28cHA+Xr/FxwsbxKraB6B027c9I0ZKmY5u5NUIVXgympka1siuVcor6AgbqSdAxGUedWICTlD3pesBAE7emvsOjV2c45p0Q23XSwFc6C0xEmaZLVTQ442z122aXvhYVanjiig5G0XR8bPgdCTxEzQUmkuaLkPAMfeMi9E0VgQWPg5b627XNrTdVYzUOzHApB9YuM4R6614D/v/Naky5t7qdObe6yeCIX+mIjbe6nHWtzb3VR3vMdp7+PEjVhNNcDVHyStGeM07Wl/dH14uU8D7ZI4Y9WS/EpkPtUJseosXgAxJ7ugiKG4AdznaoIuHqZg8wDI51NZOO/BLIwDuOz4DklD5JLmX89OhIBbYmtEwO1pvnUUh50yDhqjNIIa5j7JQXcksivqnAK3lJIoCMUtpSNhLVVCK9UJYmLAHqR/VYJUpWxAhh7uBrUCgcWB/cOMw44Z7+Z2lhDIOcO0iw2QdLGlIltmEIXq5/unYvRm48bVg0HRZ8GJxenx0aKnuWLiCpNlBXKMqb8XFRs4lvSaixWz0oe/zORyMnlqQ0FoQ/RSwu+++5OGj2yRSdrFmukqPMNV3zNZWzsvLsPYaGPsoBKGUKj3CRkRyJNMc5hErUF8ggqEzElbjbLybpkiajqCjaLxmBREwrOz+6KSNEJKCpYZNMErIfy8jS4CIPLs+eHNJbCIPzaLKTLs1/C4CoMHoTBwzB4HAY/nb3C/71Gc3yXgaY4uLj/j7//28VVD2Nr6AVzSEidi/vdmDqP4+zJbbWR0XVxfzOraw36+hfuIGATIwmcRqhZL4DWoe3MvjKK/srJY/Wm7ZL1nPl4R7kkbpgad7VpPFE0nW8oxlmnbEkklxUXV8nCpcbRSGAbYLTRfGpi9IwUJxiKWp/GqHYkySazwVl2xuOQdTLPXW6rn0mTSzUGYKY6V386ySgy1OXRkiNQ5xoxicf0wHgUwQmlpmuKwy4w00Cdz7zXgsKoYPVRNN5om63VMajKrXcwSufV6eqR8YJNhg5iTRryrdIJR9DR5JmTLoFv/bHKVdF2Mm+Vtri/mfX4m9QaClPHyqk1tblSEwDQGxtkimxNYV3M1Ija/6WuRhyBvhWvz84eDA0lWuxsPU3c7G3N0er9vqPqctfqez8Gu0L7M/x2aPa1hZr6lWKk7hpf5dYP44UCPbiPWswc2eqQ4WYbOTX8TFRHPdGapeRc56Ahpom6kQYrtPZQ0G2mOSuBBhq31gtZCjDMGWb0lB9locYNPo/zrRnAvZUQPd62NLq/9mCyA6j/nnTGzyBSWda2xGl2T+5uDncwhSM74DXnci+v52mx3Jvd5SHiL6BmyqLA3EKbJRKa1JHQJfY5ZdB0y6HVswru0dXie411m9Goz1busfLfagdk2gi6diqtXkFYKChnWSJMXk5Lx3bJD66yED7ALovToEhESlUTMfCumQxhA0cyCU3KqDBcnjkHPDnL1a2IQLHPqhFsNWV7aIsDbjMebdZQQ0FmTNefqfhhdBpEAt/l+DbdGizUCoeTcnI5qZLaS7//EDFaaF4tAwLhGdI8svV3YOVI507FIEsYDodqqgitrvC4YWis55XxWtug2fFFjZkTt6B5j+wduUevTjHhvNkZxPDQYyd/fH+Y0lSNVEnE/R28N7ypQzw06Ihw+Jklu1iSDxg+r33Luo2u3cNU2EtTgMFUgN1Y5f3v88hiBqbkS5EVX0Z1rxnt3ha7UN87Gfsk1YCXJZXsvXHHXtwPTlbGNU43zL0x8/Vfz1+6HZ/eLa0q1xlh+T5pjaaRAKmjKMKbC7yEvb8pbzuKpas7rlrVJ2wrOc8nYBNw1hPbcHXPbe31NmYFwWDkcfFHbMiTkdjsXlgkqQqk7MLbmbCVrdSxd8CLU53eU+kYfWkup8Dvjm4tSDgTCNZbms5VYYCthoqxiOipf6sEfyswcZuMk1KViXmJsSpTJCCT+YYIKxFo41T2hlBXoev87s3NpmUfmMVQjCfSVc6SO5YC8VpDkORiYuD1qEVElmMxDiL7bdyb8GgPALFW/xA0EuIQIEcgqOMZtvf+flfOOQjMIeB0p4GdtqkpbrJTnft9vDGliRjTomlwmJDszDjBcumKfGLJhYE5Yx/zkbYr3+r0LFuPGiEqFLUkw1JezO3cZTT0PUIEctBVGfvYRGjrhtfkyS9M0JTUITd9XzLYZDr/ity7GRX3uoWPF3bpoZBvu3vMoJCvIoxG0GaIPm7Fa4FlDI117U7zP8KXN7q/C7cI05sM+QXqaM1VsXxwhkqQwSEAllEvFgr/o1sj1sUtMiAWHGBT+MXS+jgpw1ASZ22SaqlBz98H1+9DVIOEl5Lue8xEc3hFrS8aF2IZI2jtxU0PVr3/hk/fayrolgfGDb5OYzlLyUjsGV3fS4+nQULDbtTBQtA20+IQ0Iyt6hJUe4+PM7uMTMFoUaTL58AsQTDFDb8GOVJC5L6RlDGZ9IRcho5643lAvg0sF5MGhcHjbnBag/sGl/guRa43E/uBfX2Jb7FLmwNxX+9ykwZqTJkK//1fR0ZJE4UBDHdoYEKzrGzj0xmjkHaBUgaObxk4x6auauUSpZijuViuiVpQruGo3drOF8zi2C8pyzLx/Ir1Wl0dXVqeUeQKQuFC+KtIrkoAX2OJMKOk7p0lFnXL4AU5M2RRmmy+B0e3kpwpYGMLVA9sF2nvgpNbOekKMcUot5QMnRX7Sjt3dCZh3dHZKA2EQIcbwn2PiVytodOQkE30ZJOEdnTrQ1F+CmqozOTJ+oe8eapLqjDR89R20jH5YEBBQGXwObHYdXhNNNXUOY6r5pv5QwQ7RNbeShbsP7qHXbCX5liDXeDbBS0j7vD2gTITOra8K2siYLnWgpNsyRxiMCjMlC1smqwAUspTyUDw1KsWO3GRd2su8tgD/jyyJVJpzdhdycB//xeuE7D4e3p8L9PRjSx5sYKTOs68tGSnvt4C12Hr1SPM5vucokeeO5YAJx7Q/zKFsWpdUFGFWaxOyWobAzCyhDu7mAuOGCQYjOqUAqd1vSABSJqec9Rnzq9iJG9vjYmBWcx0VafcZxAC7/YesmZofrbnquDDSxq/YLjhjGKEHSt32t0ALLN1Bbdf5MmBx8oJZYX5uS+g3quC6ntBda3BUwm1viTQrkhnC9phL+de+QDlzQR85w9K0SF0/ZZPDXlVGOcPp8ciyUOotM7+NHheYAsPvdwb4YQOHsYM8AoMGYwktRiWIKQYMWQmRdquF/HrvkJbWHtkvNgmDZwCqT33VtWQFtYB12hxnnXjgt0cSC+Jv6aB3TSiJkyaImJ6uj6L23YDuqHXrM/W/B0eC5VgWAz2MILxpJ9v7VUj8qEyvVo9mBsfhd26dH/qIcv20m3uO93o3i15/4oRWSPkHADFEhGQN8dqWHgFf71Ll7qx1hOHs+C5SqyLZH2a20unte+U5so+RGQwNIzAnqekFywVPclPGZXsNcucRkvaTg8K2Eunru+WAlaIF2zYm2ea6uKrLCYcShiqyiaYDVywStfW2ciomusqiQ1m+K2mzA8iqjX10bBOGCGrix/uPdvmBAKfrCJsDuLq9QXn6Bt5SITag8z20hfjuyWzP+5QVJiNjKyWQnxkKvKYdfjC1+ZdDTDsfWlaxZiEVaQJv5ySSgKsseVkUQ+C2AtY99efJ1QTRCfM20UnzNtVHkf5x3QzmLeLvpbU2ukEv7p0YKoN+VWZao9dqkM9KG7biIXfqK9ozbXvlYL/pf6nvvn+z17Xierj4BV73zcms95P79srAj1ApJv/reLGaVRcRV3U8G+q0hKM2CA/EQhEvlhqMFF7oagZIDtp2qDwtS890QVx7LFiTg6f6VSOYNmwnCoM5C0QSUffTMwKBZ1BkatrbCojb2Sippohx0lzsNNzvTZ6nMQBy/F4TqI5fAHcs88D6JXudjvm/Ly6i9C1DlWSoiWlhpNH55UkFLlL4QzfwFi9TpwfvTIVMsalXJxil7sJKFqJLAqvbr3i+GHzt/lUMgYhJx+aihoaCM+j8zuT9Q8XhDCV3HMic8ln7YyUnyJpTAN+VQMITWDRoL5xmwA2K7QPhnZxiZAL5bRo9DXMsF+fKwXlaZ3Ekr1fGMl0L2g76+CLULwz+FjFE9flJTVv16Mb/MMBKnEP3KJT+7zs7uzySKUX+WQz7fNyM+1zQ+b0QhTKkeYLkWMMaG9camUPP4pfoS1VqC50dDb0XT4glz03i/Ec4wpdVTeifDWr9BoleVh8bDi14oBtkujI4rJiwUcXyLslSbzGcE+sUFaFvR2HJsjaMQawLEwClqWoiFjoeCy/JGR/FGWoPu4kBSkxUB8A5zdddGUzgXPkE+2IibZ7J16bBHL4spA1SdEWF6De5a6ECmUkNtW2nVgxF8Ma+/ampe3nYvTEs+qWQDAug5NVVp+Bf9ynWoABOJB+6OLADFonsKznDaZXr7pBD7DCyoJ/UHu+hXvTejHWF1gD7OS+khIs3M/u3QzBF5ZPG+ZruGev89OqobadBpuRZgJlLA124KYoSA+3jYI0VPL10reuOvWtJP00+vOnzdStq505+37hYt0exDVU9O8tL7gVNmzygwPkbLWygymsuTD1GfC5Ob+ubMhG9iL1rVZUT9bV4tf3gu39Xb3wi/yUgY1OPQ/OgmvqF9ACFSkyYPrKuCCAn+tRKUz2rGsC4Xo2w+9mRHYf3DOf/Jws1tjqDC0PwklG0xSBoNBCFyFpiNXoo0Hd+uPs/Zkd3ZYD4LzbIFB03Wu+7nkMtr8qSoNw8jziiaG7URSFjpRgdcoip5q0aAPq5z3cPJfxwfAv7x6kBVZUsbwBeyAWS9REMjii5UJjCd0gKgsRWCktxpIhWbqXC62nHGaRLBgs135C7wpqxhb7DS2pGWriWsb1REz+m8oDDq2JhL7apRrCCLxFYLqDfyA6Qw+4TFGltR3c8bfXoOUCVf0KO+Qy9fADOcZ8WLBXslAT7pn2m32PEA4WuaYaAGIO6dlFAIkefsHCkdQ1T4Rr0Bhh7bpH+96H24YRGOTDKjJ6a5GfDyAKNnIDfL3ZolS9RcuZoA1Z+Gnv2DkmchDs42N7deTmmCHZEGoEZ4dKaGiQ7VKCJMdrEz3Rpr1qfiMpdVlzabRmtuOYhnFZOM4/m1WpS6MyiVCw1HYEXRqT/sgW2NIOIvHDl0lCf5KkupXY47YPdx3QOvbFXVkeInHuVtl+ZpwJtbsWPkzo4Syhf5Pz4F91fkMo9jZLNZfokUXTAPPQSqoFGgP7IsWA+nNlOQans4S9FSDkU1UrB6DDaqC+lP0aKX6igFThUHSvEdDOakTBe8Eayi9ax0XdNtdLlm96HJ+jeWBQSk0YrkvH90LupekBbZwvtzJZWC/0WMZoo1IiUykIbaDKuauBW5uXqM6Bxme/4Hc2LlZUU2fKAdP67h9+Bqo6PGiPozgUyO7rKF6nH6sUrUUZvENU8fFuj+P1OGjkhTDEi3T+viJ4GJz8jsm9aKKcIl0+Dk7gCI0pF0QRCu5puJSRgUpGUWEoJVB5LpGcUPGfCoS2JKNKp7L0k0YcdDqI4L9VFObRZHaDLWmDPojdyzOs8/fAjMPGJvAFWkGNl6Hu69TQmrvncVPzutc3RovbOHdYRFXaJhpwLxq1hP4r5Q18dpvjcg/pAro7p/3Cm4ydLO0DKXbNE+9x6IZKwf0curva8L0BRom7/LwoqhzdU/trLcquAtMU1O8JSiRlQWEZpZxy6y3WK7btQTRHSmgw8xeRD2qYyza6CjpurA/BtVlrpnKbdt0jmUrK0CKfDvfcWcac3yQItZeysYHe0Xzwy7CxK/2OhUzayhKqS1fJm8bNay0xdTtIOUQvkVXX/VqtSoWSqEw42ymXEcGCcFF5J6xBD5rcS4XbQJNIkwU69XCzD+ntdzjQNJu2Cg+jAw+mXgZkiPhNhq21slWLfqsHEb0dX53HoBMxqe6PAGdXIg4dpvxpRPGG/cAioi5D0rbFrjIsdyd/DIHOGlPICC6bpuKlVtaRaFDUsKegzg3nICrowy/2Up048AvYjfecLbSHPIprA4hwR/4b+fRyB5/gXasKammYKFCvFJa8maz5KvV6trN4A1otO8YmIQfGCsbZ0CAZI3x/D5LcS7nkQJKwG7/p4F8Eaui7pcfuSo6SUF8psXkqbjm7G+bCbNSoVqOFSbWWecSeqhMWaWJh46XmN/SAnfq3dmllPYhwL8WUAxFinRHowmDfuU3aqzv3pBl8f8uNW4O3OlHRwgl101PEBH9PSeqDAl9hTTHRIL+CcMMSbGiFoWRJeKPOh1Nf0pTqXP5g7AvU1GzwfoYKRQ5nSHNDI7qPoj7OocOx/Nw1OKKiZAnKXez1Q+rKbq1bpBQGj4Yw8kOCy8lB5wG9Bt4iS4xJg1nSSWkQDLEwwaXQbnLC9lKdOpwwVNVhZ+K9Hy20THSakJNU4AzY2yJId0aKRFWVoyiwnlNHlLZbGp9JguOkdG4cgr/bkKUPxan7Irh2zso7UBRzRcUL70g6H8Bi9rO2kJ7+8ff/wKg3Kg+C0+WqkjJ/Td4S9fgw/kfkdXiPhe4CMn7wJHh59ubs3Vnw3//v8uzi/kXLr6+8/uOq6MzkqatWKbzHsb1cUn5VE0gWS8PIh4/HiSNiRssxUbgji8qv2aKO27MQADrLr7rmQnLiRG71QJPiF3Y0lmeI0cZ+Xj4+e3x5/wI7E+hqMu368UHY2VfzFUaOSivgX3ko4pzGVm92wU3eL5uPvrg8u7y4XB67fjOiol0yco9CzaoZprz0Bj1471COvDebjvsOAfXtnNU+s9VLJn3WnsTObAKK4TimBdy3E5MRuS7SvuFrRQRfN/t3XJAJyCqy9X2dWj3U5FG8Lwnu54VIb7DtH2jyLzVozCd4yX66fsDjdusZ/c/TRuwNeKE9rCYOx/hFJhsYA2GL2lTG381eNGLJoh7E7qGkpfOTlPkXuyFXjx6epBRmb27J+rzh0VB8vC/e8E6anO+p2qnjvpngQwqXVxzpSRAqF6QKS5RtDYpWXvZ+Ig0KgUFkQxxrouxUTPADkh5ieuiFlVWcxZ3KZMkscU1cI/I/sdN+IlPsiIxPNpkjZO1+1MCkAkzFqigCXa9eZ7Ho+iQ/lC+ug8z0oBuZ6WF6U6WXmxVrPeirw/b3qH4g5OO3RMQvKIQDFgYWM+z8xKELKsekowb68sifQ0cF8vpUu+3SxW+eandIRujIO4SZ/JyzRwmQrlOPm4Flynlvn7U6QR+crUAb+GKCN04ksgvXmcc+zVfrVkU3saIsLWpWlrKlSdFekxnFjgLzQVqxRZVACIX+eUSHXS6x8rOMk8U9TFSZpFib9LUtOKYHK+mgFJ1ljZ0FpYPjCmKxKAyoNEOxc+i+sQOw5mRh53KiipK+QpQgsE3UWEnUOVQSnOQSNIKU/TJZadt9ybgH5s6joVZ3X9z0DWVr/VV8lKDGHYCnHpl3zlUY1HB8FoGPIrN4YDwgXpNzhCaqq7il2saGWDkko6MqMm72APrR18bcyEcsCCefvG8mNXwkF3rb7WG37KP4CrO3XBax68mG+LxBotGkLI7tpFYFRZbdK8sxnETTTAiT0rhse6Zvpa2zEXQLhY3NScYSBi9tsIeAG4qN91eDY+L1h2oYdH10lbd1r1hGOUgczBBX/k8SVUyDRKSTCrMyQHnszrTjTDl/CFV4APGMMzRmzg4mgsKywdCGW9xz7PAkek1WOdhqIBmMXySEo5sx+jxW4hnnLCWZE6MTNm5ZLmWhth5OQcbQlgenOpiLhQl8Fox3lyXY5sl0ffVT5DmDkOfl9XWh6Ck5/I0LGZ38cMetMIj5BQc+9bhjguzMNsZUmVecMAYq+1gjJlSNk5BNc+wnA8+xic01OtQZPLGTb+H83+YdDImIcPL+T/hpjpCKlw/IwzSFvx8+eWD8S9nkr4JIVGfoWuJLiEfUH5mT1J+R3dSfcPdkDrzxkj6OtS69j5OqpI/ucb9Vsw9wHOCnAg+S435A5XgCDBXj3Uzj/Hr050jHC/rD1uE8+/9QSwMEFAAAAAgA2oSTWtvTDRFUAQAAaQYAABwAAAB3b3JkL19yZWxzL2RvY3VtZW50LnhtbC5yZWxz1ZU/b8IwEMX3foooSybsQFtKKwJLW4mhS0slVuNcEgv/ieyDkG9fqwgSVBoxZGG8F927n97ZznS+VzLYgXXC6CQakjgKQHOTCp0n0ffyfTCJAodMp0waDUlUg4vms7vpJ0iGvscVonSBN9EuCQvE8oVSxwtQzBFTgvZfMmMVQ1/anJaMb1gOdBTHY2rbHuHszDNYpEloF+kkDJZ1Cdd4mywTHF4N3yrQeGEELbyTlUJvvCmzOeDB1nnfqqpIJiwUdWqZRiIMLa3YMV4PSiMFr48tHyb1NG97BKuZDOll7Ps+sR3WElzDfKiJ9/lv/NNtpjbqE1tv1RqsP8cN9knqym7YJwTfOjRq5aedIAhpVCoQ1LCLZnybm3zsE7uC9Rcg+r21LkFL7Nxm3CcJ+l5oGH7Lg9i5xIdeX4M/UbgrcnjuEyEzGpdsLVtRnKQjBD37Q8x+AFBLAwQUAAAACADahJNaCbf/agcSAACduQAADwAAAHdvcmQvc3R5bGVzLnhtbO1d23LcNhJ9369g6cW7D85o7iNXnJSsS+Sy7CiWvHncwpAYDWMOOUtyLGu/fgHwBrIBDhuExpYrcVVGvPQh0N2ngQZA4udfv24C5wuNEz8KX78Y/nT8wqGhG3l+eP/6xae7y5eLF06SktAjQRTS1y8eafLi11/+8fPDqyR9DGjiMPkwebVxXx+t03T7ajBI3DXdkOSnaEtDdnEVxRuSssP4frAh8efd9qUbbbYk9Zd+4KePg9Hx8ewoh4m7oESrle/S88jdbWiYCvlBTAOGGIXJ2t8mBdpDF7SHKPa2ceTSJGF13gQZ3ob4YQkznACgje/GURKt0p9YZfISCSgmPjwWf22CCmCKAxgBgJlLv+IwFjnGgEnKOL6Hw5mVOL4n4ZgVRgLwdiiI0bgoB//h4hJW4qXeGgdX2GjAZUlK1iRZ1xFXAQ5xIiFmDhZE7mcZk+KUNi0BHzfchhv31dv7MIrJMmBIzCsd5liOAHYyy/IfJ3MWp1CLU9TGEUo/+oVR14vcc7oiuyBN+GF8E+eH+ZH4uYzCNHEeXpHE9f3XR6exT5j9Hl5RkqSniU+kU+vTMJFvcZPiYMChAhLes7NfCNMoDV9+uq3DlKeWvsdQSPzy9pQLDvKyDJol3DaP+M+D70UPZ6zMcRQUDzvOnp9sieuLIiwpswxT3nB0zB9IVimNsyNxox8yFb5a+XGSXvss2h3Niyt/uQXmMkrXeem2eenk8gyAdllgYmHqNouW7CpdXTO/oN5tyi7wMmYnP729if0oZhHx9dHJSX7ylm78K9/zaCjdGK59j/65puGnhHrV+T8uhdPlJ9xoF7K/x/OZsHiQeBdfXbrlMZJdDcmGPfoDFxAG2/nVw4X4fwuwYW5ClfyaEt5OOMMmxAkaYsQlEqm2asxdo+5D9IPGh3rQ5FAPmh7qQbNDPWh+qActDvWgk6d+EItcLOYP1Y8BqPtwNGxE42jIhsbRcAmNo6EKGkfDBDSOxtHROBo/RuNo3BSBk0auzgslZx9rvL0dd38bYYa7v0kww93fApjh7g/4Zrj747sZ7v5wboa7P3qb4e4P1njcrKvlvGU0C9PeLFtFURpGKXVS+rU/GgkZlsie7eDxRo/GVippASaLbHlD3BvNJeJ4v4dM+7XnKU/ynGjlrPz7XUyT3gWn4RcaRFvqEM9jeBYBY5ruYo1GTHw6pisa09ClNh3bHmjAEkMn3G2WFnxzS+6tYdHQs6y+AtFKUCgdmuzSNSeJb8GpN8SNIwt9FmItPlz7SX9dcRDnzS4IqCWsD3ZcTGD1zw0ETP/UQMD0zwwETP/EQLKZLRXlaJY0laNZUliOZklvmX/a0luOZklvOZolveVo/fV256cBbfY6ht3H7s6CKLER8G79+5CwDkD/5iYfM3VuSEzuY7JdO3wEem9PC/2cN5H36NzZaNNKJFv9euEifAzbD3f9FVpDs0WuEs8SvUo8SwQr8fpT7D3rJvMO2pWdfOZ2t0yVpO2eFdySYJd1aPuzjaT9PawiwCWfM7FFAzWsBQ/+wLuzV5a6elUp+xeswupPq2ZUslq8HNJCKfnkqJ0wfPW4pTFLyz73RrqMgiB6oJ49xNs0jjJfkyk/GnWm/MVmuyaJnwCI7k19sVLCeU+2vSt0ExA/tGO3i5cb4geOvR7E1d37a+cu2vI0kyvGDuCbKE2jjTXMfCTwn3/S5b/sFPCUJcHho6XanloaHhJgZ76FRiZDijxLSKyb6Ye+lTZU4L2jj8uIxJ4dtJuYZmtHUmoJ8ZZstoEtbrG4+MDij4XekMD7N4l9Pi5ki1R3VsCkYcNkt/yLuv1D3YfIsTIy9PsuFeOPoqvbf7a3Bte/m1CD699FENZkzQP3XwuVrcH1r2wNzlZlzwKSJL52CtUYz1Z1Czzb9e2f/OV4URDFq11gT4EFoDUNFoDWVBgFu02Y2KyxwLNYYYFnu74WXUbgWRiSE3i/xb5nzRgCzJYlBJgtMwgwWzYQYFYN0H+FjgTWf5mOBNZ/rU4GZqkLIIHZ8jOrzb+lWR4JzJafCTBbfibAbPmZALPlZ+Nzh65WrBNsr4mRIG35nARpr6EJU7rZRjGJHy1BXgT0nlgYIM3QbuJoxd9aicJsEbeN7uxumdrsbGdwtoz8J11aKxrHslkuCyOiJAiiyNLYWtXgCMn62rV9YndruumfRt8ExKXrKPBorKlTa758m7200Sx+98mSa/9+nTq363K0X4aZHe+VLBL2mtj+B6p0Phu1TjN5/m5TFBS+TDEbdxceAeHJfuGqJ1GTnHaUhM+c7Zesesk1yXlHSfjMRUfJMZBs48M5iT8rHWHe5j9ljqdxvnnrxHwhrHxsmyOVkioXnLd5UY0qzqnr8tkCaJ1unNHLdyOPXh7DIj0Khk56lM680kO0Eewj/eInyjHqPfPf5eoJEPcnnSPnH7soBdPUo+4vdb1lHacwoY4SZ9x94qoWZfR67Bxu9BCd444eonMA0kN0ikRacVRI0qN0jk16iM5BSg+BjlawRcBFKyiPi1ZQ3iRaQRSTaNWjF6CH6Nwd0EOgiQoh0ETt0VPQQ6CICsSNiApR0ESFEGiiQgg0UWEHDEdUKI8jKpQ3ISpEMSEqREETFUKgiQoh0ESFEGiiQgg0UQ379lpxI6JCFDRRIQSaqBACTdRJT6JCeRxRobwJUSGKCVEhCpqoEAJNVAiBJiqEQBMVQqCJCiFQRAXiRkSFKGiiQgg0USEEmqjTnkSF8jiiQnkTokIUE6JCFDRRIQSaqBACTVQIgSYqhEATFUKgiArEjYgKUdBEhRBookIINFFnPYkK5XFEhfImRIUoJkSFKGiiQgg0USEEmqgQAk1UCIEmKoRAERWIGxEVoqCJCiHQRIUQbf6ZT1HqltkP8aOe2hX7iPd8skJ9lF/lro2hdocqSqXH6v4uwpso+uwoXzwcj7uD+MvAj8QQtWZaXcadoyc+fz9rf8Onw2c8ulYlfxdCzJkC8ElXSTCmMmlzeVkSJHmTNk+XJUGvc9IWfWVJ0AxO2oKu4GWxKIU1R0C4LcxIwkONeFu0lsShittitCQINdwWmSVBqOC2eCwJTh0enJvS0456mpXrSwFCmztKCHM9QptbQltpx/Y7G02P0NV6eoSuZtQjoOyphcEbVg+FtrAeyszUkGZYU5sTVY+ANTVEMDI1gDE3NYQyNjWEMjM1DIxYU0MErKnNg7MewcjUAMbc1BDK2NQQyszUsCnDmhoiYE0NEbCm7tkga2HMTQ2hjE0NocxMDTt3WFNDBKypIQLW1BDByNQAxtzUEMrY1BDKzNQgS0abGiJgTQ0RsKaGCEamBjDmpoZQxqaGUG2mFqMo5tmSJI7rhEmCuAZZEsQFZ0nQIFuSpA2zJQnBMFuCtjLLlmSjmWVLsvXMsiXZjGbZErCnWbakNKxZtqS0sFm2pDc1LltSmdqcqGbZksrUuGxJa2pcttRqaly21GpqXLakNzUuW1KZGpctqUxtHpzNsiWtqXHZUqupcdlSq6lx2ZLe1LhsSWVqXLakMjUuW1KZumeDbJYttZoaly21mhqXLelNjcuWVKbGZUsqU+OyJZWpcdmS1tS4bKnV1LhsqdXUuGxJb2pctqQyNS5bUpkaly2pTI3LlrSmxmVLrabGZUutpsZlS++ZiG/hE1C3GxKnjr3vxV2RZJ2S/h8n/BTGNImCL9Rz7Fb1GlXLwUNt+yuOLbYNZPenTGf8C+jS60pe9gXYHFDc+NYrt6niwrwkTr4RV35aFDifrhV/xwnfCC3fAOx4OptO5jlRmjubVVuQnZHAX8Z+dttnGocFwHCWV6PYiUyUak89ypLnE9FDUPZq5yzxxCVhKvs9VNUs5F9dVJzn3lacLx5ztiZxdrXiQXHPyT5FzYbHp8d5eRRbqmWF2W2yK+yPt6XsKFdReXX7xhO/abQt7gn9otx0lYKTy+wTe83TsQjB4GaaPlAaNs4PqsfC7d7kzd5GxZxzlH2t6vpLfbu4QVl9vbtIe9stxf9dHowqXfL/oC8Vu9H97ywpTpXz37Ud8iy43EjrciObLjfq4HJVpMjuq8UJm07pB5Upc5kf00+HBn5q6qHj0RN56FjroWObHjr+Xj109CN76Kivh07G/F8nDx0tnshDJ1oPndj00MnhPfQzpdsPrISD4oDvdpoMujvv+Fk672ghu292EIh9XkfzWXHwccd31yW7NMqeU+38ysusc/hxX4efif9aHL5U80RBgckTUWCqpcDUJgWmz5ACk+dJgcmTUWByOAqMFBR4qn7KTEuBmU0KzJ4hBaZ/U6BOgakBBfznQoS5lghzm0SYP0MizJ4lEWo8sEmDWTsNSOL6vvjGHN/B768ovjoNE/9IIoh88SI/x6+v+Y1KSTdJpdNvfM+X2eWfJZBlw8vxfCam/YSoGE9mdRWjycPyNH/FicHOL783Oi60dFzYpOPiGdJx/jcdZTrOvx861gg4mvN/TQLy3UYr+t35Yfr66HzRhX1DBfuGT8S+Ey37Tmyy7+QZsm/xN/tk9i2+H/a1NIbfORddRgPi5vvOaKYJ8/0jyw8git0jmyzVbDKpYdiwG8P05U75ZHVLmcVkduv8Zr6njS4EdI4B6TLIPI/98TbkxHzI/TwrqfeVHBU3ntEgeE8kfmpuzYnKrg6PF4rrJWc18gV5NQCDemEGZSX0+s720s7f/dVOJ4svq0J1Z19c7alpbHuSvU7dLEx21rQhUThyzlC5Jdgf7xVRcqGeI102+D9X9ITnIwOuV+1uucSiqavqikpfyqiwx8YK+tSbzfnx+PI0r2Kugfr82nQ2Phs2o+m6XtBdcTffhzezNlI57i5h/BJLK5pO/u6MbBOgqneOOI3Tk773oFBDvV0rBjqK1qo+9seK0mxAmAsHvIgN98t8OM+yHyqnVkxhFndto8TPl69omqjjbhqv0bZN49WXd6Haq2v7ON1F2xYKe03vSTC6hitT3jnZpf9cq9emvGtUpZt3qGINaxuT/LfsqO3ELobMdjxcFAYqbvRFs8Ubnewq9yrWl2AuIt9dD0wwFbdo8VyJcK1FpUT1aotK/eY6bDi2fhWE3O1+Sp3bUyhcGlApVL04oDIFXqH62fnnpzk4ZV1pTj1pXenckubGz0xzt/79Dbmn2da/qiaT3eDwO5ziFuthsWro8pyzmpTIck76lbX5zaSTj1PSWBn1fLtxTt1Hfefoe6lNdcg9VXstSKO3uttu+da1pyxBZ31C1nvT9WKbi1g6KT7zyhXfkPxa3HyMMMiy7PHoezYWDVZuNa/w5uKS0mySRa2ZDOp/OJItMNQ03Xv6h6aJxFm04ZthV9/DaupI2v41Lm+ylVrsT9Tr+hxOJ5OzSa2LXXVhi76u3Mnpt2A5V47YrqdFL3xcaG9PVh7OlHBbRzS7JmCVWvqnSs2yNeudXxd7GDlV6Ts7g0YP+3Sw1w+0qRZc1q7Mv1RZUzM9anSgTVKmpp5v8y2VW9yr2HVZpWegQTlOgYsK3efP7+KGFsiaBf7lmUHE2u+yclV0Xpvfo3dcJTX1ekPq7Mm9WFbw4X0637NNGS9r+7lhgqUE+tReqm2i67Mhqua5abg7f0MT5wN9cD5GGxJK1mpeaVhluFC0YotuVulKmKZK22zVN8bLPvFUZOn85tKhFV17Famp5avirae+Ki7fq1KoTZ7S7B5j1OOUvK4J5nWf9ljT520fpAFGrQYYWTLA6PAGMFR9n9dYkKoft6p+bEn142+sevkFjT0tbI/3M5Cqn7SqfmJJ9ZNvrHp5eejTvReAVP20VfVTS6qffkeqP4BSZ61KnVlS6uzwSt2z6PkAqp23qnZuSbVzbQ+wQwdwrwm+/bIhozW0B7DuotW6C0vWXfwI1u25DOxAa772m/yk1eQnlkx+8iOY3Oo6wG/vANW3TvJPncBVDfBzKOrVDSZD+nUbn87mF+P690bqzdzx9GJ6litqXQq6ASVZPfMQyleZOny+KWBXL4bnl+fnBlordZTNXVJPv4wK3mFLQdgBqsXoeHg61qvwZDq5nI+aPrpSl99olZV6sK/ck7upuvKCeOJaqqrZyM9sOB8XK/YO/s0a7dxh68yh4bJExQIYk2WJ41njlb5BhwHL32gU32chtFKqdDLvwkpneCe2OOzSja1C40Qx9DbRDL0VfyW//B9QSwMEFAAAAAgA2oSTWiEkYLgxBQAAlCUAABIAAAB3b3JkL251bWJlcmluZy54bWztms1u4zYQx+99CsHAwu0h0bdkG5ssvEmzTRHsFt30AWiJtolIpEDSdtKnL0lZsmwpiiSzhwDJIYo45I/znyHpIZzPX57TxNhCyhDBV2P70hobEEckRnh1Nf7n8e5iMjYYBzgGCcHwavwC2fjL9S+fdzO8SReQin6GQGA222XR1WjNeTYzTRatYQrYZYoiShhZ8suIpCZZLlEEzR2hselYtqX+yiiJIGOCcwPwFrDRHhc9d6PFFOzEYAn0zGgNKIfPB4bdG+KbU3NSBzkDQEKhY9dRbm9UYEqvaiBvEEh4VSP5w0gN4oJhJKdOCoeR3DppMoxUW05pfYGTDGJhXBKaAi5e6cpMAX3aZBcCnAGOFihB/EUwraDAAISfBngkRpWE1I17E0IzJTFM3LigkKvRhuLZfvxFOV66PsvH7x/lCJh0m1ZMNzXhM08YL8bSLrHLh9+SaJNCzFXUTAoTEUeC2Rpl5emQDqUJ47qAbNsCsE2TUXmy2R232mtH222ehgOwi/v73KVJ7nk70bY6ZFMiyhFdXDies/AkFSv4MPGg0FSCa3c8fAqAUwMEEez4YVEwJnuGGR12t+Sgjtuq4AQlB8UVzjBnKoB40wvhuIUf8iGHV1gs5vG6H67IkSnHAg7WgK2PicuOB0FB9CrEfIElJHqqMmG/oPkl8CWt5DBbnbdRv1GyyQ40dB7t/nBk73A/gVZwuioydp4zP9cgEyd5Gs3uV5hQsEiER2L7GmIHGioDRr4F5MPId5VRrB+jSLuhVqchj8TRtagCwYJxCiL+fZMaR2/3YitZIwmfUSgqSCob84JxvuSQfqUQPMkukoKZnHa2BWJZ2eFX2w7ubkamtKSbhKMHuIXJ40sGiz6qNZGteS+eZklhs/y52FO3Vm5JttKAxKOYS/lSTpb3ErXsXVo2xjBCKdijs5/8JSkn/gMCWRrbJfxRfMoVxk/2Zdn+Z1S0JnDJ96i/qHJWRGn/LPqI+UWoZhkROQ4d5bp56IiwDI7k5FbxsgZ4JUv0Sm9FN9Xkp8JtbcKdZuGODuG257UpV+be0h1t0t1m6a4O6Y4dtElX5t7SXW3SvWbpnhbpk0mrdGnuLd3TJt1vlu7rkO4GVpt0Ze4t3dcmPWiWHuiQ7rmtp5wy95YeaJMeNksPdUj3rdZjTpl7Sw+1SZ80S59okR62HnPK3Fv6RJv0abP0qQ7pgdd6zClzB+nmUY31ZgFmDynAvHno2fPp3dAC7FYs4bnn/a6pABtWZFWDqyK7RJTxByTL8KPI7mZ0/7gjmDMZQxYhUfjPKRIuiHcIGJ8zBCpN67kIWOU9YsWL8mGhfqOyIs1bmZCU3ICMnbZzip7gSWNEEkLLNvWz7/1v0eqULTfstG1TrkGCYd60hZTPE7TChWkBGExQbjb3YTivftxkGaQPkIvVdU6d2Ja7k33xkb23szeoBD7J3K+f3N/OTV2lvv/IXcfcda3hE7KD9G+SAvxK+ryz01e5o3ykr2P6Bt1Darnzz8/d4ZJ1nLvFSfT+n9DrDWrXG47aE22fRt1uMm1xrdzg3n9cu16f3jhrOt6S2sJauR2+/7B2vZq9uVwnZx8Dlavn+49r13vfW8t1en5Yw1c+Gd9HWOt3Sqzukrhyh5TfC8zijfrWQDU6tj8NxW/n9FuA+/goG6bi1KBOE9QPAssNQ89/nWm1MN1Gpu16dmgHtW8rTpgqFj9E3CiKodFwYa3YjtRVhr1GsbVQHC0UVwvF00LxtVACLZRQC2XSk1KsZLPy71TX/wFQSwMEFAAAAAgA2oSTWjNeKpC5AQAAvAIAABMAAABjdXN0b21YbWwvaXRlbTEueG1slZJdk5owGIX/ipP7CkS0rSPuWLGoXXR2dUW5CyEGMB8sCS7y60vBdmen04teJufknOdNMnmoOOtdSaFSKRxg9U3QIwLLOBXUAS/775++gJ7SSMSISUEccCMKPEwnVI6pK7Gal0pLfuTMRRrttCwQJb0mUqgxlQ5ItM7HhoFbl5SNoHBCOFJ9KiVlpI8lN8D9QPHH/9skcyIa7SwLjnSzLKghz+cUk6a65ERoA5rmyCgIQ7rhV0maK9Ari9QBXpv/jviL79CNCUHLH3/Q/h+6kKWIdZHm7egpFUiXRXNDM19Xn3lWXUR9fbITb3fO4JqgH6MQbQYH5m2p44DpnPrVYza7zT1ahjC/hIOk9imTj5n/hrJvo8h7u80DWvpBeD1lzAz3qzWa2zXhwyGGdNB51yx2Lzfsdjnxkr2eBrHZaZsL2YcQQbPLOT7VyD3UYdbmmKHrmxHE9j2n3nqHYVQvOu8+vmA3gfG9E/PnDPO87LwriAK7why3nZE3tE9CDu/sVsS1FWUre7ZcJf5Lbm/EswqCk4WXC3iwwh2Cmu8WWm5d9hqZ1WBvfQ3wMQ4nxl9PMm33/vnNpj8BUEsDBBQAAAAIANqEk1o+yuXVvQAAACcBAAAeAAAAY3VzdG9tWG1sL19yZWxzL2l0ZW0xLnhtbC5yZWxzjc+xasMwEAbgvU8htGiqZWcooVj2EgLZQnAhq5DPtoilE7pLSN6+olMDGTLeHf/3c21/D6u4QSaP0aimqpWA6HD0cTbqZ9h/bpUgtnG0K0Yw6gGk+u6jPcFquWRo8YlEQSIZuTCnb63JLRAsVZgglsuEOVguY551su5iZ9Cbuv7S+b8huydTHEYj82FspBgeCd6xcZq8gx26a4DILyq0uxJjOIf1mLE0isHmGdhIzxD+Vk1VTKm7Vj/91/0CUEsDBBQAAAAIANqEk1qFa3HK2AAAAJQBAAAYAAAAY3VzdG9tWG1sL2l0ZW1Qcm9wczEueG1slZBBS8QwEIXvgv8hzH2bdhWRZdO9LAt7FQWvIZ22gSRTMqkI4n93yrqCPQgGJsMkvPc9Zn94j0G9YWZPyUBT1aAwOep8Ggy8PJ82j6C42NTZQAkNJIJDe3uz73jX2WK5UMZzwajkwUs/Hw18NN9n02zv7lfXtT5BCTqJDRsYS5l2WrMbMVquaMIknz3laIuMedDU997hkdwcMRW9resH7WbBx9cYoF3yXNRP2PPvcYk2Z/9DuciIhHAFDkRDwMpR1KD/Vv8zY8Zgi+yWRz/x4q1XSfV6k+0XUEsDBBQAAAAIANqEk1o7Cv2WRQEAAPoDAAAUAAAAd29yZC93ZWJTZXR0aW5ncy54bWyd0k9vwiAUAPD7kn0Hwl2pTo1prF6WJTtv+wAI1BKB1/Bw1W8/2lrXxYvsBKR9v7x/m93ZGvKtPGpwBZ1NM0qUEyC1OxT06/NtsqYEA3eSG3CqoBeFdLd9fto0eaP2HyqE+CeSqDjMrShoFUKdM4aiUpbjFGrl4scSvOUhPv2BWe6Pp3oiwNY86L02OlzYPMtW9Mr4RxQoSy3UK4iTVS508cwrE0VwWOkaB615RGvAy9qDUIixHmt6z3LtbsxscQdZLTwglGEai7lm1FExfJZ1N2t+gWUaML8DVkKd04z11WAxcuxomeasbo6WI+d/yYwAeUoi5i9DHu3Rho8slEFWadwwI9bG8sArjtVfsTRp4mIk9gtmQBzHpkpr2vIGXmw7Qyvy94MDz/cmSnErSVws0sGkn2x7kH5ZyNAWMlRDuqZTtv0BUEsDBBQAAAAIANqEk1r7B+xB5AUAAI0aAAAVAAAAd29yZC90aGVtZS90aGVtZTEueG1s7VnLjts2FN0X6D8Q2jt6S/YgnsCW7aTNTBJkJmmzpCVaYoYSDZGeGSMI0C8oUCAtuinQXRfdBGi/KUWbfkQpyg/KpvJoHCBAawO2SJ57eXgveUhJN29d5wRcopJhWvQN+4ZlAFTENMFF2jcenU86XQMwDosEElqgvrFEzLh1/PlnN+ERz1COgLAv2BHsGxnn8yPTZLGohuwGnaNCtM1omUMuimVqJiW8En5zYjqWFZg5xIUBCpgLt/dnMxwjcF65NI7XzsdE/BScVRUxKc9i2aNqIbHJhV39sSWLSAkuIekbop+EXp2ja24AAhkXDX3Dkh/DPL5pbowIb7FV7Cbys7JbGSQXjrQr0+nG0PN8Lxhs/Du1/33cOBwH42DjTwJgHIuR2hqfoRN5K6wCqi81vkfhyLUbeMW/u4cf+NW3gXe3eG8PP5lE2xgqoPrS38P7w95w1PTvb/HBHj60BiMvbOAlKCO4uNhDW37gRuvRbiAzSu5o4T3fm4TOCr5Fmcrsqu0L3jbXcviUlhMBkMmFHBeAL+doBmOBiyDB0xKDE5xmYuLNYUGZqLYca2K54rf6evJKZhQeIahY11Ux26uq+AAWl3jO+8aXwquhQJ4swG3KMxyvet23uAOLVLV4/ct3f//0Dfjrt59fv/hej2cqfoSK9GsMizd1wFWDVz+8/OP3l69+/PbPX19o4IMSTlX4Oc4RA/fQFXhIczE4TQdoWr6fxXkGsWoxKFIGC1jZaNBjET8VfW8JCdTghqgZycelkAod8PbiaYPwWVYuONYA72Z5A3hKKRnSUjumu1VfahQWRarvvFyouIcQXur6jnbyPF7MxZzHOpdRhho0HxCRcpiiAnFQtdELhDRmTzBuxPUUxyVldMbBEwyGEGtDco6nXG90B+ciL0sdQZHvRmxOH4MhJTr3I3TZRIrVAYnOJSKNMN6GCw5zLWOYExV5AnmmI3m2LONGwBkXmU4RoWCcIMZ0NvfLZYPuXSEx+rSfkmXeRJYcX+iQJ5DSxgKnF1EG87mWMy4yFfsFuxBTFIIHlGtJ0OYKqcoiD0I82tL9GCP+fmv7kZAh/QSpWhalbkkg2lyPSzKDqFjtBA1Nz3HxVoHfkXb/40n7KS7ijH5EUT+8nA9KrF1PuyLehtuV7oiWCf70lXsEF8UDJBbL/8L9v3D/F4W7bT0fXq63Cm2qh3XpJm89uc8wIWd8SdAJk9rOxPCSiaiUBWm0uVGYZ+Jy1V0Dl5ZQXoOS8q8wz84yOBfd2LKHlK1cpwzMKRO7g9HqW+4ui/yUJnWtba/vTYUB5Nt6sbus68VexOvaINzehG3cy1LKVAK+dPruJJTOmiRcDYnQfTcStnUoFj0Ni679JhamkhWx/gCsHmv4Xs1IzDdIUFLlqbZfZ/fgmW4LZnPYjmZ4Pe9gmW6QUKZbk4QyDTOYoN3qA+e619On2tHSCLsfI9fmvjaQolkCV2LNub5wE8N535iJc6G4zOfCH6t0E5K06BsxXwX63yjLvGR8BFlWw2RTPf4cc1QCgnMx19U0kGLLzXZC69Ml17M+vciZu0lGsxmKeUvNtijaaifa1g8EVwW6EKTPsuQKTMmifAhFoPzQrgKYYMY30UxwqUzubRR35Gq1FBvPzLZLFJJ5Blc7iirmNVxeb+go45BMd0dl6kI4TSeH2HXfbrQjmi0bSNiqYh9vk1dYuXpWvlbrel3rzbvEh28ICrWunpqrp9a2dxzwQKB0F7TEzWnN5gfuBruz1lTOlbK093KCTp+KmT8Sx9UF4ay+/78W9wjR+rFyrQSydq0u1xwsStw3nln+wIscP+pYXX/c8VzP6nT9gdsZ+L5rj33bGg2d5yIoPMttv+57Iu5nyHL17kXW771/ydfH7BsxzU0qz8GmNJbvX2yn/f0LwCIyzwJn0nN7w6DTcweTjjcadju9KBh2RkEUjiajyO/2Js8NcCnB3sCNvGDc7QR2FHW8wKrod3ud0HOcgRcOumNv8HwVazHy9f86vJLX8T9QSwMEFAAAAAgA2oSTWp4WcAP9AwAALgwAABEAAAB3b3JkL3NldHRpbmdzLnhtbLVWTXPbNhC991dwdNGlskiKlGRO5IxlhbUzVtMpnekZJEERY3xwANCKkul/74IkRKbWZKS0PhHct/t2ATws8O79F0adFywVEXw19q7csYN5JnLCd6vx56d4shw7SiOeIyo4Xo0PWI3f3/zybh8prDV4KQcYuIpYthqVWlfRdKqyEjOkrkSFOYCFkAxp+JW7KUPyua4mmWAV0iQllOjD1Hfd+aijEatRLXnUUUwYyaRQotAmJBJFQTLcfWyEPCdvG7IRWc0w103GqcQUahBclaRSlo39LBuApSV5+dEkXhi1fnvPPWO6eyHzY8Q55ZmASooMKwUbxKgtkPA+cfCK6Jj7CnJ3U2yoINxzm9Gw8vAyAv8VwTzDXy7jWHYcU4gc8pD8Mp75kYfkA56fK2ZAkNcXUfgzW4f5mPABl8p1Xl5GZ/doamKRRiVS5feMBb2MMRgwtgKjInsecuLLFi08Eh5Yv4fqdVknVN1CjySVSB6GkmZZ9LDjQqKUQjkgbQfU6TTVOa08zMdpFefYtXXskjjNzo1uoKV9FYI5+6jCMoNzvRp5/nw0NQCcJlEkGmlgjFSFKTX9cZRRjKCAfbSTiEFrs5YmJscFqql+QmmiRQVOLwjmufDdFs5KJFGmsUwqlAHbneBaCmr9cvG70HfQJiWc4i6iaZr9KGkbMERwxGDm3zXVrcixqayW5PwtGtnsXjhM+e9EAu4LSXL8ZFY80QeKYyg+IV/xLc8/1koTYGxa63+o4EcFYG4yfwKNPB0qHGOka1imN0rW7ERMSbUlUgr5wHPQxpslI0WBJSQgoLUtyIdIsW/W+R6jHK7pN8pbK/wXOMMRnT2BLJ/XQmvB7g9VCWv9P+zkdChfeGzkyg7+FEJbV9f1Qy+Ou0Nn0HOQIFgE8fVJZDkLb0/HbMJ14J9Cbpdz112eQjZzP7z+0M2mmwOLzL3/h7QjcxAc1kbcIZZKgpyteRlMjUcqn9eEWzzF0N7wEEnq1IKTSQsohiiNYUss4Lb2nKhqg4tmTLdI7nrezkOetEJX+njkMl0Oy9+kqKsW3UtUtQK3Ll4QdJGE60fCrF3VaWKjODTkAVTz/NOLbNapX559pEEwTaN4RI3wGl/MJ5+TTphUJkZUeIuqqtVmuvNWI0p2pfaMnDT85fCAbH7Snd9hfoP5Ldb8oMzMDLy7QW/zrW3gN7O2WW8LrC3obaG1hb1tbm1zYyuhG0m4Gp7hmNihsReCUrHH+X2PvzLZSyMjsOPJgaX9XXDVYpQoOLcVXBtaSIv92mBeEOUiezAXXdDa/Tj0FrfruIXDIxy28Le1+2Hp+8FiMlu4/mQZBMHkenk3n3ib9WJzt4yXt/P1353W7Uv/5h9QSwMEFAAAAAgA2oSTWsGGlT04AgAAOwkAABIAAAB3b3JkL2ZvbnRUYWJsZS54bWzlld1u2yAUgO8n7R0Q942J7fw0qlO1XTNNmnYxdQ9AMI5RDVhA4ubtd4x/4iqKWk9ad7HkwvjA+eB8gHxz+yILdODGCq0SPJ0QjLhiOhVql+BfT5urJUbWUZXSQiue4CO3+Hb9+dNNtcq0chZBvrIryRKcO1eugsCynEtqJ7rkCjozbSR18Gp2gaTmeV9eMS1L6sRWFMIdg5CQOW4x5j0UnWWC8S+a7SVXzucHhhdA1MrmorQdrXoPrdImLY1m3FqoWRYNT1Khesw0PgNJwYy2OnMTKKZdkUdB+pT4lixOgNk4QHgGmDP+Mo6xbBkBZA45Ih3HmfcckQ44f7aYASDdj0KEUbeO+lGnD1g2dWk+DtftUVDnUkdzavPXxKwYR4wHxOaAFZo9D5l8nLRZDzzKeg8lW33bKW3otgASnEoEBwt5MGp2tn6g5rCgTgvqqkFeOl63NxdVK0UlgO6MoIUPl1Rpy6fQc6BQPEi6J3MSk7D/xzioB7KcGstdP5A04YxKURy7qK2EtU1HKRzLu/iBwoRQQtNlxQ469nZLEvxICAnvNhvcRKYJfoDIYhlHbSSs5/K/6zYS9RFSR5jn+Ndpw2Ge04+BOYOm/jMPT0Jyi37wCv3UkqoLRkIwEpEZWJlBOxplxHjuaCOP50Zm9x9h5IEWYmvEBRMbb8CfCvDwb85GGC8+0gT6Lna5u+gj+m98fOXw6RT0gonmbpzuSPRX74hfbLhcnEwMq3xlgrxpgly/ZaJt2PVvUEsDBBQAAAAIANqEk1r6vBoE3AEAAOUDAAAQAAAAZG9jUHJvcHMvYXBwLnhtbJ1TwW7bMAy9D9g/GLo3ctIsSAJFxZBi6GFbC8Rtz5pMJ8JkSZDYoNnXj7Ibz1l3mk+Pj/TTE0mJm9fWFkeIyXi3YdNJyQpw2tfG7TfssfpytWRFQuVqZb2DDTtBYjfy4wfxEH2AiAZSQRIubdgBMaw5T/oArUoTSjvKND62CimMe+6bxmi49fqlBYd8VpYLDq8Irob6KgyCrFdcH/F/RWuvs7/0VJ0C6UlRQRusQpDf8592UntsBR9YUXlUtjItyPmC+CESD2oPSS4F74F49rFO8tPsmsp6LLYHFZVG6qGcrcoF1Y4Y8TkEa7RC6q/8ZnT0yTdY3Hemi6wg+LhE0EV2oF+iwZMsBR+H4qtx5OF6uRK8h2Qvqn1U4ZDkapVNDqHYaWVhS12QjbIJBP9DiDtQecIPymSLR1wfQaOPRTK/aMYzVvxQCXLvNuyoolEOWV/WBx22IWGUlUFL2kPcwXHZGJu5nHYFBC4L+eCB8KW77oR039Dd8B9mp2OznQc2svfO2fmMv1S3vg3KUYv5gKjDP9NjqPxt3pC3Hl6So9E/GzzsgtJ5PvNZuRovwSgndsRCTVMdpjIQ4o7uEG0+gf51e6jPNe8Tea2e+lcrp4tJSV+3R2eOVmF4TvI3UEsBAhQDFAAAAAgA2oSTWkXLqqqRAQAAFwcAABMAAAAAAAAAAAAAAIABAAAAAFtDb250ZW50X1R5cGVzXS54bWxQSwECFAMUAAAACADahJNaGrT0DQ8BAADkAgAACwAAAAAAAAAAAAAAgAHCAQAAX3JlbHMvLnJlbHNQSwECFAMUAAAACADahJNa7S9s/D4BAABdAgAAEQAAAAAAAAAAAAAAgAH6AgAAZG9jUHJvcHMvY29yZS54bWxQSwECFAMUAAAACADahJNaK6wwbeYAAABwAQAAIAAAAAAAAAAAAAAAgAFnBAAAd29yZC93ZWJleHRlbnNpb25zL3Rhc2twYW5lcy54bWxQSwECFAMUAAAACADahJNaVqAz6LoAAAAbAQAAKwAAAAAAAAAAAAAAgAGLBQAAd29yZC93ZWJleHRlbnNpb25zL19yZWxzL3Rhc2twYW5lcy54bWwucmVsc1BLAQIUAxQAAAAIANqEk1qOjlIzJwEAACICAAAkAAAAAAAAAAAAAACAAY4GAAB3b3JkL3dlYmV4dGVuc2lvbnMvd2ViZXh0ZW5zaW9uMS54bWxQSwECFAMUAAAACADahJNa4da0L8k6AAAW7wEAEQAAAAAAAAAAAAAAgAH3BwAAd29yZC9kb2N1bWVudC54bWxQSwECFAMUAAAACADahJNa29MNEVQBAABpBgAAHAAAAAAAAAAAAAAAgAHvQgAAd29yZC9fcmVscy9kb2N1bWVudC54bWwucmVsc1BLAQIUAxQAAAAIANqEk1oJt/9qBxIAAJ25AAAPAAAAAAAAAAAAAACAAX1EAAB3b3JkL3N0eWxlcy54bWxQSwECFAMUAAAACADahJNaISRguDEFAACUJQAAEgAAAAAAAAAAAAAAgAGxVgAAd29yZC9udW1iZXJpbmcueG1sUEsBAhQDFAAAAAgA2oSTWjNeKpC5AQAAvAIAABMAAAAAAAAAAAAAAIABElwAAGN1c3RvbVhtbC9pdGVtMS54bWxQSwECFAMUAAAACADahJNaPsrl1b0AAAAnAQAAHgAAAAAAAAAAAAAAgAH8XQAAY3VzdG9tWG1sL19yZWxzL2l0ZW0xLnhtbC5yZWxzUEsBAhQDFAAAAAgA2oSTWoVrccrYAAAAlAEAABgAAAAAAAAAAAAAAIAB9V4AAGN1c3RvbVhtbC9pdGVtUHJvcHMxLnhtbFBLAQIUAxQAAAAIANqEk1o7Cv2WRQEAAPoDAAAUAAAAAAAAAAAAAACAAQNgAAB3b3JkL3dlYlNldHRpbmdzLnhtbFBLAQIUAxQAAAAIANqEk1r7B+xB5AUAAI0aAAAVAAAAAAAAAAAAAACAAXphAAB3b3JkL3RoZW1lL3RoZW1lMS54bWxQSwECFAMUAAAACADahJNanhZwA/0DAAAuDAAAEQAAAAAAAAAAAAAAgAGRZwAAd29yZC9zZXR0aW5ncy54bWxQSwECFAMUAAAACADahJNawYaVPTgCAAA7CQAAEgAAAAAAAAAAAAAAgAG9awAAd29yZC9mb250VGFibGUueG1sUEsBAhQDFAAAAAgA2oSTWvq8GgTcAQAA5QMAABAAAAAAAAAAAAAAAIABJW4AAGRvY1Byb3BzL2FwcC54bWxQSwUGAAAAABIAEgDNBAAAL3AAAAAA",
      "changes": [
        {
          "type": "replace",
          "text": "XYZTech",
          "oldText": "ABCCorp"
        }
      ]
    }
  },
  {
    "id": "Contract 2.docx-1745095132264",
    "status": "completed",
    "result": {
      "document": "UEsDBBQAAAAIAOiEk1r8M6U6sAEAALAKAAATAAAAW0NvbnRlbnRfVHlwZXNdLnhtbMWWTUvDQBCG7/6KkEsO0mz9QESaevDjqIIVvG53J+3ifrE7VfvvnaQ2iFSTWkMvhXZn3ufJdBYyunw3OnmFEJWzRXaUD7MErHBS2VmRPU1uB+dZEpFbybWzUGRLiNnl+GA0WXqICTXbWKRzRH/BWBRzMDzmzoOlk9IFw5G+hhnzXLzwGbDj4fCMCWcRLA6wykjHo2so+UJjcvNOP9ciaQAd0+RqVVixipR7r5XgSOfs1cpvlMEnIafOuibOlY+HVJCyjYTq5GfAZ989TSYoCckDD3jHDVUxsYjozLPRTCGYh+B8PMp/T9ug68pSCZBOLAy15E1olQcBFTTumxyorwYzouzMhmooEuTAb8cWLsD28PX/VHV3JL65IFmju+vjVmnEFRAjLbnReXNiuLKtHjQq6xDi/3usk1sVSoJO+FT/YfptDk10BwlyDbtv/gaFKrgj/3jP/JM980/3yu/pIjTRrRJz4LKXJVwFd+T3sIRb8XtYwo58uzBTCNTy/wZNdKtEBESq62ER18ntCrjUfdyEVW4rHum9C1afu9+FOqYV+QbTx97m/iV8LcLqF87xB1BLAwQUAAAACADohJNaOdh8XukAAABNAgAACwAAAF9yZWxzLy5yZWxzrZLNSgMxEIDvPkXIJafubCuISLO9SKE3kfoAQzK7G9z8kEy1fXsjKLpQSw8eM5n55pth1pujn8Qb5eJi0GrZtEpQMNG6MGj1st8u7pUojMHiFANpdaKiNt3N+pkm5FpTRpeKqJBQtByZ0wNAMSN5LE1MFOpPH7NHrs88QELzigPBqm3vIP9myG7GFDurZd7ZWyn2p0TXsGPfO0OP0Rw8BT7TAujIFCzZRcq1PrOjUvGYB2ItbTRPNVwAU2oqWsJ5o9X1Rn9PC54YLTKCiZku+3xmXBJa/ueK5hk/Nu8xW7Bf4W8bmF1B9wFQSwMEFAAAAAgA6ISTWncnhR/bAQAA5AMAABAAAABkb2NQcm9wcy9hcHAueG1snVPBbtswDL0P2D8Yujey0ybIAlnFkGLoYVsDxG3PmkwnwmRJkNig2dePthvPWXeaT4+P9NMTSYnb19ZmR4jJeFeyYpazDJz2tXH7kj1WX65WLEuoXK2sd1CyEyR2Kz9+ENvoA0Q0kDKScKlkB8Sw5jzpA7QqzSjtKNP42CqkMO65bxqj4c7rlxYc8nmeLzm8Irga6qswCrJBcX3E/xWtve78pafqFEhPigraYBWC/N79aWe1x1bwkRWVR2Ur04JcEj0GYqv2kORC8AGIZx/rJOf5aiX4gMXmoKLSSC2URbH4lAs+YcTnEKzRCqm98pvR0SffYPbQe846BcGnJYLusQP9Eg2eJElNQ/HVOPJQLMjiAMleVPuowiHJm2VncgzFTisLG2qCbJRNIPgfQtyD6ga8VaazeMT1ETT6mCXzi0Y8Z9kPlaBrXcmOKhrlkA1lQ9BjGxJGWRm0pD3GPZyWTbG5kUVfQOCykI8eCF+6609IDw3dDf9htpia7T2wib13zs5n/KW68W1QjlrMR0Qd/pkeQ+XvugV56+ElORn9s8HDLijdzed6eT2fLsEkJ3bEQk1THacyEuKe7hBtdwL96/ZQn2veJ7q1ehoerSyWs5y+fo/OHK3C+Jrkb1BLAwQUAAAACADohJNaV4+M1D8BAABdAgAAEQAAAGRvY1Byb3BzL2NvcmUueG1sfZLNbsIwEITvfYool5wS2wEqsJKg/ohTkSqRqlVvlrOA1dixbJfA29dJIZQWVdrLamY/za6dzfeyDnZgrGhUHpEERwEo3lRCbfLopVzE0yiwjqmK1Y2CPDqAjebFTcY15Y2BZ9NoME6ADTxIWcp1Hm6d0xQhy7cgmU28Q3lx3RjJnG/NBmnGP9gGUIrxLZLgWMUcQx0w1gMxPCIrPiD1p6l7QMUR1CBBOYtIQtDZ68BIe3WgV344pXAHDVetJ3Fw760YjG3bJu2ot/r8BL0tn1b9qrFQ3ak4hEV3n5pZt/SXXAuo7g/FnequGKxAZeiv2g0Y2InuHYq0dwxtdtyKcgPMQRX4NPQ7+0l5HT08louwIDOMY0x8lXhKMfb1nqFf82egPAb4h5jidBLjcUwmJZnRdHxJPAGKPvHljyi+AFBLAwQUAAAACADohJNaBOq7iZEjAADFoAEAEQAAAHdvcmQvZG9jdW1lbnQueG1s7V3rjtvIcv6fpyD8Z72A1sO7KG/WCUVRGwO7XsPjzcFBkB8U2ZK4pkgdXmas/XVeI0AC5FnyKOdJUlXdpKgLx5qRZiyN2zhnR7z1tS5fV1dV//O/fF4kyg3LizhLf/pOe6V+p7A0zKI4nf303e8fxz843ylFGaRRkGQp++m7FSu++5c3//TPt6+jLKwWLC0VKCEtXt8uw59ezMty+frqqgjnbBEUrxZxmGdFNi1fhdniKptO45Bd3WZ5dKWrmkq/lnkWsqKA6rwgvQmKF6K48PNhpUV5cAsfY4HmVTgP8pJ9Xpeh3bsQ62pw5ewWpD+gIOihru0WZdy7KPsKW7VTkPmggqBVOyVZDytpT+fsh5Wk75bUf1hJxm5JzsNK2iGnxS6BZ0uWwsNpli+CEi7z2dUiyD9Vyx+g4GVQxpM4icsVlKnadTFBnH56QIvgq6aEhRHdu4T+1SKLWGJEdSnZTy+qPH0tvv+h+R6b/pp/L/40X7DksGqhusEV+1wmRVl/mx8ydvzzkRAsNGpXOUtgHLO0mMfLRjosHloaPJzXhdzcNQA3i+RFI9m0A1mtS7SN+DSsCzyk+WLuFglv+d0lauoBs4lFNF8c0oTNOuuWLICC1xU/aGhag6sdKHzqAvSdAuyQHags6jIcUcZVuOZuLCc+kK3qcuymnDhqlfOwxrQKiKp7FaEbdTvwD37eKquIymh+v+LqObrCb4MymAfFfLPE6YGCoC7RbJXICSzJwk/tMtn9Bs1qClwtWnO4nB3HqD/nWbVclxYfV9rbtci+Te/XQdXepoplcVxjrufBEiT5Inz9dpZmeTBJoEXAvgpwoEIzoHAWwD8K5yqlph+lnnaFqFNBkfjiDYDASRat8O8SHpivl0EevAUeMm3P7g9H2gu6Cyq0xLt98Q/uvga8GX346YWqqrplDL3m1ohNgyopW0+o9Pc5/rmNo+zWy9Iyz6Ahr28CoEL1xRW9MYzolTJb1k/SOOHPEjYtd25OsrLMFju383g23/MyK28ZS7fuX62rLZZBCGMMLwTTkuWiWVei5fh3zyD1Hce3TDlIdw2SPfDGI9Uzjxsk+tcepHMbCc1WseFJjGJCN5uLDxVyaVCVGS/5j7AuNARIw3LRCt6pfAyzXmChRRiD6PoYL1ihvGO3yodsEaRYJguK0i3iYO/DuZsW+z8Li93bvKf03zBLsryhNT7YvMN5PbOihRfQWiCKN3/1f/nlt7+8d0eK+1Z5+857hU9L/k4npZrAzqO+dWJK3SEVpI4H0sKeMd0eyY3xW4/aA6by+MpwyH/9/ePv7i/Ku9/e/TB6e+398tv17x98xf35g+//6r/7eMC89E3V7Y9G6lPMyyEsHKegYV9P47wof6F3+/rOhIK0mX9d1u6Y8PKNGy6Y4mX58oChtzRn4HjW+MRDn1YL/iNObrZVHDx7G9X3NNGT5oNzE/uH0sw5UcbliPsDBL1bKFXBImXOchanPaWcM+Uff//vDdr+6v3gais+tE+A/aZxBCohDhLlbcqXW3GWnlenDujIP/7+P0o2VQLlfZCXK+U2ThJlwYJUCdIV/D9SArhRsnCexiF0Fe+kWfrD+k687rwSxUWYZDjXk5VSVOFclPryOUz5iHcOZQv16rw6c9hUf6/ASzE0LWfLnBVAvzBxN1BamRFbguBj+XOatA8sZPHNZc9ZT7mdM5qYCQNeYziHpNtoyvzplIU4icooKFmPOPR2HgPvLYIVcGeYVBEDvi7nWVUqSbyIS2LW18rL4Pv/+98lfJSW9FX9c7lMgLPJHPyj8nICL5V5AGUULMxZifdC/DDPlnnMyiDnciJsS8SWUOgpcDcoekKI/K1i8Lv4xMpwjr+EARZ+3Wb5p4JkUQVtzdEU3VPInA4P4/QGi4Ym9ZRPaXb7wzy77SnC8ILlQKsBEJUVXbC/VfES7dFwP5llOXR+gbVm0/I2gAGE72Z5sHGryKo8ZEq931bwgcReVEnAFDKQg1wTfBJWeU7FT6uyysWo44iQ8IMfURUCMeHdguU3MbQSe4afbouRHheUQbEhSWE0Q5an+BbyaZCHc+jW5yXLY2weDDEOFwwfu2FJJvoK9ZZZuVrSuLIinoFEhgmKE9GSJQvjaT21UFw6AxgEJaYz6EicBmm4M3c4wtBB2oLMcVj5b/h6CeM1Dwr6GCi6mgYhDAVdhlUBgA7oM4kLfHVSwWswTzWdADnBu1DVxrZD6z2k8jCgb4sgYfxDKBAqTEHHUCV0K8iBkHCQlklA1BoBZaLmQotqe9LqJglSggv8yRbLJFsxHC/gKRJ+UAiW/JJhQaD6uERsT005D0qayS3ZAnTJbqmgHOg9S4NJAkoQuC4B6BMAfyLdwpDewlTj510QootQXikf7/qqmGNza37H30RXO6p7v+bOpqLl9Yj1OogVBxcaiDokmE7jJIb3+fyIJ/BZjAUhtZFYqicc5EtexsT9ZRZ+mmdJBMONtQJVw3ilLDnEBKCbo6Fq9E+91JTrnbPWhZe03rmuJn8A7aPYuUYeyNL/+1+jt1dkBLOcIfpCkYL/Q6xNtXJmLVFtk2MIfoIMBjO8AEnNeTZHjRDnLakRF4qLRZK8jksO55HTgNmB7fIYmlUratB2opYGt2OTqZZ5nEfEryu6vq+oQlUVsmWJWg0Uc57dMGrBLWhifGmy6pQuEW9zhY15gJBE1QFdQu2EuliIbxjflF5/j8NXooT7vWBcoG5PCVUfJEVG6hTnkeRoZ0NwinDuEqQ0qqQIFgAkGM4DNjNEeNGpNBCw4LDXlaFgBTXRWR9qyRLHEjoJKhKgR4Iak3rY6B1Gld7RP4KBShCG9G32sKGG77I0wamkkZ7u698//v5fxVrNEnIldBf/CXOwvQgBLUl0rgAqIa2NGlMA2ozrUAQ1bBNsxjUfETAhdRPEKWEErC4XRHAbQyMnWZXi4rS3U0I2SeIZByPr2QxwocTZBjUZKW7sq6ijsWkcordUTRsPXN+QekvqrfNrJ5Jvp7RAFUHcRxCvxSjATCRdN9QOCUSB/0ihNAsPZZnlbYlyb4kTT7kw3m5lGOBKZwFNAqRZ8tWugs5hjFa07EboO5LCVEKrJV2teH0AUxumYw3sgfcUTK1Jpj4TZrkgpkbHFpoVGG1StvkNe/HmlqwNxGPLCvg5VKIMHc4UAVIQgxJ8hPfWNl2BE9bMt2VNAwiTTf0cG4RGiJ9eoI3lugQOFfN57oP1hqTJj4d0y0+jmvT3qHrDHw+tgSOlgpQK59fOTqlADg7I5zti4dkxelFNCva3CsFBmd2D3y+gb/vn9j5iXazFy3meVbM5LjRJKO2u8J4dWZxI/mu+ZoNUfxKXDCn/z4WALkf+J1DhB4ZrNxa9D2ZsmLPg09VheHGffWeZ4R4cBrcpU2H02lwpkhmsZXaUKPMEUsayVc0Y6af22pVS5qwJ6HKkzB2yhGZ4WiXJCq00iwr3I8tOKHKYUHl2YkJi1C9h1B+VLD/E8u4MjL7ZH0hBKQXl+bUTyZeInXvycN/JzR2zGW1s7d9gE1tjuI/b2s+7a9O2p1BtjbWcKsQdLag0y4OUZVVBO7UlEFFtOj9kh0sb+n3ft5/EGC53uM6Ffi+Iz/arnXdbbhbIZMEku2H7XTbQq7LxlwhZjhvBD3CQqB0yb+IMfeBEve3NtR2Hjl6tBoGzEBXQRpZoSpWD1ixqFz1i6UCBkYgjkCC4SUc+3mFW5WXj6qbMoJN5KvwJMci03oH/o8rjIopDLi7Oy2n2UNff/ZONvigwURHfCjyvnh2gKPYRpOhSsX/LVOzGNo4hyzzGSoR4T7MyDglbbxMTd6/8hK5I7c/ZFGibtnWzCVI++VigwoHlv3B/2d21TcXL3G+zdnVBjwpOmzA95N0LX2Q5902pGWKzRVfkoogkzp8LQ0K3T2TWDklgPAyFfFbQTYjbuclPiFxOhds03k6CW+4OOau4h2rDWdThzZd5J8hGUhQVi36svYE5pU2B54QTUnm3N9VGc3P03AUxEHOflg1nlXoEUUxgW9aOqnV/DvKkHA51y1N1qa+lvj6/dt7pkRIvFixC12NgZZRh0/0OhUq1FFFJqOlWtQ0BXiFgXaUtZ7SWpHmge8ohPNc3HdVxtSdZi0qeOxdaviSe+x1Z5h5uxqQQic9qUIGqkhW0X8jidUBZT2FBExFIXAxqbLEsgYVB11V5WsPbHS6GCiJ0w8xWykvCM3VNCL+biBasj16rBG6lRonGfE86sonuIQ0tfIODdBYjtAHmZjmweis4rkYh2y2iXY9O8VBHTYbZMhau3EW1WAR5zEFazkgOkes1K9YxF/gEAy82MWrXGoTjAwUjNfNwHsOMYoWrLuF0d5NrOFRkCVv7Tk/Jhy5ZEYOSmzMPDcPRStgMylhjpCxfbQQIvVLcdFUPAQAb3lzoFI9Tgbew9cXaVZ6PWLdT7j08bXXD98xxX8pYKWPPr52dS9NO5oyLdVyE4Js1r+bZkpGMvCtobFt+5CzMZinAHhG51YpCAZk0xxfXLu5U3ZaHL7RkQm7wKG7hHVj7zPKAC0xEWE2ziGQxtA9QF6w004I15gd0yO99yVjZbUAR6850tY4NJWMp1k6BrD2Sh9QAqAYjWDFccB3pB98BfkwYD0XcbDEfi3mzpKPa8BbF1OIt6FLAV5N3x4e0Q2FAjcJsFxgWyEqUuSBShVgDIorFKnFjqFMhmDfR6Z0j1uGUTcRToB9PnO7spAlf0CDf0do4yOQYhsPFx7te0AabLt9N/HivmWpBCjwYFnrSxMK2w83rqRTaY6f2xtiGpT27XT4KigxBg+YbM/pN7Pe1qBYYQAieXXET5oyCTLESIXkifMQDe+kh0QbfNOGY9I8MyFVBuUDh2WIXJVwptbakaDAekHoIpjBGmj1WdYkpJKY4w3Z2stidIT24zEHZ/MBIS6FG8MWWjmt2IEraj8T1Q1xw5YD6Ni13V5B8qVC3huqk7Yvthn9J8XU1dBs4fQkzrdGWAEHPT+u0kvt8E5pmIzkJZhxoJS/heyCkXmBRy9KojsdeLhloZYGNMhCUcRokPcBXFHG7DiptGRG/HON8kLIx1f5oYJ86y6FUNmdNvRekbN6gwBZpfYpqNmOFSCkzq+IoQG+81iKrIz3YPrvWVpadB5jdaDnYuawTxjYy6/EqMNPMLMMb3C5Fq1r6Or7BzQUBNC89DdaYsWgShJ/OqxMPFeevMGndPmhTGzIybo0gksAFNpAb3WgWnhc2Dnc47O+kpcP0CVkKgCypihidWID+lwyZoafEec5uMjLg9pQ8WwWJ8K6l7FtJdAuM1SzeXzaremESaY9qo/PQhCu+KL7Hd9BpoMfDxRdBBD8rNPPE6FuGewXTKeP755jYCaQHsGpvjUR7KCPKPJ5UmMpskUXxFLOCRMGS0luxJaZzgGGIbyhlRJMzjL5bJsGKukuQtLHwk45mn2FtGAufmZobGiecJslDdpCBWff04dA3H7AYfI8JuVXT0GzblkpbKu2vL0s/7rET1rt/oB6RyVYAg4u9GQef3bqIp1Dc8ip/rositGUD3mlmm3set62vwmGJfPJpN9VQlShYFQDEtl3IdhOIvlL8Zr+XkNsBmUMoa11+g7S1sQW9k9uqWaJDByYxd9ykFq6zzlKdmIyOQCq5RlPSP1JfBSYSKu5s4k4eE6jtS7aHdv7UmpW2scZeXXDuJPRGCARynltWeVEFaTvDmWIcpDgtfWxr1vZpHNbQsAaGe4zi3HzyHm/pA9V37Y0DKa7LVcLqfn4MJhMW/aJtaJjiz/qxrvMHxZ9esXlvj+w/eE7XM+eir4GoYgG05QXL4q7JuF/b7rQI7pryCuF0gLe6aZy8DWApRNtiiMEnQRFzD0TM19axqAvWSc3yuPjEdyR3mkBrwyBeFMRnt0FO24mYLbJOfit2zwhLJjHfkyvKoKzQ96AnMl/WrgqbuW75ulB8ti6buDYuEYdiTmtYqqJfKRcw8Oi+2u0cieBNK5Xf/ZTaOfamQ5HVm8wiQ2wZ8AMBuatuXNYpZdH1eL3bJrxcDhNbQ0t3Peko+61C+8tU2R93IRPZ/UPh0L7hdtagKR4Ugo7uIT/fKsHfaFTLgeVKvMCSIjYl75AJbSTcjXFamvicB6xDutRQlaICmjA8EPwluzAzUlcPoUsjoAbMg74OTJpxHc5osVe72uA+ShKHPBqRhmMJKjOMl0ntP1R7cVAU1TqTfD1sFFiBoUhRjJYgCmPCkeR7gGjEqXCrf+/yQKxXJpSWpqwTUtDnPLKJezPhzTGD78kjkm7X7o1wmfKdSx694eH5salIYsE7gjbjJOAxMU0+cmhGklGIeq+pQmSzru2L6AvFQ7X5U0ppDYW1Q6no28Yyh94JVe1sXtRdOGh/SDdsdazbUh99o/rorNuJ5LteVoO6wSy+oERmtYjA1cAkJ2fw3YU9MnkY4HICjdVI8ehtHAWLYLbPyNA28bfdGPcuxkF44LIGAD9tMRWMfQJZ8EeVcmsWaMSYTffKnrVY3Mw/AQiSb/ZmaST2lUlq8vYWFGp9yzChdMEtE7XvnKgLbgupRqb1OnBTxGlOWzlM23LkEBlh+f7YV325hyxlxBm2sxOLvJ3WTqM3cdGR1h71OU/jzYNJl6zJKs49RjHSM2VouQgZiQ889CilaGhx2krrccwjDZo34k0XqX1ApKtwSnePCRkSilbtUdJ9rI7CW0XV6641btSwZp2hE3UatXH287OuFxmlUP82ktlMMARqywMuo2gXynVfh1x30lKbTtAzlsNnNGnxQ5JaoTg8WLl1h+uPiIVUgIjFuQ2g4pxsIkGcoCc5uXZT5V9kOjL/QfvCMFjTLnLI2hk3aGoQmZp4QPK60LzpdOtm2nq3Lv0gDGwMDNccS/0m9dsZthPJ993GVprwJ22SnQlXpdaxUrvYFphepAdZL6DbnovCp0nwW8vSewgDmbruafZIMpBkoDNsZwcD8X1bChiC9VKBvkRI+jUj5IedToHrOM5L7VwotQVnz1ZuYzotMUlWyeoN5IWAdZP6jDM8dw8jY3nkV7uZ+3h57XxYQ8G0SvhBbTcZYlXhVs/dkVuxv2IYOrpGKrZlj0LE0GyAY0MIZCI8mSAqID/4BctnGIoVhH+rQDPX0XTopEXyJSG3aUxJWAa0M5is+E1xFFxRMIz5xa093Ljfk71o/3Y97wk7MAhH7ZtDz5JH6EiRdYbt/OIROuwz94GM4hxWAYlYdNZX/GjF319dv2qd2UjHWBJPYkhN2+9iTxKGjWjLqoSF7Z/k2EyZnaCg3l4h9Hsao0Cj/YxCtFHsdLQTIB3EoOrAHgwcfygZVDLo+bXzbj9ql3NpHQqUM2SEVjxbRueUitMDydVlr3ZrRQC1fdQAFuDamIfKT7MkyW6Fh5nwnxOL6Bm8lfLDgCOeFPm18vJL9pJiyZLkoixB8UFduhwb0JvvkSSaTT8x25iclaWtua9fSFY/Ki/jmD6i7XYSL2i1idlWMh14upHhJkftsizpe14ABjYmO0TylYfs4MiUOtlNT5lnt+xm113y7Ke+h8fS0U40NxbTDKGJD1PzgETH9X1IgHnGUsYz7lLOsnpW16fS8anETIJ0KmtNN/UR4c3qg78nJEcTuAR6pPHM5i4adZB8c4DfBNUVyZjvMXk2ENEN0ZBIpMTFHCj9uOBHAWE9vTo9kyC9OqUStotItYNEKaQfG1jLwPb+eBBFOZ3c3kqFMWEgFfkyA7cGeY4J/h5lz2ivBnEVxI8VXLVE7mGGQ83TRr6M5H9eGGXyvJDK5hb61sZ2kU1LdNZBtI97JQXGW+UR99/B3KAZKlF0ew8W6JnT25fujO9FFPvMHXXYO7SuEvsJLZfgeCvmku1vaH36NMqeOpAL87zmGI0FbYBFf47mEtwgidEFV2Ty4A3hgV3TPFvQ0iaKCzQxLCYJN5yedAS2Uh19ORXCpmPB/e1JB+3fO0NjPFBdKaaelZh6RgLq4862PNk0eZIE2vZkJdtyeVunjBJcIVLw7ATbkJgTyQEXCHxy7mknMicWFUJpFjHu8kfWSx45wHkQowkqOpGq2JfxZ6c6QhyiHsQtXGK1MA2aV6Dd0YLtM7+s3YsaACayRGwtB8Xx5SJSoklxxZ0AoA/RQVaWoW2NtKc5z0SKhnNhuQsWDcLFjX1mYVUKNXubIU8tslx45bIcdy4LkSQWOI576G4l/ArSViKWCahdsQchkrFnMx4qVCfvKcq4rChqjTV+u4AIcKmEiQt58iGvVX3d1PWS/SYOlGkQFvGCQArD1BB5lsahwpfd67CjZTStrbCtt5DjA0xCtp1LlWyvaO2dCl9l//rtz+8UNyTZqMOo9tA2S7Hs/rq8j7ihxF34C/5ynWlj0yPk+/UD2oNaxPyAvgWMUBY1O1qtsaf0802/dzOtrReQUZXwPTHyVKEsGY11K6VE+8IdCmV/IxHrRPX3SVFvebrmmf1Tn3F3+QIrpJyMX1tkTe5j6ymADt7ne6YMH85ZAFzwgVFMANoMhB0QPedeKPnrGKY9fxs5vN6utyM+6a0PBvyDaZaVBxSvqXe/vlu+pt3dommcFxvv63fXsPO+wd9fzq4xVO4WtK8uCGQOvy3HVOsXfg3IfJot4X5fd4gTkD7h0uRfcCpeXyOpr694F+BadeiaNxF4sE9xtbOqpMumvnfV4iO0GR4VaHpuzj4DQkAqFB5xfV18QH7X72ecJDgtnJFSuxcll2/+4wOlkxMH6yzRN51nt4u5eVchKTJJgvTTfx4g5jS77zquc2SA4Zqbno2YuyBctn9m+7auWqZ26tBRObPnhbj3tG67TRstaQudg0KlW8InmFxd0vbIx3asHELIZhlAa+h3WfrDaJ3cuhWu2pgm1/lmMD3LQbBRM23DMnwpTy+X6+qZLSeJ+CMoapJspPEIBEKC+3/hCGmg9tGrtcZsn4Pmhbe4I4+v/KBpHa/8EqzQnLvGY59ZtH6YZZ/aLSeYhIjtQ3aLyEgRLgbNFT30sqRapK3nGzfS7N+GsFBqrv69vuJj0u73z3kc4c8Z/IUyeFdM1bZ4AzduN8Bw866z711D57evNmop92H1TeXmGq5v6F0uxFRIyP8r+hD+pdXo7fG/Wr+4ZfAa9S17aB15sOi5sTMI8kL8rV/CWrHtsD4GIWb2xWKh642BbTr1wInCdmTEYRLiQqTB1Zqg9pKVpWrqHrZGYr9eBs1cGHdSm+25pu1opz7GVlLbZeujr461DtrhRmjk/fbre/fdX1/vAUqCgfBPfpiM1wb+2HTtrgXMyWS8qeqO7w+PdMuQMr6b62ICP8LmozocvWDoKZRV37kMVnxCZdAfWa7raEem2pBkeQKyvEit8VCxa/newLfVrlCX00FrT7VM03MkfUto/fjS1NR0z9af23beOVHbeQnJBxg413D73MMcHma9ffNXhsEfy2A7Z955h0A8rLMdqTHct8rbNNxnyL2/ojT1se14fhdAO52i1J3BGCqTilIqysdXlKpmD2xYEEtq+zYU5SOvJmzH9d2B+/hCsu842mhwZE4RSbbPXkg65q6M7KaqoW8442NVr1w1PDNh+NUx8QFgf7i6wwrfLXS1/iEQoiaPcJjlEcuLI4gZD2JIGNZZ/An10w8O26kh1NN2H/dT/dVGYzr52TDGztCnLkotIfn5WHBjeI49MvuPbyodu2ND9+QOlQQ3JwQ35tgYAr45MmWOpKrnLAwfGSjcX/kfS0EHAgVTG4+G2kPO2ZS88a3wxn1MxUPb9LRhV9zsyYACVKGpg4H0GZBA4YRAQbf1gT0eyg0IKQwfQGnOfeSXP1S9oSV36SWlXZq97V2wYA+xuFEExC6QvjjTWn/ct3TVPHXWIMm6knWPaGebQ900SKNAuWbpSdw/LNsaDtROj7KTYfq+YTuebUn0JTH9CTG9Zjljvd+XVCXF9SNjen3su751bHiNBAbPjNIuAdN/xMQxTwDqH8UM/qTo39b6Q9sxn1myEcnkl83kbV72/N9OA/uHw6E2fAJTvuZprm6MJECTsP+Ee/5ef+D2+88s3dc5UdVFyunT7/l3mzN0bTAYHZtCWFLgc6bA+6hjbTxWvc4EPSdTx4apG33VlGQr1fEp1bE/6Fvj/qlPwpVUddnC8BJsIz4mIX/iEIPjDBwHmjJ01bDGQ+dIHyrJk5InH8uUEdBG5r+u6nD+V0HczYf3wVLewBg73qOHM5iq46r2QDqeSyz1FAHtru4ZuiVduaU8P0nMl9M3xqbfZZc93YLTGA5NQ6bHkkLyC0JS6+v79hrvZ5UzdN3Uho4MdJdC8oxA70ELUZef0/st+97qvqlr9ujIvULJvZfBvZfIpOFVpnxYH+7tzvCcjessqeg0ud4Jk7I544Hr+F1ry5PBMwtw4Hhkye15Cc+eAJ7phjr2Rp7MW/JNCPgTU+A354xoqJal2uMj7YsSDl0Gt1wiHOrrqqKZ5Vy5LnPGypMgH0MbW4bmPbpjou6NdPinSV0kkc/jIx/N7Juq70vr/TchyyXyOQ75mIbt2WOzawdXIp9vk1suARJdB2Ee4PGrWU/xXGVgOZp5Elyk6sbIdIdda+fT4SLbMYbuULrWS1z0FBYhe+Cro2NN/pLanpmkPwIXdUNwx7GHqoTgktS+6ECDf/ih2Vs+WKbdVzXrmZ3OIE9FFz82T0U3BdusT0XXVHkqurb/tjHoP+gAdN3V1XF3gtqTodq+77qeOpDHAUlU+yVf3T2BT/cODu27nuUOZeyFhBpnZb+YHGrF+O3jv/kflOu3P79zP/724UQHoeu2O9BACD+2rDe9kTkeD+XOztc/cfrsWfIJlYKu27o6sqUn/Ncny4vUHg82HJv6eOC5XYvW04ld1bVMQ5epBSTEPp003dgvfKLIaW2s+lZfk+j9CdB7yFL47kLI+yvj9zZAd5MJy0vlehGX85OAc9uzbM0adW37nUxLGNpgoA2dI49GkFpCaoluLXGEL8zVVlHFPGpEVcKCvPURjbiCttgkWY9/J+FbA0+zh35XhiepVaRWOc923opTQZRsqvxWzlmuXMezNCizfKW8fA9MUTDlfR6n5fcnUUSa4Xq23pna8XSKaDRQNceSOwJSEZ1SEZ1QYXiq4bq2dMSSCuM0hiAT4x2GaldyhJNJVqtvDvqO+sy8JM6JcC+LRM/dEHRKoW04jm/oqjTyS6F9GqFte87AtTrdsU8Hh42R6xrGkctTSbhSaF+YXca2htAlX+YulhL78uwy3BJT5ew0phfd8C2nMz3HyXRNv+/aA0+TDjpS15yn6cUcDX1dd2SeGqkTToTiB56tWvajp/Pqe6OxY43k7qqUrN+c6UW3NV/1dLmhI4X2iRwn+2PVGZtdMPVkQtv2PNcbyByMUmh/Y6YXwx0MRwPblaYXKbEvzvRCh2orL+OpEiyXSRwGk4SdxgNGHdrjkel2scXJ9I6hD03LceUqV+qdJwh/ModDxxuOJLXJmNhTgPO+ZY5de/T4CdI9wzcG6pHBIJJsn72Q1PaR1Un9AV3Nd8bqkbY9iZafmQC9BKz84ENWKa3MLlNdhD3S1mzNsQYy4EPy6xnxa5stgwLDB/91htz5KswWJ1m9mroPmtB49Cwf6tDTdEOT6wkJzL4yMFOHtuv1fblEkIL+/tR5CMI5S+O95jqG01fl6dffNtVDWTDSSXu0+YHupzT22P3R0Pb1Lih9MkxhWAMHPpCSXGKKr4wpdNPo+/3OU5Dk4vHbkK5ntnh89IOML9jco449YzQcy6PHJceeEce2GVPTDVO5rtKClcowuYlOYu6xXFdX7U5X+ZNBM9vR/L5+bFI2Cc0kNDtW0PcNdegOBnLhKwX92Zl7zhce6VrfdozBkTF/Eh49M645I3j0S1YobjpjCSv40X2qatsnwUi6bXnWoDMy5WQYSTN91XBkbk2Jkb46RnJ8c2Q5Eq1LaS8x0uFcM/LVvqbKjH/fNtccvaWGf/YdX2iMR7Z2orQGXGGwsHy/D/7gw2mWwcx8YFOWszRka4bmZb1Q8tcxVJ+/jTRx1N5ydv2nUFC6mMQ5/LYcU61f+DXA6oCSEe3wV4gs15eceNfX4jgQcTVnQYTk0tf5OXrUxuZyVpWCmER176rFR2g0ioQyyLGcZuaKtZzAr/nU8AGhn5MsWtGPKAsrPBD6zf8DUEsDBBQAAAAIAOiEk1qLTkV3bAEAANIIAAAcAAAAd29yZC9fcmVscy9kb2N1bWVudC54bWwucmVsc7WWT2+CQBDF7/0UhAunsqDW2kb00jTx2tqk1xWGPym7S3bHtn77brUKWjLxsBznEeb9eDO7Yb78FrX3CdpUSiZBHEaBBzJVWSWLJHhbP9/OAs8glxmvlYQk2IEJloub+QvUHO07pqwa49km0iR+idg8MmbSEgQ3oWpA2ie50oKjLXXBGp5+8ALYKIqmTHd7+Iuznt4qS3y9yma+t941cE1vledVCk8q3QqQ2GPBSuAZaNuR6wLQ9tzXcWgb+azfPx67BMiVwi7AoR5TAE79De5qMK3/oabs713ag8yk/eAOwFEhRzAafgfIETj1l1uxAW2PV4twksgUpi4p0L4LLcG+PIj0aXDJkG4NKvFu3U4cYdiqrEIQJI3TRH6P4sVyniQyEqeZ9F8QIwrgzqX/F2xeAdHuYieHjkgm4ZQkVxLXfFNDN4w/iaSIhp8HuZUTpxf2v2GYKybxMPyFSa5k7DSD/hlMjgDs7Fdk8QNQSwMEFAAAAAgA6ISTWruVSxDeAgAA6QsAABAAAAB3b3JkL2hlYWRlcjEueG1spZbNcpswEIDvfQrGF58SAbaJzcTJTJK2k1snbR9AFsIw0d9Iwk7evitAmIQ0gwkHyyy73672R3B9+8JZcKDalFJs59FlOA+oIDIrxX47//vnx8V6HhiLRYaZFHQ7f6Vmfnvz7fqYFpkOwFiY9KjIdlZYq1KEDCkox+aSl0RLI3N7SSRHMs9LQtFR6gzFYRTW/5SWhBoDnu6xOGAza3HkZRwt0/gIxg64RKTA2tKXEyM6G7JCG7QeguIJINhhHA1Ri7NRCXJRDUDLSSCIakBaTSN9sLlkGikekq6mkRZD0noaadBOfNjgUlEBD3OpObZwq/eIY/1cqQsAK2zLXclK+wrMMPEYXIrnCRGBVUfgi+xswhXiMqNskXmK3M4qLdLW/qKzd6GnjX27dBaUjXML7jaIvlhmrLfVY3LXmD9IUnEqbJ01pCmDPEphilJ1pwOfSoOHhYccPkvAgbNZd7JFI0ftf0fbQ1OGE3BM+G3tOGsi/5wYhSOq6RCdxZgQ3vr0kXDo4JPjSanpJTcaefh4QDwAJISOfFl4xrplIHKabscpR46V5yQdp8x6nGnB9ABZdRYiXvg43OLMeyyT2aw4D+drhJwttrjApnhLzEceBJ647BGbBmOSPPeZ9LykrTrgK+/VUO2/Nqg/tazUiVZ+jfZ4OrKP4rwNhsn7rlDma8H8LrCCk5yT9HEvpMY7BhHB+AYwgUFdgaAZAbcEzVQFvn8CX/ag7s7AHYmzG/j+UyBYpgpr/AizE0bfN8v1Bl51TgqvTuukV+0F0hQ+MbMnUAzDeLW4u+9EDzTHFbO9JzX9l66Xu6xerQR36QFD84mSzZCTMZrbgXAnrZV8INblvvhAmdojpeKdHPXc4p1pV69E4IVCtYteSajLMlmHDaynU3vrVDaLJGy5nmcUJlAY0MA50GDvTpuVrlXiZXfzVLlK4crKdhdNUohkUntfYX21/FoBtdlza/0LX+o3/wBQSwMEFAAAAAgA6ISTWusTJDNIDgAAqyQAABAAAAB3b3JkL2Zvb3RlcjMueG1s7VrZk6LMln+fv8KoiZh+sKtZBET7Vt9AEdQSFdx9ucEOyr7rXz+ZIGqV9X1TXT0zT7ciWjJPZv44+zlJ9D/+WbhOI9Oj2Pa9l2/YD/RbQ/dUX7M98+Xbask9098acSJ7muz4nv7y7aTH3/756z/+kXeNJGqAw17czQP15clKkqCLILFq6a4c/3BtNfJj30h+qL6L+IZhqzqS+5GG4CiGlqMg8lU9jsGb+rKXyfHTBU4tPoemRXIODkNAAlEtOUr04oaB/TYIiXQQ+hEI/wIQkBDHHqFavw1FIZCrByDiS0CAqwck8mtIHwhHfQ0Jf0Rqfw2p9YhEfw3pwZ3cRwf3A90Di4YfuXICppGJuHJ0TINnABzIia3Yjp2cACZK1TCy7R2/wBE4dUVwW9pvI7QR19d0p6XVKP7LUxp53cv55+t5yHq3On95XE/ozudeC17XQfQiceKkPht9RnfVcdZXU1f3klJrSKQ7QI++F1t2cM0O7lfRwKJVg2R/p4DMdZ6umQ37ZKj9VWpjKzPcAD/D/sV2rlNx/veIGPoJa0KI64nPsPD2nTUnLvDg24u/pJo75WKfTD41AP4AQKn6J4tFjUFfMBD1Ft0Qx/5kWNU41BXH1u5wvsbMHYCW/hYE3qr5gA94/A4r1hLN+j242kYIPCsnsiXH1ltE45OJoEYk7hArB3N89XiPqf+e0sgr4Mm9s2Fg/lmg8pGfBjc0+8/QRreUnXu/JyBKvfeKIP4zZhaWHIBM7qrdken5kaw4gCMQvg0QgY3SAo0qBOCjUUVVo/afRm32RumdDZgSn36B/i8ABKIbyJE8ArGDcTjdogfsU0kFpTOB1PblD1C7oMXUpJcnFEVxstXrX0msbsipk5Qr5V+FPo/KR08rn4kPXtfNZOB8nu08IZDm6EbyQFT8JPHdB3Jkm9YHm/Uk13XvHR25e62sxJdnvUkFBUWPIPeBD+xCUDRagd3tKd923dKBMlW4NV4cyCowDNghGwANyA53OzZ0FZy4TqQUWkpOE/8iRaWUiPO9JIaHY9UGjrq0XT1uTPW8Ifmu7MHTuhwnTGzLHy5ajBd/fEyNH8nlm1Xf8aNavIuZyoX4XFPxK6Ufv6UhF86Rq1mjO2k8fx75vnG3Dzgq4wC1eHKi94GoQOMlsW/5wM0bkh6mdqQDVkFklM5yqZdgGHRlT7UAq5odJ8tSr3DUu44m15FUjmLbDRx9Du0EZlXHkelDHVoQ8E9iFNnBKeKpoeiW7WmgpQC+/tSAOUzXyjOOfPLTZOT1dccp1yxb03SvXJMdx89n4HrlyEG5BqPnwiKMDwLH2F6bYS8LumaXYYN2sD7RpwdPpURXFhtFCXqCv0i5BPzLhh3S8Mo5F/mgQwLmSl3vqd4zM4xYT37RNHBFoOV7Wj2tYN6Art+BwlA3Izmw3uP+Lea63AzyAbBiA17tcJIGjJBPDRUIgtMEQdfS6Iahq8mg2uqUsiaVWcpf5SZ3DtiYgvtoNdN8dR41YAWnnxqe7IKY4SJdh9WmQV9OqNOMh7zbKheBHfMIkOWuWZHq5voLvVnZEd1BsaBoNtLoD8tHlbEh4yD9x0E1ACIsgpJxOIvLUJK7hRG58AkQoX8QKEXSROUlLYrEUaLUgAwtcFE/hbZAXFbqJ8kOSpYxekNS0zjhdb8cy9kkTipVafVItuqRWnj1MAKWgzZzSpslpc2i0mZK9X5wJYLn6mEjv2PFunLSAGxGKfwYMTtCc8Ptrp/pS788mLwLAeR+1fEed70RsN7wduOVi9/fjr7bqTp+rFckKON1UMqNvNWs53O24yDVC94QkIqC3KwMR0mhFGWZAc9rUnyown2cJGiW/F+uwn9brtC/LFfw/awNPQPYsy4JSjKJ6ir7WAzelzYmsmXnbUG7ki5l7DqHxauafLZkgU7mruwAhn/hHYzE2zRFNDKsLNjVcsXuo75JlmqzeA/7M31XK/9P+q4EQd45EnLnYmCk+NoJpNQ4UDk7AkUTKH8ORK5KWARrWRymcgSaSmfkAbVjGNGCfCXlDGbsN2SlJleVr8wP1bCfRHWYez4DJDHsBLmwUzFxmZRZEHmTZu/nVc2pMEvpri0Bcm0cyh6CAyVZkdVjqW1bBaJn3Rhm29KCH1VmWFfuyknDB+aBtH8V0KX+FWMoDiwdJydojLrqdUGjB2pwov905ci0vWfYrHbbQVLPQUPbRX/mtpZYXRxt/aBJsGaVbUcXx38QYHZ+Bg2HXnSfyy6kjWPUz8yOL9+VuuXQAfix/wxN8lxy0K3scqPCTgdIpVcMoB8sVJw80ssm9sOVqse+LNUSPwPF2WfgT7JzJ/zHG57rxqJ02be7QLOU2OpfgtTL7yCyZ/h4ruwHbwugvvmgpMb2Wb/m7O91kYEmBKGHQd/0u6ZRwKvuy9NqELO9nsj0TGbEgL+R2MfNs71ATDCZDXrgdwnpG3SaKZ7kgH/Geujk++1Um3hWoowXkrhqs0Kvx/3Xf2Ktn+AH/dlBD2pujDbjFdUWGdOhdq/oAu37Q753XBavkz1fkEveyg7kDOfRhbSZ+mekTXtpJ1eLIyfwU5MKUzGcUBJzQ0VjckfZEZklHYfFxnmPHeUzYfw6DIZOEFGdV0MbHk7Fwo3shbE7N1cLbzPftZnUmI5k7ZUSBmOh6DABi/jsDXXmLCM/sra4ww1sx1VnuKRNk0OfLFiuE/TT5WnX65GKTSkiEZ/8ccvsbET0BJqgydkkX7X+1nmdHDJ1Q3daN9TFahZuc+9MspHpDZPxspjFojF4HS3brMsuVn25yNtS6NFtur2PXUno6Pjaneu9KZGGu2yZbNqHzD6YnSlyuqGO462uTkI0bG5YyqWBXVgEyQXm0YoMgSyGCAatOBahFSeQvm2NHWUoZBNv7NxQleHseBS4MD8zgpU22Ww3l4wtL+eFfVjazQPKZ8EwZne2K8gbdHfCjQgXiHlP8CJlpSBih3AQA7EEGwulO17XIzyeJdRqbGrNvc2ahjGh9SPncAslW6O+TwyUvnXmC8Lo8JKm4ORQiHdW6PRznnSiSdhR7P2x2MzscHdDxfGdvYxk/LgTUszBEpFtoYgyd1t5vpuiBUabCkEymgiWAvKAxFwPX6Kc2JZQbzkdrFsHyu8YuniOfMy+84ENgxGc2xRpGZPpZi9LEQ3RBAUf78jUnisWjxwTj1BDfoXoUStQs7z/V7q/oQIrmOteKI1MsDAeDWBEwR374fg8wVcnBZWy3YkklM0pXgv8DD8wYrY2wjlmNx1CYgajeBRSfhQew+iGOknG6ZxmCDYahjp3Vo5ztjVcxsdYSBMqXulLjHDb7Vaxn7d2012oWsPVQhvw3pEUF/7SXa0s+rWZJkkTX49vqLYxFRz01OPMVaePqsaUpJFonZ4HlrfyB4HVlxRJSTaymSi6i20WM46aWNFxzL8Oi524wXcSNQfRsnKi9Z21sjU3dkJ5EjBrhTcTdTYy9gFCWC11Sa0XG8KgjuH4XEi91TqdhwQeZWk+DmJsU6Cx0N4euSKKh5iJLvmIvqFS3CG0tw5/cBTd2fjHpNk3aUuYLcXxeqy4I95hp9M5bpLR2pWOYiKPiLOPtlKE3DpztJntXUOyEplwVCG/oYYzM8QJEfgqn/rzKXpcIJ48bZL+ZMp54fa83zRVij1bfeFwkpbRZCAw0lHfkiLpD8Xha1KMkJlRqGLYnixvqDEy69D6Soy34Uh/1YcoP2mL6XSljE9er5d4r+qQbxtZxjcVVie4sD9w2iK10l2pf5R3iGVFbZo9oMDg+9kNlTBbtn0mR21hyzWJfhyhzXV21DuDs8lYSWughoI1RNDdTpg22YImWMZO85Gnn1+ZIj1EoRRSrbMb7Rbh5i4KkpU/VDdC31zwy+0kVkcJksxO48lwejb39CH2l+dsMuR5hVpjSHAkM1zYSPj4dbFLDiuHbZG0HfuDZQcdmvMbatCZkxMGZ7kVvcOHRoDse66b6ExbFdxOOgARqTe5ImwOD9hKSE7jxYTx1KVnFrumPEEFeZxm+JAbbre0595FQQ4CaY4gTN4TF7kw4BiGZxiY7hiLGehNZYgYcNLPYdjBTNk7qp6Q7flOSwHZT7Nh3BXCEsUmN9QcZVYZkzWt5mrcSnN3rIXi3pnTIIOu7GSg60nibsmp2XFbu9ZSKVpITFObNZGf2fM+jqYKoxWS1aGkPFrcUCVx1A+3vBtgSo+kjfNSJGxpgPEsQYr5UuVxbrHlqFV6GGfAAB1MYTbDVd9GTbvNx3vmNO1h8lDapxI/Se6iYHJeH2UnCwyOIjymfeI3i9bAjfTmaO5J7SJW5254Jvc9sXPatBGSI1ut5iRU1pERLIYpsm5GlOyRstA5ZTdUcbVQCZJmjYOWG5RN4AKvnRixEIQOscSWzIkP8SWnmqxXHGeqHQLltNbsm0rUY2yUgfa4oV4tM5HZ2XjShBNCBJbpCcyHf1zCgoKA7jckusUkUuXX5+2itJh4V2PzQX8iMiuG2TH90tgDZjZHLaSzg5MVI0L7P2BnkH5fCZXh9H9AHXGifFyMwLS/gMWUNR9QUyji+8x+V2MB5x8hS20yNjpQf6BCA77YB357dO9aM6RMw8m7fmC/3aU6j8VA61yv4gkoVWRoiDIyuQrh5eV2AlxCtMPL0zOGtTsUQaPfv5MEbAnhlf3lyf3uXBrGqO4fnXrw/XsB7j4GuK/Dj4AGbP8j/1iNyxtFOW0cfNu7XAxcG341RuAivEikjhyXk/JbiBxFfu4fy3uR371+AoEUA1JU3/PArS45BQAJfkTwXXDXAvsUv4DXPXCF+g672zddbgl/2dQAfOhgWydIwMby9+nfHxP+/THh/+hjwtXvynF5va72lhdu5M01HPnwa/+9npDy/xr9+m9QSwMEFAAAAAgA6ISTWntKVYTnDwAAbJ8AAA8AAAB3b3JkL3N0eWxlcy54bWztnVt327gRx9/7KXj8kvYhq7tk56x3j+PEtU/trDdyuo89EAlZ3FCESlJxvJ++IHgRpAFIDAi5mza7DzEv8yP5nxkQA1LEjz9/XUfeF5qkIYvPXw1+6L/yaOyzIIwfz199erh6ffrKSzMSByRiMT1/9UzTVz//9Jcfn96k2XNEU4/bx+mbtX9+ssqyzZteL/VXdE3SH9iGxnzjkiVrkvHF5LG3Jsnn7ea1z9YbkoWLMAqz596w35+elJjEhMKWy9Cn75i/XdM4E/a9hEacyOJ0FW7SivZkQntiSbBJmE/TlF/zOip4axLGNWYwBqB16CcsZcvsB34x5RkJFDcf9MVf62gHmOAAQwCY+vQrjnFaMnrcUuaEAY4zrTlhIHHsTkYCBFsUYjiqziP/JzeXWGmQBSscrvJRL7clGVmRdLVPXEY44lgiFgEWMf+zzKQ40SY18Hmd+3Dtv7l5jFlCFhEn8aj0eGB5AuwVns3/8Ypg8SpZvOpqPCH6yU88dQPmv6NLso2yNF9M7pNysVwS/1yxOEu9pzck9cPw/OSSROEiCU/4GkrS7CINyd7K1UWc7u/mp7vFXo5M/+BrvxCu63BYrblMD9dFJH6s1tH49af5/iHrVYsw4Mcjyev5RW7YK8+8d3g9m8MlceAN8UNxHLLMKG92eNbn0CjkjdzJcDatFj5uc7HJNmPlQTblQWRsD0jKWyPeNs2LJpJvpctbHgw0mGd8w/mJOBZf+enmPglZwpvB85Ozs3LlnK7D6zAIaCztGK/CgP62ovGnlAa79b9eiUgrV/hsG/O/R/z0xUmkwfuvPt3kDSPfGpM1P/SH3CDK996Gu4ML839XsEHpCZX9ipL85uANDhFnaMQwt0ilq1UztwfXPkAfaPRSBxq/1IEmL3Wg6UsdaPZSBzp9qQOdHftAYRzwhn6gPgygtnE02YjmaJINzdHkEpqjSRU0R5MJaI4m0NEcTRyjOZowRXAy5uuiUAr2kSbam7nt9wg7bvstwY7bfgew47Y3+Hbc9vbdjtvenNtx21tvO257Y43nFl0t74anWZx1zrIlY1nMMupl9Gt3Gok5S5TMbnj5TY8mTi7SAaZo2cobcWeaT8Rye4RMut3Ps7yy89jSW4aP24SmnU+cxl9oxDbUI0HAeQ6BCc22iUYRm5hO6JImNPapy8B2B80rQS/erhcOYnNDHp2xaBw4lq8iOmkU6oDm9fMqT5LQQVCviZ8wB30W4qx9uA3T7lrlEO/tNoqoI9YHNyEmWN1rA4HpXhoITPfKQGC6FwaSz1xJVNIcKVXSHAlW0hzpVsSnK91KmiPdSpoj3Upad90ewiyih72OgfnY3WXEUhcN3jx8jAnvAHS/3ZRjpt49SchjQjYrLx92bu1poY/zlgXP3oOLe1pNctWvFyFyya86jLfdBd2juUqumucovWqeowSred1T7I53k/MO2rWbema+XWTKpDWvCuYk2hYd2u7ZRrLuEbZLgKswSZ2lgRrrIII/5N3Za0ddvd1Zdj+xHat7Wh22Sk5Pr0Q6OMv8iaibZvj6eUMTXpZ97ky6YlHEnmjgjjjPElbEmpzyw6Fxyr9fb1YkDVOAML/VV69HeHdk0/mC7iMSxm789v71moSR564Hcf1wd+s9sE1eZubCuAG+ZVnG1s6Y5UjgX3+ji7+5OcELXgTHz46u9sLR8JCAXYYObjIFiQWOSLybGcahk3uo4P2DPi8YSQI3tPuEFi+MZNQRcU7Wm8hVbvF28Ym3Pw56Q4L3T5KE+biQq6R6cAKThg3T7eJ36ndv6j4wz8nI0C/bTIw/iq5u96e9e7ju3YQ9XPcugvAmvz3k8evgYvdw3S92D+fqYi8jkqah9hGqNc/V5VY819fbvfgreSxiyXIbuROwAjpTsAI6k5BF23WcurxiwXN4wYLn+nodhozgORiSE7y/J2HgzBkC5soTAubKDQLmygcC5tQB3d/QkWDdX9ORYN3f1SlgjroAEsxVnDm9/Tt6yiPBXMWZgLmKMwFzFWcC5irORu88ulzyTrC7W4yEdBVzEtLdjSbO6HrDEpI8O0K+j+gjcTBAWtDuE7bMf6rC4uIlbhfd2e0ic9nZLnCunPwbXTg7tZzl8rwcjIiSKGLM0dja7oYjLPffXWsze1jRdfcy+j4iPl2xKKCJ5poa6+V58bOMw9M3f1hyGz6uMm++qkf7Zcy032pZFex7Zu0HVGk+HTaY3dEg3K6rE4U/ppiOzI2HwHjcbrzrSexZTgwt4TGn7Za7XvKe5czQEh7z1NByBCyb8uEdST4rA2HWFD91jacJvlnjg/nKWHnYpkCqLVUhOGuKor1U8S58P39aAL1jljN6e7Pk0dtjskhPwaSTnmKcV3pEU4J9pF/CVDlG3fL8u357ArT7Y+OW89cty8Bj6qH5j7pueMcpTqmn5IzMH1zttTJ6HY2bGz3CuN3RI4wbID3CqCXSmqOaJD3FuG3SI4wbKT0C3VrBOwKutYL2uNYK2tu0VpBi01p16AXoEcbdAT0CnagQgU7UDj0FPQKVqMDcKlEhBZ2oEIFOVIhAJyrsgOESFdrjEhXa2yQqpNgkKqSgExUi0IkKEehEhQh0okIEOlEt+/Zac6tEhRR0okIEOlEhAp2o446JCu1xiQrtbRIVUmwSFVLQiQoR6ESFCHSiQgQ6USECnagQgUpUYG6VqJCCTlSIQCcqRKATddIxUaE9LlGhvU2iQopNokIKOlEhAp2oEIFOVIhAJypEoBMVIlCJCsytEhVS0IkKEehEhQh0ok47Jiq0xyUqtLdJVEixSVRIQScqRKATFSLQiQoR6ESFCHSiQgQqUYG5VaJCCjpRIQKdqBDRFJ/lI0rda/YD/Kin9o19xO98ipP6KP+Ue28M1RxVnZWeZf5bhLeMffaUPzwcjcwh4SIKmRii1jxWl7kz9IPPXy6bf+Fj8BkP00spfwshnpkC+NjUEoypjJtCXrYERd64KdJlS9DrHDe1vrIluA2OmxpdkZfVSyn8dgSMm5oZyXigMW9qrSVzKHFTGy0ZQoWbWmbJEArc1B5LhhMvb5wPrSeGOk3r90sBoSkcJcJMT2gKS+gr7di+sdP0BFPv6QmmbtQTUP7UYvCO1aPQHtaj7FwN0wzravtE1ROwroYEK1cDjL2rIcra1RBl52rYMGJdDQlYV9s3znqClasBxt7VEGXtaoiyczW8lWFdDQlYV0MC1tUdb8hajL2rIcra1RBl52rYucO6GhKwroYErKshwcrVAGPvaoiydjVE2bkaVMloV0MC1tWQgHU1JFi5GmDsXQ1R1q6GqCZXi1EU+2pJMsd1wiRD3A1ZMsQ1zpKhRbUkWVtWSxLBslqCvrKrlmSn2VVLsvfsqiXZjXbVEvCnXbWkdKxdtaT0sF21pHc1rlpSudo+Ue2qJZWrcdWS1tW4aqnR1bhqqdHVuGpJ72pctaRyNa5aUrnavnG2q5a0rsZVS42uxlVLja7GVUt6V+OqJZWrcdWSytW4aknl6o43ZLtqqdHVuGqp0dW4aknvaly1pHI1rlpSuRpXLalcjauWtK7GVUuNrsZVS42uxlVLelfjqiWVq3HVksrVuGpJ5WpctaR1Na5aanQ1rlpqdDWuWrrjJqGDT0DN1yTJPHffi7sm6Soj3T9O+ClOaMqiLzTw3F7qLeoqe09701/lbDFXIN8/45rlX0CXfq4UFF+ALYFix5ugnqYqN87PxCsnBCtXixMuH9eKv5M0n/2s2KffH45mp7P35bkIZMtJ1IctnyIPwIF3016J4y0Iv95fYtVpxfknExXrd2FabT2D11FOT/aZ0s0HzulVC9wDNBVLu5nLFvlXw2jeJIhfV5UTmQ2GZWKy4sNMt1+iWphSkfIg5URviwJbz81WtTDy3GzFOmmKNRtRh1pRh+5F3YVqsd9eoDqRfTSVZT/Vqj4wUn00haoX6zqqPtKqPvoWVR+emqk+NFJ9qIj1oYtYH2tVH3+Tqo9l1cda1Udmqo8Vqo8dqD7Rqj75JlUfmqk+1qreUc+pVs/pN6ln30zPiVkU9xVR3DeLYn/FZffLT2pqekDlp/Hr33aLD+Mf+kPz/XyN0gMzpfXnneX98IZzFv30xq5b+blOXSgYx0K2iAq38D9u4rzv91TOYlqcafCVnFQ7XtIouiPF3myj3zWiy6zYOuifKrYvio8Ca+0TUT1qAb39k+nVF6HXu5gmqHytUdtTFh+NgHIXH5PoqDS25SjeFD08mWKtuyZj0D9i17k186vXk+XMnw3NMl+t2lUx7dmhbOVsaG265UVotb4gXfL25URRGJ1dTa8m705kvXhKp+W/1X55aV00TRuW5sMeVTdL2iepHjaKXc76/Uq6ipduN5v8o9IX24zxUplH1KETStXleZfH9YJ63mXt7NQP4Zqm3gf65H1kayLq3t2U0YqN5WzVii35rNWHq4/V8vvblDcookw+zGrJj4dRUWzydj4+CA3ljUMTKG1B8j8ldy3uPXmk5fRYh+LKs7PhxNWJaNgWNMQCv2UuaHALByWKDf+6tR+UaG0euBT1Hzf1rlVNW2+F86mPTfL66c3vfsXkd9cVbuTivxuVqiLGMCqRjocDJ5Xj1QMndbw4cn0YwdGMemPLgIczEeA4RiWCehyj1u4IIgzbRRgeRQQ4rFCJoB5WqLU7ggijdhFGRxEBVvmVCOoqv9buCCKM20UYH0UEWJpXIqhL81q7I4gwaRdhchQRZloRZk0iTI8hwrRdhOlRRDjVinDaJMLsGCLM2kWYHUWEM60IZ00inB5DhNN2EU7dilDPppTXukCJeqsnNrd1FW0qxnzkpC4GJ+OqQNbtcTatHyjV5WLLmLNZbzIUI0H5sfIH1GMH3ca7uXcXxv6K/Xk6jHujtIoSppyKHTNqUJB2FaV+vEgxFLcfMNP+qP92doQhhtEUDDF0GUroXqJLoh26oNjUtUS/lhyp94hOfmw05fP9iU82H17Mbu5UTEhVON1QVH8ymbzt78UJ8OdgaFtE/slqxRcYMNrTW+vCriFZB0mLR7911U3vvHfEvyf+Q0LCSNESF1u9arNCs+G78cXlaC8LnsKAPeXzECRsf/yjpcHrH6QH/crDxigXLpKwmEzAxBf1zgYeGBg+1NWM0u2+Ja9sl8C35nFhbfxMRO+xUk8/fyut7tr18/+73NbrOYNBR67aYDvap3iQUg4SHeNlmNa4+ztlyWNI9iNPWllGnLQmj7lqsejw9YADpuK/w1Ds8lZT/dSzoSEgJ+oqo34cWvRupKeWAvORPb0lcTAP/6i9PKh3FXtcski/h/RkU3p4OZi0PJxU7GDxcNJIlv53XZS6DL7rotRl+F0XpS6j77oodRn//+li2jfdwAeGm/YnhQe9nbP++4uppkqrbv6DoutZLObP+8tdyhOqijnp7Su407f1AgDiBcbqr/Sn/wBQSwMEFAAAAAgA6ISTWgi7jPLIAgAAUAwAABEAAAB3b3JkL2VuZG5vdGVzLnhtbM2WW2+bMBTH3yftOyC/pwaSkBQ1qaahTH2buu0DuMYEVHyRbXL59rO5t2QV0JflIQbb/5/POfY55uHxQnPnRKTKONsB784FDmGYxxk77sCf34fFFjhKIxajnDOyA1eiwOP+65eHc0hYzLgmyjEIpsKzwDuQai1CCBVOCUXqjmZYcsUTfYc5hTxJMkzgmcsY+q7nlk9CckyUMut9R+yEFKhx+DKOFkt0NmILXEGcIqnJpWN4kyFreA+3Q5A/A2Q89L0hajkZFUBr1QC0mgUyVg1I63mkG84F80j+kLSZR1oOSdt5pMFxosMDzgVhZjDhkiJtXuURUiRfC7EwYIF09pLlmb4aphs0GJSx1xkWGVVLoMt4MmEDKY9JvowbCt+BQrKw1i9avTU9rPR10ypIPm5Zs9w9JBedK91o5ZjYVfKI44ISpsuoQUlyE0fOVJqJtjrQuTQzmDaQ00cBONEctJXNG5lq/yptUbUNHXCM+fXe0byy/GOi547YTYtoFWNMeLtmYwk1J7hbeFZoesH1RhafBuAPAAEmIy+LhrGtGRB32W052ci0ajhBy8niHmeeMT1AXExC+MvGDttYeY+lYh2n03DNHkGrRRqlSKVvicnIQtAQVz1idcByjl/7TDItaOsWeKW9PRTHzyXqD8kL0dGyz9GeupJ9ZtMcdIP3p0KozxnzK0XCVHKKw6cj4xK95MYik76OyUCn3AGnSgHbOFVWOc35cZptd8rT6diSCPbdR6BzDvVVGKAiAkmkuQSmy6bTwivnCSNchXbsyXQG/tb1DysflL3mitW2d1P/rNR8kMbPO+C63rdN5EVtV0QSVOS6N1LSf0rbKIGw8dTMRYkm5sZxrS7PbOz9VfvyXFjXUaE5gPsH2MorRuNANSSrCeV/7esttzFnOmNFeVH9eh8C90YE1gc3iu4P0X8YgZu+fBCN7lnt/wJQSwMEFAAAAAgA6ISTWvLf+l7eAgAA6QsAABAAAAB3b3JkL2hlYWRlcjMueG1spZbNcpswEIDvfQrGF58SAbaxw8TJNMm0k1snbR9AFsIw0d9Iwk7evitAmIQ0gwkHyyzab1f7B9e3L5wFB6pNKcV2Hl2G84AKIrNS7Lfzv39+XGzmgbFYZJhJQbfzV2rmtzffro9pkekAlIVJj4psZ4W1KkXIkIJybC55SbQ0MreXRHIk87wkFB2lzlAcRmH9T2lJqDFg6R6LAzazFkdextEyjY+g7IBLRAqsLX05MaKzISt0hTZDUDwBBCeMoyFqcTYqQc6rAWg5CQReDUiraaQPDpdMI8VD0noaaTEkbaaRBuXEhwUuFRXwMJeaYwu3eo841s+VugCwwrbclay0r8AME4/BpXie4BFodQS+yM4mrBGXGWWLzFPkdlZpkbb6F52+cz1t9Nul06BsnFkwd4Xoi2XGel09JnaN+oMkFafC1lFDmjKIoxSmKFU3HfhUGjwsPOTwWQAOnM26yRaNbLX/jbaHJg0n4Bj329xx1nj+OTEKR2TTITqNMS68tek94VDBJ8OTQtMLbjRy+HhAPAAkhI58WXjGpmUgcupuxylHtpXnJB2nzHqcac70AFl1FiJeeD/c4tR7LJPZrDgP53OEnC62uMCmeEvMRw4CT1z2iE2BMUme+0x6XtBWHfCV93Ko9l9r1J9aVupEK79GezyN7KM474Bh8r4qlPmaM78LrGCSc5I+7oXUeMfAI2jfADowqDMQNC3glqDpqsDXT+DTHtTVGbiROLuB7z8FgmWqsMaP0DtRsv6+DNfwqnNSeHVaJ123F0hT+MTMnrazMAzj1eLuvhM90BxXzPae1PRful7usnq1EsylBwzFJ0o2Q07GaG4Hwp20VvKBWJf74oPN1B4pFe/kqGcW70y7+k0EXihUO++VhLwsk03YwHp7amvdlqtFErZczzMKE0gM7MA50ODsbjcrXanEy+7mqXKZwpWV7SmaoBDJpPa2wvpq+fUG1EbPrfUvfKnf/ANQSwMEFAAAAAgA6ISTWsjM7E4mBAAAXB0AABIAAAB3b3JkL251bWJlcmluZy54bWztmFtv4jgUx9/3U0RII3YfWudGCGjoiO20q66q0WqH/QAmMWDVl8g2UPbTr53E4ZZWgcDT0gdcju2fj8/5+4K/fnunxFkhITFno65373YdxBKeYjYfdf+ZPN/FXUcqyFJIOEOj7gbJ7reHX76uh2xJp0jodo5GMDlcZ8mos1AqGwIgkwWiUN5TnAgu+UzdJ5wCPpvhBIE1FynwXc/N/8sET5CUmvMI2QrKTolL3pvRUgHXurMBhiBZQKHQ+5bhnQzpgQGIj0H+GSA9Q987RgUnoyJgvDoChWeBtFdHpN55pJrJReeR/GNS/zxScEyKzyMdyYkeC5xniOnKGRcUKv1VzAGF4m2Z3WlwBhWeYoLVRjPdyGIgZm9neKR7VQQapCcT+oDyFJEgtRQ+6iwFG5b976r+xvVh0b8sqh6INBtWDzcA6F0RqWxf0SR2RffvPFlSxFQeNSAQ0XHkTC5wVu0O9FyarlxYyOqzAKwo6VQ7m9dwqX20tX0v0rAFNnG/zB0lheefEz23QTYNourRxIX9Ma0nVCt4O/BZodkJrtdw87EA/wgQJajhYWEZcckAyXZ1Gw5uuKwsJ6o4ON3hnOfMDiBdnoTwA+uHKUz3HZZMVbo4DWdzBExfqOACysU+cdZwI7DEcIdYCIzw5G2XiU4LWq8CbuhODrN5u4X6h+DLbEvD7Wgv2y17zU6boBsdqiKT7Zz5uYCZ3slpMnyZMy7glGiP9PJ19Ap08gw4xRIwhVOsKsfqx7Fpd3J1OmZL7DzoWyCcSiVgon4sqbP37UUvJbdj4EOB9A1SGGNxYRzPFBK/CwTfTBNDYdIMO1xBLStv3I89/2nQAaaGLonCr2iFyGSTIdsmtxJjLVopmhFb13t6Go9jNy5qyMpUYF3YsXJfqsGKVvou+0wrY4oSTGGJzn6qDakGnsDpFKWvXgWf6FPOVn7x7iv7n4m1EjRTJeovYQrMzFyNuYjQcIaFVK/YKMQ1LUHVVJTFM2dKmvjKBGtNTjBF0vmB1s7fnEJmGAhKNZYY1lYuxjrAtTWJPDbnvk7zT2wn4RZWqcNCHmEmD+1K4Dd0YEw44aKy5X9l63+t1fet5VEe2pbWwPQPj8Kkf6eoMcFzZqumUCKCi2pQhgvk8T/Mvdcw94SvkXhFSiv0k/z7tfn/9Yv/W1sB9P3/mwTCGgmE15CAf4oEduJQq4DgAwUErRXgheFNAleSQHCxEyD8IP9h6/z7XnTL/5XyH170FOjV3wJ6rW8BfhzfJHAlCfQueQpE9QqIWisgiNybAq6kgOhih0C/Pv391mdAGNyugddKf/+iZ0BcL4G4tQR67u0aeC0JxJc8Awb1Chi0V0D/dhG8nALA3utUmWsn/zRPVV6nfP0apsv8bSw3hmHQc70g7h++db2ke7MDOceWxSvXw39QSwMEFAAAAAgA6ISTWjDdQynOBQAApBsAABUAAAB3b3JkL3RoZW1lL3RoZW1lMS54bWztWU1v2zYYvg/YfyB0b2XZlusEdYrYsdstTRskboceaYmWWFOiQNJJfRva44ABw7phhxXYbYdhW4EW2KX7Ndk6bB3Qv7BXH7Ypm06T1sM6tD7YIvW833wfkfLlK/ciho6IkJTHLcu5WLEQiT3u0zhoWbf6vQtNC0mFYx8zHpOWNSHSurL14QeX8aYKSUQQyMdyE7esUKlk07alB9NYXuQJieHekIsIKxiKwPYFPga9EbOrlUrDjjCNLRTjCNTeHA6pR1A/VWltTZV3GXzFSqYTHhOHXmZRl8iw/shJf+REdphAR5i1LLDj8+M+uacsxLBUcKNlVbKPZW9dtmdCTK2Q1eR62aeQKwT8UTWTE8FgJuj06huXdmb6q7n+ZVy32+10nZm+DIA9DyJ1lrD1XtNpT3VqoPxyWXen4lbqZbymv7aE32i32+5GCV+b4+tL+GalUd+ulvD1Od5d9r+93ek0Snh3jm8s4XuXNhr1Mj4DhYzGoyV0Ws9ZZWaQIWfXjPAmwJvTBTBH2drqyuVjtWqtRfguFz0AZMXFisZITRIyxB7gOjgaCIpTA3iTYO1OPuXJpanUFpKeoIlqWR8nGDpiDnn57MeXz56gk/tPT+7/cvLgwcn9nw1S13Ac6FIvvv/i70efor+efPfi4VdmvNTxv//02W+/fmkGKh34/OvHfzx9/Pybz//84aEBvi3wQIf3aUQkukGO0QGPIDCDATIQ55Poh5jqEttxIHGMUxkDuqvCEvrGBDNswLVJOYO3BVCACXh1fLfk8GEoxooagLthVALucc7aXBhj2k1t6VkYx4HZuBjruAOMj0y2Owv17Y4TWMvUpLITkpKb+wxKjgMSE4XSe3xEiEHsDqWlvO5RT3DJhwrdoaiNqTElfTpQZqFrNIK6TEwOQr1Ludm7jdqcmdTvkKMyEroCM5NKwkppvIrHCkdGj3HEdOR1rEKTk4cT4ZUSLhVUOiCMo65PpDTJ3BSTkru7GLjIWPY9NonKSKHoyIS8jjnXkTt81AlxlBh9pnGoYz+SI1iiGO1zZXSClzskHUMdcLyy3LcpUefr7Vs0CM0LJL0zFqaWILzcjxM2xCQuGL7E1RGNTyNuRoG5103cQJXPv330P6LsbXh6mXpmkahX4RbpucOFT99+dt7B43ifQEO8J+f35PwukvOqfl4/Jc9Z2NY32pmaaOWue0gZO1QTRq7LjL8lhOf3YDIbZEKzTX4SwmVhroQLBM6ukeDqE6rCwxAnYMbJLASyUB1IlHAJRwtrpe7sfEoh5mzOnR4qAY3VHvfz6Zp+2JypyUaB1A3VUgVnNVa79GbGnBx4RmuOa7bmnmrN1rIJfYNw+irBaVRz07BQMCN+mvdcwbQsay+RDLFPiho5xkCc2hnT1nx11jRrG7U3s3aWIunm6ivMuWuoUmWpSvZyO7K4PELH4JVbdS3k4aRlDWG7BZdRAvpkSlWYBXHL8lQRyiubeTFg87J0KisDLplIhFQ7WIa5VHZr+i4mnvtfdetpHtYTgIGNzuZFren8h17Yi6UlwyHx1IqZ+bC4x8eKiMPQP0YDNhYHGPyu56vLpxIeFdXpQECH1ouFV+78ogsW3/kU3YFZEuKCk5pa7XN4dj3zIRtp7tkrfH/NUGprDMV9d0NJVy5scGt+duqCbYDAKF2jLYsLFXJgoSSkXk/AxiGzBX4haIvUJcTSN9ipr+Rozlu5jpzkglAd0AAJCkynQkHIvirifIUyp6o/X6eKCp6ZuSuT/HdAjgjrp93bSOO3UDhlkyIRGW6xaLapuwZB7y3e+dRX7HxO3x7MDdXPsxepa6SvPQo23syFcz5qq+aIq+6ZH7UJHFNQ+gXETYXH5vvbPj+A6qPZjhLBQrzQLNpvNjkAn5tacKmqf3cbNS9Bc0W917n51JJdW5Hs0829frJdQ67d01NtL7eorR1kstHSP1l8cBds78D5aMyUzF853YNDaWf6HwToseeiW/8AUEsDBBQAAAAIAOiEk1rvj+8ILwEAAOQBAAATAAAAY3VzdG9tWG1sL2l0ZW0xLnhtbJWR207CQBCGX6XZWyOtlQgSWtKAgMRyEFoOd2u77K52d5o9CPj01nqKMV54OfP/M/PNTLd3FIXzTJTmIAN00fCQQ2QGOZc0QMlqeN5GjjZY5rgASQJ0Ihr1wi6FDh1ApvtWGxAbUQywwUsDClPiVC2l7lAIEDOm7LhuVrsAKkFnjAisGxSAFqSRgXDRR4H68n+aoCSy0vagBDZVqKgL+z3PSDXaCiKN63velatIgU3FrxkvNXKs4gEa1f2/Ed/40vc1fVTz5z+0/0MrsDI3ipf16pxKbKyqLhTF5tgSNJok8VnzyU7bN32+TZYnreJ815oNZlEQoLBP4+PdY9SMxrcsXrPDenQ9T7nXXLywBfa3l+vVxNul7LDbsHnum+lDcm/T1XDcdX+hh3Xuz3eEr1BLAwQUAAAACADohJNaPsrl1b0AAAAnAQAAHgAAAGN1c3RvbVhtbC9fcmVscy9pdGVtMS54bWwucmVsc43PsWrDMBAG4L1PIbRoqmVnKKFY9hIC2UJwIauQz7aIpRO6S0jevqJTAxky3h3/93Ntfw+ruEEmj9GopqqVgOhw9HE26mfYf26VILZxtCtGMOoBpPruoz3BarlkaPGJREEiGbkwp2+tyS0QLFWYIJbLhDlYLmOedbLuYmfQm7r+0vm/IbsnUxxGI/NhbKQYHgnesXGavIMdumuAyC8qtLsSYziH9ZixNIrB5hnYSM8Q/lZNVUypu1Y//df9AlBLAwQUAAAACADohJNahWtxytgAAACUAQAAGAAAAGN1c3RvbVhtbC9pdGVtUHJvcHMxLnhtbJWQQUvEMBCF74L/Icx9m3YVkWXTvSwLexUFryGdtoEkUzKpCOJ/d8q6gj0IBibDJLz3PWZ/eI9BvWFmT8lAU9WgMDnqfBoMvDyfNo+guNjU2UAJDSSCQ3t7s+9419liuVDGc8Go5MFLPx8NfDTfZ9Ns7+5X17U+QQk6iQ0bGEuZdlqzGzFarmjCJJ895WiLjHnQ1Pfe4ZHcHDEVva3rB+1mwcfXGKBd8lzUT9jz73GJNmf/Q7nIiIRwBQ5EQ8DKUdSg/1b/M2PGYIvslkc/8eKtV0n1epPtF1BLAwQUAAAACADohJNa0toSBsgCAABWDAAAEgAAAHdvcmQvZm9vdG5vdGVzLnhtbM2W226jMBCG71fad0C+Tw3kWNSkWjXaVe9WbfcBXGOCVXyQbXJ4+7UhJrRkK6A3m4s42PyfZ8Yz49zdH1kR7InSVPA1iG5CEBCORUr5bg3+vPycrECgDeIpKgQna3AiGtxvvn+7OySZEIYLQ3RgGVwnB4nXIDdGJhBqnBOG9A2jWAktMnODBYMiyygm8CBUCuMwCqtfUglMtLYbPiC+RxqccfjYj5YqdLBiB5xBnCNlyPHCiAZD5vAWrrqgeATIehhHXdR0MGoBnVUd0GwUyFrVIc3Hka44txhHiruk5TjStEtajSN10ol1E1xIwu1iJhRDxj6qHWRIvZVyYsESGfpKC2pOlhkuPAZR/jbCIqtqCGyaDiYsIRMpKaapp4g1KBVPzvpJo3emJ7X+PDQKUvTb1m53C8nRFNp4reoTu1q+FbhkhJsqalCRwsZRcJ1T2XQHNpZmF3MP2X8WgD0rQNPZop6l9q/Wtq2P4QLsY/757FhRW/45MQp7nKZDNIo+Jrzf01vCbAZfNh4VmlZwo57NxwPiDmCBSc/LwjNWZwbEl+p2HNqzrDxn0XBo2uKMM6YFSMtBiHjq7XCDk7dYOjVpPgznzwg6LTIoRzp/T8x6NgJPnLWIdYIVAr+1mWRY0OYN8MRaZyh3XyvUX0qU8kKjX6M9Xlr2gQ9zMFx8zAqpv2bMc46k7eQMJ487LhR6LaxFtnwDW4FBdQJBXQJuCOqqCnz+BP7Ygyo7A9cSwab1LzA4JOYkLVETiRQyQgE75eppElUvSqucJW7t0U5G0SKezm8fQDVr71jjZpfnj5Pav6Tp0xqEYfRjuY22zdSWZKgsTGulov9WbtASYeuqfRdlhtgrJ3S6grrgx7Pm4al0vqPSCAA3d7CR1wzvQL2k6heqb+/sVcex4Ibysrqrnj8GIbwSg3AWPsSr+f8Yg6u+fBaP1oPe/AVQSwMEFAAAAAgA6ISTWnmnYMGiDgAAgCwAABAAAAB3b3JkL2Zvb3RlcjIueG1s7VpZk+I6ln6fX0FkR0w9UFnejU11VofZdzA7vHR4kbHBtox3+PUj2RjIJOt2VlbPTMydS0Ri6Uj6dDadc2Ty7/9IHbsUAz+woPvyhfpGfikBV4O65e5evizmrWfhSykIFVdXbOiCly8nEHz5x4//+HtSNUK/hBa7QTXxtJcnMwy9KkEEmgkcJfjmWJoPA2iE3zToENAwLA0QCfR1giYpMmt5PtRAEKCd6oobK8HTBU5LP4am+0qCFmNAltBMxQ9BesOgfhmEI0RCeASiPwGEJKSpRyjml6F4AnP1AMR+Cghx9YDEfQ7pHeH4zyHRj0iVzyExj0jC55Ae3Ml5dHDoARcNGtB3lBB1/R3hKP4h8p4RsKeElmrZVnhCmCRfwCiWe/gER2jVFcFh9F9GqBAO1IHN6AUKfHmKfLd6Wf98XY9Zr+brL4/rCmB/bFu0nUiANLSDsFjrf0R3+fIG1CIHuGGmNcIHNtIjdAPT8q7RwfksGho0C5D4jxQQO/bTNbJRHzxqPwttjdwMN8CPsH+xnWPnnP8xIkV+wJoY4rriIyy83rPgxEEefNv4U6q5Uy71weBTANAPALwGPpgsCgzhgkFot9ONcawPHqsCh7/iWPodzueYuQPQo1+CoJmCD/zAy++wAj3UzV+DK2xE4LVKqJhKYL5GND4YCApE9g4xdzAbaod7TPBrSuOugCfnzobe7vcOatuHkXdDs34PrXsL2Yn7awKS/Fuv8ILfY2ZmKh6K5I5W7e5c6CuqjThCx7eETmAps0ApPwL4UcpPVanwn1Jh9lLmnSUcEp9+oPrPQwS26im+0kVnh2F5gRcY7imjotQZYmrl8kHUKiox9enLE0mSNMfU6ldSAxhKZIfZSPbJ0Sd+9qjp2TOEaLtqrCDncy37icA0GxjhA1GFYQidB7Jv7cx3JoMwAcB9QyfutlXU4PIsJmkooQAfc+9BZBckNpmD3c3JdrtOEbFMOW6BF3iKhgyDZigGQkOy49m2hV0FeUDRmUbYUkoUwnyLvfaGi1y2XFV+C7phgCEDzULuO7ccEJRGIClNoaO4GBMoQSgFlvLuoCm5wfvLtOCRnO2sQRv6BUsX42UDwbmg0ldKPXhNIy6cE1dj+38CadC9yNbrqHosXVvzk4esqIKd5RYz/zzSWm4Q+nN03H9MpHYTD9wofzJRf2LYAOAYGIJXtr2Pd7RINiX+6X9XBy6c+BAa/059hD/oLKb9P7EzcPU/3/ENf3x7ZUMcjB+TO81W6EqzVvkruf92cmd/mtz/j/vS+2n8FnaKeagKlWykFheFzDoSFWk8I9ZNiGrY0hQcI8sHiFVU9mbOcrkMo6ZXVVzNRKzqVhDOM73iVu3aGlxb06wVWI5ngwm2E+rlrxNi0AHYgoh/juI5IbOICkzL1RtQe3minkr4ggL0bI2tnGAUdt06sO1szLR0HbjZmGLbMBnHwLcVLxvDpfGFRXw+eEngWo0KcxkAupUdG4biREpo1p4yia4sltIM9IS/iWwI+ZeFX390rpy3fOggJ4V25LhPxZyxYQQg/CEIyBWRlu9pRTeHeQW6fAOKj/rOVzzzLe4fYi6zySgeICuW8HtbmhMQI+gWoCFBaIFlhUIaYBhAC5v5VDuTNczNkn2rN7kTxMYIuiDv6VCb+CV8PUeBxlUcdGZaPgD4KlmqXFZoo7iNebe0lo9mTHxEVqq7nFS8OfvEi5fsdccdVAPdiEuR/5t3w/w6hhlHd7vAyxtIhJmXMY57QXaUlGpq+A5+IkTsHyyJHJbNvYThOZpkhadMVGSBi/p5kkHnMlc/x4kkl53RG5IWBWEbwKytxIMgzFWlFy3FLFpa6hZNH1kO28zObBZmNvMzm6n5/p4S4nVFs5TcsWJeOSkhNv0I/9IwPmBz4+kOjMEcZgvDN0eAuB+13cdZrwQsJryeeOXi16eTb2ZqNgxATsIyXhuZ3MRrzbqwZdk2kW/wikDkFOJmZdwKUzXN0gx6XoPi2yzMiRxXoSrkvzkLf/IuivdvWNgzkD2LlKCGA7/Isv/6Tif5lmK/TmhX0iWNXfs4eeWdj6Ysin0oV0WKoysCz5Zi6gNVD9NoNmq1Jvt7+s5H/of0nQtCvHEk4s7FUEuF+gmF1MDTWpaPkiZS/gSJnKcwH+ey4BgpPkDZr+sitVMUy2C+wqyHI/YrslqQ88yXxYe8WQ/94pi7UEKSGFZIXNjJmbh0sihIvAqz9/085+SYmXTXkoC4Fg5ZDdFCKVlVtEOmbUtDosfVAEfbzILvZWacV+7SSQki82DaP1PsUv8MKJLmUR0RnrAxiqxXRYUeysEh+O4oPrrVP+NitVrxwqKPCtoq+T2x9NCs0iTzTeDQmJmVHVWa/sai3vkZFRwgrT5fq5DvsRVcfjSqZk0b4QfwGZvkOeOgmtvlRsWVDpIK5AyQ7wzknDzSsyL23ZG8xr4MFRI/I8VZZ+RPin0n/PsTnovCInPZ17NQsRRa2k9BiuE3EPEzfjzn9sO3BZTfIEqpgXUG15j9tUgy2ITo6FHYN2F1Z6T4PfbL06IZoNMsS7Wd1JXQpyvX6d3ZmhE71Bk3a+h7jukrchSr7tRGf8ayYyfb9UgfuGao9mZTeVFpDGu11n/+jWK+oy/yu0jutcTornoLviJLO5vf9MkZWYeddu0wT/uDbTvl5m0z3nNjuk3OpqsRPBMVwY3EREsPrWF7tOOPkXwc8FPphkoG3Ia3fC4ORbtB9ZJao5uMh71+x+vYns+LfUPv7E/pzPGtmbE5lxczdzXZVKTIGHUVvc8Pm71hKkpeg4CNG+rYnvvQN9e03WpatqON6ak+Cvd1Lm20RK8ezU+bWo1TLV6V2eAEe8xOXMnkCRVBg/OO6+v1td0f7GNtJYjMDXW2GB/XiXvmGv7O7YS9eToOZKPZ784rDacxW9SVNKlMj65QESrbwJkORUAvnQmojdjouInn4aqyj639ThwRpxtqL1gDbXAkj+VVg3cEZJcGQSRD6dGKEkvMOgSFrdiTsRUHmL5merbaGcYDt2ffUNXO+HAYto7JWRqaUbkRbyZTY91WktTaz63ynmzHXidobCxnqKzIzYk2fHrITmpD11cXKiGLrE0YhDm0qOP0jtdllw7GIb/o7fTy1mrsDGMggEPLbs3UeElCyDbVunlup6whtqe6SnOdYbAxj3Y9aXO2PziKqrU9pKuxddzcUGl6Y819hT5shhFlU6HcYEhCnThMkmxGZEoJO5XlJF1GQx63J4JWjZ6TLbkyJd35qLlk9jwUDSCffUhZdz6wkii25ZRlQaEUoVyLI0In9KFK9zZcZE1Us00cQpfVju0FAXzG0+Kk/jPd31DRWRKUfs3qyGigGzTxicIztp3eeUAvTio5jTcnjlVXp2A5isb0SZINhVgYZF0YVdjD3u9N3dZ6uVS8/g31SPMHZs1KydyiLfPQH3fUcrwbj11wdnwAB+dhzTSG7FYYK6l6krn6auQvGvZou2/astuEirse8kqZYbba8s5a+iZdzqXeLJqTg3oqMp1KORy75Oo4lXezU7O7NJv0euVqFOQ8UZ9uOwe77Wxd2F3Xz9PeMElPDmfulqa7vLNWvG1N24ExOEqjuSKNtFU38ufC0GE2Kr+dOSw42YN+epqOF8toABNnL2nENAxGq1QYkdR6NDjPN5NKDa76THJDhdTY65U3G2VBiUv+6EVyc+Btw1Spd+GJOw6g1Fn2Js3OSBGW5KkH5fU4cJ3TieCFgGBsnlpHjZE7V3yLbt9Q14el4QTq5NQlyPGSaZ7oEyVP4vF4S8bBeQp8Sd1Px0J3StaVARhx1q4+thrzQScaDCW+5/d0ThEpSjoOvfEN9SxuRqmp79M+TFmfVGR2EgosPYfr9rjpnDQoy6qeWmWfQ7HinC473CAyD5AazlpdsjIvm35FEPcMI0jbO1R2x9RloNmNaFA3Fo0VRdFexe7EtS4vabpiMu15d3oW23RjbySkNu6yvUHQ7iYkHQz9A88fQBQGiUeH23nthro6OkLUPtR2a9aOXHU75VlC7O5pVm73BZGVj4QTjcKNOCzH9HlcU2f1vSd0mAM14Txn2l6cakJ/QNdnA+R5N1SDapqJUBdWZ354Is9p3a/F9IA0ifEGHfTjjm3HPuyfxa28R57bX9faotDshJxrcD0GbGq6QXfUiZCdtxvq+1Gv1omdlGAS3Atw1Jvczts01mnutF1vItCmgnlTHM2EkdQaJIM7VGjYdb0S9Ky1cmhv50RTkltdf9pBkW5rl5EzbkN6RNKCTlQmY9sGw2Ei0Gr/vEo62mJjgIPWJw+LunS07zTgHfVVAoyOQJLj7mE6mu7K48WwydRCc2GnwB7Ak8rXmAma1TIpCYbdbpT6bXm4l/WVSa7Uw9SqAEugtm3vLmrz6xREvWQsmPYhTHtHJrYaHAkEtdPgjkF5JS8mmh0R5SnQRcLiHUph+IVZiSnjWHa88mo/0Xyy1XTHY+OGKjEso3XKMBrta662aw7njQloiotkaB7DQ7ruSpywbbjdozcnRpRMYP0ShNCQWrWBJHdD6WeR8N2q4vFTU2VajPT2MtJb4gKsa7ZGkZnFkLVrkkXeobYkqS1JGFIypcZe7BrECndsCYfa4AF7kCB6SzxtV+l5cOKy579AHaQQtrs67lqJjEjsI+oOCduenrSTaA8dsanSwyu/d3pFe7xCboKy2iEM3KljviThAVnHO+bIB5XRI81Z0rjmuvMBpPWavMk1JyGxJ0OM16jJGenlNhNdPvT9y9MzRVVEnhXIr185FpeC+Kr+8uR8tS+Fol/UjXbR+Po1RXceA93T8cs/A5f9Pjzk7ewmkXVLe4h/4couBI51+RE2ruILRGQrQdbJ3oEovg8TeMjuQ7B6ffWBKQamaNB10W0uzH5cwC8PoIPuWGieClN8zUNXp6+4qn1V3Wbwl0klxAdA00QvRBOz76e/XiL89RLhv+klwtXvsnZ2rc7nZhdt4tX1m3j3Lf+9nojsH4h//BdQSwMEFAAAAAgA6ISTWvci6afCAQAAqQUAABQAAAB3b3JkL3dlYlNldHRpbmdzLnhtbJ2UzY7bIBDH75X6Doj7xnaapKm1yUqrVaVKPbXbB8CAY7TAWEDiTZ++gz8Sb9PD0tMMA/+fZoaB+4dXo8lJOq/A7mixyCmRloNQ9rCjv56/3m0p8YFZwTRYuaNn6enD/uOH+67sZPVThoAnPUGK9aXhO9qE0JZZ5nkjDfMLaKXFzRqcYQGX7pAZ5l6O7R0H07KgKqVVOGfLPN/QEePeQ4G6Vlw+AT8aaUOvz5zUSATrG9X6ida9h9aBE60DLr3HeoweeIYpe8EUqxuQUdyBhzossJgxox6F8iLvPaOvgHUaYHkD2HD5msbYjowMlXOOEmmczYWjxIzzf8nMAOKYhFh+mvKIJspnLC+CaNJw0x1lUcsCa5hv3hJrnUZczYjDgGngL3OmTGva+gI8m3iHhpffDhYcqzSScCoJDhbpwWS42WjIMCxkaguZqiF90+ke369QJz9a0pVxIr7k22Kdbz6v+v0KxPmp3zsx7EJBsxjF1/td1mGK5pfoD3Vo/hF+hvY2+AghgPkrjnk8Che9cNVY/HUoLvzveC46LeNy9DlowM+CHQMMCD3LLE1ZvckoTevmladIs2vRgztZ3zuzD3b/B1BLAwQUAAAACADohJNal4VqnMcCAAAXCwAAEgAAAHdvcmQvZm9udFRhYmxlLnhtbMWVTVLbMBSA953pHTTeg2XHSUyGwPCXThewaOkBFFmONViSR1IIuUTXXbRHYNUt52HLFfos28FAAphOaTIZO0/SZ+nT0/Pu/pXI0SXThis59oJt7CEmqUq4nI29b+eTrdhDxhKZkFxJNvaWzHj7ex8/7C5GqZLWIBgvzUjQsZdZW4x839CMCWK2VcEkNKZKC2Lhr575guiLebFFlSiI5VOec7v0Q4wHXo3Rr6GoNOWUHSs6F0xaN97XLAeikibjhWloi9fQFkonhVaUGQNrFnnFE4TLFSaInoAEp1oZldptWEw9I4eC4QF2dyK/B/S7AcIngAFlV90Ycc3wYWSbw5NunMGKw5MW522TaQGSeSdE2GvmUV7K4S2WSWySdcM1e+SXY4klGTHZQ2KadyNGLWKVYLmiF20m6yatvwIuRbmHgo4+z6TSZJoDCbISQWIhB0bVzpYXVCULarSgZjXISff26pOLFiNJBIDOuWAGnbEF+qIEka5DQaQyLIA+lwQ04FLYAPdwH0fwC+Eu8vyyI82INsyuOuIqnBLB82UT1Y7rGgpuadbEL4nm5WKqJsNn0DA3Uzz2TjDG4clk4lWRYOwdQWQY9w/rSFg+y3126khvFcFlhDqO+xtUHOo4qz7wTL8y8cTIEcn5VPMNJibOQPmNwEPYyYRZcGO6mzh4bCKMhu9i4vQrOuWSZsq5ILk9g3Az6bub67ub3+j2x/fbn7/qRa3Nmx0wFYK1eGPexGttCZUwvS5xUn7FkvWucNh2NTg4Gk6OJ21XsRMRvuAKXgI7HV0dwBbmG3LmECxEddaE/ylnhnHUe4+c+cTgtcrJBhNV/bivI71/WkfcZMN4eG+ivcoHJvCLJjpnhKus607O45K74ez8TdaQuVVrVCUsJfPcPl/9BBS/5/aveg8MOle/t70HHp7oqIxEq0iX/Qte3L/6xuz9AVBLAwQUAAAACADohJNaOSvzHRIDAACCDAAAEAAAAHdvcmQvZm9vdGVyMS54bWyll81y2jAQgO99Cg8XTomMDYZ4QjL5mXZy6XTS9AGELGNNLMkjyUD69F3ZlnFimjEOBwQr7ber/TNc3x547u2o0kyK9XR26U89KohMmNiup39evl+spp42WCQ4l4Kup29UT29vvl3v49QoD5SFjvcFWU8yY4oYIU0yyrG+5IwoqWVqLonkSKYpIxTtpUpQ4M/86lOhJKFag6UHLHZYTxocOQyjJQrvQdkC54hkWBl6ODJmZ0MW6Aqt+qBgBAhuGMz6qPBsVISsVz3QfBQIvOqRFuNIJy4XjSMFfdJyHCnsk1bjSL1y4v0ClwUVsJlKxbGBr2qLOFavZXEB4AIbtmE5M2/A9COHwUy8jvAItFoCD5OzCUvEZULzMHEUuZ6USsSN/kWrb12Pa/1maTVoPswsmLtC9GBybZyuGhK7Wv1RkpJTYaqoIUVziKMUOmNFOx34WBpsZg6y+ywAO55P2sk2G9hq/xttj3UajsAh7je543nt+efEmT8gmxbRagxx4b1N5wmHCj4aHhWaTnBnA4ePAwQ9QETowIeFY6waBiLH7rYcNrCtHCdqOSzpcMY50wEk5VmIIHR+2MWqd1g6MUl2Hs7lCFldbHCGdfaemA4cBI447xDrAsslee0y6XlBW7TAN97JYbH9WqP+ULIsjjT2NdrTcWTvxXkX9KOPVVHorznzO8MFTHJO4qetkApvcvAI2teDDvSqDHh1C9jFq7vKc/XjubR7VXV6diRObuD3XwGCeVxghZ+gd8IoXEZQjpNKCo9OY6XL5gXSGH5iJs/rie/7wSK8f2hFjzTFZW46OxX9l6qW+6RajQRz8Q5D8QmWT5CV5TQ1PeFGGiN5T6zYNjtxmJo9peKDHHXM4o1uVneIwAOFKut9ISEv82jl17DOmcpae+QKLtZwHU8XmEBi4AROgQZ3t6dzZkslmLdfnkubKVwa2dyiDor6LoXRVlkTBoX6wjjV3k+6954lx8JqU6zNnWb45GZ2J/RpNaL74soykblU7np+9ao39F8nDVrJg34vQ43nqEmrXat3+Atx8w9QSwMEFAAAAAgA6ISTWpdwnKxbBAAAQQ0AABEAAAB3b3JkL3NldHRpbmdzLnhtbLVX33PiNhB+71/h4YWXEmwDTuI5ckNCaHITep2Smz7Llow10Q+PJIdwnf7vXVkWmIS5CdfmCWm/3U/r1aeV+PT5hbPgmShNpZj2o7OwHxCRS0zFetr/9rgYXPQDbZDAiElBpv0t0f3PV7982qSaGANeOgAGoVOeT3ulMVU6HOq8JBzpM1kRAWAhFUcGpmo95Eg91dUgl7xChmaUUbMdxmGY9FoaOe3VSqQtxYDTXEktC2NDUlkUNCftj49Q71nXhcxlXnMiTLPiUBEGOUihS1ppz8Z/lg3A0pM8/+gjnjnzfpsofMfnbqTCu4j3pGcDKiVzojVsEGc+QSr2C4/fEO3WPoO1209sqCA8CptRN/PJaQTxG4IkJy+ncVy0HEOI7PJQfBpPsuOhuMPzc8l0CHB9EkU88nnYHxve4dLY4PI0Or9HQxuLDCqRLg8ZC3Ya47jD6ATGZP7U5SSnFW2yI9zy/R7qt2kdUbWDHmimkNp2Jc3z9H4tpEIZg3RA2gGoM2iyC5w87E/gFBf42ga+JEGzc70raGnfpeTBJq2IyuFcT3tRnPSGFoDTJIuVQQYYU10Rxmx/7OWMIEhgk64V4tDavKWJwaRANTOPKFsZWYHTM4LvPI9DB+clUig3RK0qlAPbjRRGSeb9sPxdmhtokwpOsYsopDRCGvKH6s4gwOp/EB06teZmseHrWCLwm8krnkOrpzkIdE18P1q5CwFCBOKwEwdNfikxsZWqFX2/ZHq+GtGkLdrRhSTcX4pi8mgVsDJbRhZQzBX9TmYCf6m1ocDYtPr/kMGPEiDCrvwVNPu4rciCIFPDtn3QYo0yFoxWS6qUVPcCg1Y/bDFaFETBAhS0vwQ5UyU3TZ3vCMLwbPigdWtN/gJnaBmjRzgmT9fSGMnvtlUJtf4fdnLYlS88frD2gz/hpHjXMAzjyej6xmVq0fcg0ex8Hs2PIfFleDtLjiHjUZQkR5HZRRKGF23ObaY8ta8NewrdyMo94C7iBvFMURQs7XtkaD0y9XRNhcczAk2VdJFVnXlwMHCA5oixBRTeA6GzY6qrOSmaMVsitd7zth7qqBV64Zcdl+2tRP2mZF05dKNQ5WTsXaLxuI2kwjxQ7u26zlY+SsA10IFqgb8+q6ZO+/JsUgOyaNrBA2rk1fgSMfi2auXH1MpKhyxRVTkFZuto2mN0XZrIisbADMOztZlk67jF4gaLHdZMUG6/DLzbwd4We1vHb+Rto71t7G3jvW3ibZO9LfG2xNpK6DkKLqQnOAx+aO2FZExuCL7b429Mrgi6RBWZu/sK5CWdob3AdPCckhe4DQmmphfoimKO4OUWhe52bL0Z2sraHPhazDpXhwz2beKP4UFwI/FXudh7NKcgx9WWZ/vr8cwlzqiG1lHBTWqk8tivDRaNUyzze3v3j519koyiyXy2cPBkB08c/Pf4djI7v4zCwW0SjwZJNL4dzBZJOIivz8PxbH4Zz89v/mkPov/zc/UvUEsDBBQAAAAIAOiEk1qpXHcb3QIAAOkLAAAQAAAAd29yZC9oZWFkZXIyLnhtbKWWzW6jMBCA7/sUiEtOrQkkJEFNK7VVV72tursP4BgTUP2DbJOkb79jwISWbkUohzgMnm/G8wc3dyfOvANVupBiO5tfBzOPCiLTQuy3s79/nq7WM08bLFLMpKDb2RvVs7vbHzfHJE+VB8pCJ8eSbP3cmDJBSJOccqyveUGU1DIz10RyJLOsIBQdpUpRGMyD+l+pJKFag6UHLA5Y+y2OnMbRUoWPoGyBC0RyrAw9nRnziyFLtEHrISicAIIThvMhKroYFSPr1QC0mAQCrwak5TTSJ4eLp5HCIWk1jRQNSetppEE58WGBy5IKeJhJxbGBW7VHHKvXqrwCcIlNsStYYd6AGcQOgwvxOsEj0OoIPEovJqwQlyllUeoocutXSiSt/lWnb11PGv126TQoG2cWzG0QPRmmjdNVY2LXqD9KUnEqTB01pCiDOEqh86LspgOfSoOHuYMcvgrAgTO/m2zzka32v9H22KThDBzjfps7zhrPvybOgxHZtIhOY4wL7206TzhU8NnwpND0gjsfOXwcIBwAYkJHviwcY90yEDl3t+UUI9vKceKOU6Q9zjRneoC0uggRRs4Pu1j1HkunJs0vw7kcIauLDc6xzt8Ts5GDwBEXPWJTYEyS1z6TXha0ZQd8470clvvvNepPJavyTCu+R3s+j+yjuOyAQfyxKkr9PWd+57iESc5J8rwXUuEdA4+gfT3oQK/OgNe0gF28pqs8Vz+eS7tXV6dnR6J/C99/JQgWSYkVfobeCcOHxVO0Wfm1FF6dxkpX7QXSBD4x05etHwRBuIzuHzrRI81wxUzvSU3/perlPq1XI8FccsBQfKJgPrIyRjMzEO6kMZIPxKrY559spuZIqfggRz2zeKfb1W0i8EKhynpfSsjLIl4HDay3p7bWbdlEcdByHU+XmEBiYAfOgAZnt7tZYUslXHQ3L5XNFK6MbE/RBIVIJpWzFdRXy683oDZ6dq1/4Uv99h9QSwMEFAAAAAgA6ISTWoCgbZAyDgAApyQAABAAAAB3b3JkL2Zvb3RlcjQueG1s7VpJk5tAlr7Pr1CoI8YHucyOQG67A4T2He26dLAKEJAIECD9+skEoaWq7CiXZ+bUFWGR+TLz4+3vJeF//ivz3EpihJEN/B9fiG/4l4rha0C3/f2PL8tF+4X7UolixdcVF/jGjy9nI/ryr5//9c+0YcZhBR72o0YaaD+qVhwHDQyLNMvwlOibZ2shiIAZf9OAhwHTtDUDS0GoYyRO4PkoCIFmRBF8U1PxEyWqXuG07GNoeqik8DACpDHNUsLYyO4YxB+DMBiPcW+ByE8AQQlJ4i0U9cdQLIa4egNEfwoIcvUGifkc0jvCsZ9DIt8i1T+HRL1F4j6H9MadvLcODgLDh4smCD0lhtNwj3lKeDgFLxA4UGJbtV07PkNMnC1hFNs/fIIjeOqG4FH6HyPUMQ/ohkvpJQr4UT2FfuN6/uV2HrHeKM5fH7cThvux18LX8ZiRxW4Ul2fDj+iuOC4B7eQZfpxrDQsNF+oR+JFlB7fs4H0WDS5aJUjyOwUknlu9ZTbig6H2q9QmFWa4A36E/avtPLfg/PeIBP4BayKI24mPsPD8zpITD3rw/cWfUs2DcokPJp8SgHwDwGrGB4tFicFdMTDtHt0Ix/5gWJU47A3H1h9wPsfMA4B++iMIkir5QA90/AEr0mPd+jO40kYYOqvEiqVE1jOi+cFEUCLSD4iFg7lAOzxiGn+mNOYGePYebBjs/y5QOyE4BXc0++/QeveUnfp/JiDOvvaKIPo7ZuaWEsBM7mmN3t4HoaK6kCMYvhUYgZXcApUiBNCjUkRVpfSfSmn2Su6dFZQSqz9h/xdAAt0IlFDpwdgh6m2GF+tUNafC0hkjav36B6kN2GLq8o8qjuMkQ4nNG0kyTOXkxvlK/legT8P8Ier5MwbwdY1Egc7n224VQzTXMOM3RBXEMfDekEN7b72z2YhTw/Bf0bGH1ypqdH2WmzRYUIwQcR8AaBea5fAC7GFP/rbbFh7JVOCWeFGgaNAwcIdiQjQoO9rt2shVSPo2kU/IUsopBlcpCqWEbeDHETocaTZ01IXtGVFlbKQVGXiKj04bShQLka28u2gJfvT+MS16S87frAEXhKV4VzPlC9GlpJI3SjN6pmFXzrGbWcMHaXwwDQEwH/ZBRxVcqBZfiY0mFBVqPCc2LQDdvCIbx5MdGpBVGBm5s1zrJRwGDcXXLMiqbkfxItcrGom30fA2kvNRZHuBa0yRneCs6DgSo2sgC0L+GYJlcZLjqhXVsGxfhy0F9PVqBeUwQ8/PuMoZnOKe3zRcN1+zbF03/HxNcV2QTuD1ylWCfA1Fz5XFPGokkeBFqXldMHQ7DxuaEBlcoJhqLtGNxUqWg57RL5YvQf+yUYfUvXHeDgHskKC5Tp5fLfdMTDMy4p8cB10RavmRVk4LmCfQ1StQFOr7UAms17i/xVzlm2E+gFasoKsdyXCQEaZa0aAgJEfTXCmNYZqGFreKrW4ua1yYJf9V73KnkI0xvI8WMx1o07CCKjhfrfiKB2OmHRoGqjYV/npCGycdxLuttUO4YxpCstLYF6Syuf5Eb5Z3RA9QEiyalVP4l+WjyNiIcZj+o6AYQBHmQc44mkV5KCmNzAw99ISIyD9onGU4uvASimVInOaquajQAlf1szgF47JQP8PwOJPH6B1JO0VxxwD5WEmGUVyoSi9HilWOtMwvhyG0HLKZm9sszm0W5jZTi/fDKxE6Vw4r6QMr1o2TCmQzPKGPEZMDMjfa7oHEWID8YPwqBLDHVdd/u+tJwHLD88YbF3++HX+1U3NBZBQkJONtkMuNPWvWB23bdbHiBU8ErKBgdyujUZypWV5m4POWFF9X4brU5kWOE/+Xq/BvyxX+y3KF3i/ZyDOgPcuSoMbDsKyyb4vB69ImhLbiPhe0G+laxm5zVLyKyUdLFuxkHsoOZPgnyRMMWedYupIQecEulgt239E3TvIi05b+Tt/Fyv+TvgtBsFeOhD24GBypQD/DlBoFWtsOYdGEyp9CkYsSFqJaFh1PSgibSrfnQ7UTBE0hvuJ8hjL2E1ktyUXly/NDMWzGYRnmPhCgJKYdY1d2CiaukzwLYk9p9nFe1JwCM5fu1hJgt8Yh7yHasCSrinbItW1rUPSkEaFsm1vwvcqM6spDOakAaB5E+3eGXOrfEQH7A9hHxGdkjLLqNWCjB2twbHz3lHBv+y+oWW3Ug7icw4a2gX9PbT22GiROfeMYuGblbUeDJL/RcHZ5gQ2HkTVeUBfCsARPfk/s6PpdqZEPXYgfgRdkkpecg0ZhlzsVdTpQKqNgAH9noeDkLT1vYt9dKXrs61Ip8QtUnH2B/qS4D8K/v+GlbCxyl33eBZul2NZ+CVIuv4JIXtDjpbAfui3A+gZgSY3si3HL2V/LIoNMCEOPQL4JGnszQ1fdH9VlK5JEcSaIe6EnwL/erEnuL/Yc28PJpCXC3wWir/FxovqyC/+Zq66b7jZjfehbsdqfy7NlXRqJYvu//0FQ3+EP/p3HHS01e+v+kq3PhL3Lbgf4HG+Cbkc8LLLBcNfJmEXHShxmQnbwubwegwtW5/wTn2rZoT3qjPfs8TQ7DllZuKPiEbNl7ZBJYt6ViH4qSr10MuoPukHXDUKWH5h61zlncy+05+b2UlvO/fV0WxdO5rin6AN21OqPMl4IJAxId9SJuwhBaG1It92yXU+bkLI+jp0mk8HCEjRPi/NWFBnVZtUZHZ1Bn9rz6xl+hk3Q8LJnBnpz4w6GTqKtOZ66o86Xk+Mm9S+MFO79btxfZJNoZrYGvUVd8qT5sqlkaV0++lydq+8iTx7xBrnypoY4pk/HbbKI13UnsZ09P8bOd9R+tDG04RE/1tYS63HQLhKGpSPhrRUFGpt3MQJZsT9DVhwi+obqu2p3lAz9vntHVbuTw2HUPqYXYWSdalKyncrmpqOkme0s7JqDd5KgG0lb2xspa3x7Js2QHNFTceSH6lLFZjztYiZmjWziKD/wuuqR0SRml/29XtvZ0t40h5xxaLvtuZqscADoltq0Lp2MNvmOrKsk0x1FW+voNtMO44bDI6/au0O2ntjH7R2VJLf2IlTIw3Z0IlwinkkUjqlTj0rT7RjPCG6v0oygz+BSwDhY1BbJBd6e1WXcX4xbK8phAW8as0sICPvBB9YCQbe92oxTCIWrickJ0zF9pJL9LXOyp6rVwQ6xT2vHzhIzQirQkrT5K93fUWEs0XymsL0ZXOj3Wiii0I5dt38ZksuzisvJ9szQ6vocrUadCXkWZsnKPE7P0smBDDthX/bbm9VKCQZ31CPJHqgNLaQLq5PN0nbLiTEq7XYX/u5ypI7idmOPKCqSNg5POvOev93hrY0uBf3BqqUIrEv0jCYGLWe67vyOSjuXRX812cvL7jSNu92LoU9ZXolkYUsc2/3t/rDG1/W1B4YbahcsD05s2Ns13ZQ9RwtHAnmZTOfdYDiHdSW8o47PYR/353LcEYdbujVkLlKd6GDzhZKZq+2w7rLBObXGq+Vk4dGk45wE3olc70JorfMSj2tA69b2y40UjJTpHdU5rg2vYx6UyUo/LnfnZkofp7XurN8WVwdwAoK+GuEpf9x4sSeP503G2V/I06K2Ifwah8lH3drFSo9QJ7PzQx6wj+x5sbPlbu0wmBy4TW0zmPABPpy4yWG9CEw+UvoXazLZNzMzGI5GgpzK6x2NBd2D0B/rA2zicHrayQZOxD94Fs+pm5SWj7TR0ynQG6rbZNyqtzPfHUTdzrrlXbQkqdW2C1ZrErI0HwN1kGx6VlMcG2lK8ZMVxXY9YUwJD9ZSM2Fas5tZOzMToT6o1e2Adyjga4IwimjflQ+jWs3pClZyMKa+sG21z2KrTu5m6zGu6/PxplPTCbW5mh9WD9ZyZ3U728+as7PC6I7bSuKYkvsqWE2Fy266m/m+sZ6MJhTuhNilfzFH23i6PQR9m6sdwKQ+Paxc0TaPFiczkztqgI13HYtZbzrtPcVuqBkTBJv9hJSYZGvxHBcmgaFMLZZvS32tqdnprt7abVubKXmsTcfDNPLqm9Zmw7vrS+2OKsDMhmGcJLTFoZDOloKwFZoouJotQa4zkcmj7Aiz3gzGaQpHHfmsnfmDSuknzVuRee1qZdPFMnnwgZk455oY22VmvlFvbl0yEL0llgktcT7AZYYlyZ15ICVS1R19nHTN2uUS7DaONJqOvXNERCLV7nSpoNuM++1HXgeBpij+Kur6GTYeS3a/tVhup44rieNU3a762iaYsyOvttcv1CoSt/psMJw3h5GSHaQe3l0Bve0xre2JAnfUZLyWj+uay21C2Bsmvd1uqM2VuE7va3o36WRpTQmn7qEtUX01wQ4b3zTpUxCv45rbM+r8hk2Co+mCCzXgxTuq3L84fjqujSkROw6dbbqjeqLUSi+UNV2NpJ4S7karszAxOzPmPDgusYu+nCL9TjFMSMXZPG01hzMht8cdtbRMDEb0IaFR3bKQZVro5Dt/v+w2oLUf9DrrxcIHqt7TX5ODdNGEPhBpZ+6UP4nfo76fxZ9RaSiieND8UbJb9BO5wzuI34eIRX76BlnsJl4GszeaRYjf6RvkbtS6IXd4Sn2q3LqNqkcGtb7sFNshuiBd0MhKl8JzPYIXEN35UX0hiDrP0hz+9StDo3YQXdd/VL2v7rVZDMve0S0HX79m8N5jwrs6+gBootY/BIdinN8m8mnFAbZ/vRR4NvpijKFFdIk4uUqUT/LvIEoYghQc8jsRaNw+fyCKiSgagKlGi+NzAJHQBwTgwXsW3KeCDF314PXpK+psnzrcHP66qQL5MOA2Pojhxvy3+p8PCf/5kPB/9CHh5nf5OL9aF3vzyzb2dAXH3v3S/6gnLP9/Rj//B1BLAQIUAxQAAAAIAOiEk1r8M6U6sAEAALAKAAATAAAAAAAAAAAAAACAAQAAAABbQ29udGVudF9UeXBlc10ueG1sUEsBAhQDFAAAAAgA6ISTWjnYfF7pAAAATQIAAAsAAAAAAAAAAAAAAIAB4QEAAF9yZWxzLy5yZWxzUEsBAhQDFAAAAAgA6ISTWncnhR/bAQAA5AMAABAAAAAAAAAAAAAAAIAB8wIAAGRvY1Byb3BzL2FwcC54bWxQSwECFAMUAAAACADohJNaV4+M1D8BAABdAgAAEQAAAAAAAAAAAAAAgAH8BAAAZG9jUHJvcHMvY29yZS54bWxQSwECFAMUAAAACADohJNaBOq7iZEjAADFoAEAEQAAAAAAAAAAAAAAgAFqBgAAd29yZC9kb2N1bWVudC54bWxQSwECFAMUAAAACADohJNai05Fd2wBAADSCAAAHAAAAAAAAAAAAAAAgAEqKgAAd29yZC9fcmVscy9kb2N1bWVudC54bWwucmVsc1BLAQIUAxQAAAAIAOiEk1q7lUsQ3gIAAOkLAAAQAAAAAAAAAAAAAACAAdArAAB3b3JkL2hlYWRlcjEueG1sUEsBAhQDFAAAAAgA6ISTWusTJDNIDgAAqyQAABAAAAAAAAAAAAAAAIAB3C4AAHdvcmQvZm9vdGVyMy54bWxQSwECFAMUAAAACADohJNae0pVhOcPAABsnwAADwAAAAAAAAAAAAAAgAFSPQAAd29yZC9zdHlsZXMueG1sUEsBAhQDFAAAAAgA6ISTWgi7jPLIAgAAUAwAABEAAAAAAAAAAAAAAIABZk0AAHdvcmQvZW5kbm90ZXMueG1sUEsBAhQDFAAAAAgA6ISTWvLf+l7eAgAA6QsAABAAAAAAAAAAAAAAAIABXVAAAHdvcmQvaGVhZGVyMy54bWxQSwECFAMUAAAACADohJNayMzsTiYEAABcHQAAEgAAAAAAAAAAAAAAgAFpUwAAd29yZC9udW1iZXJpbmcueG1sUEsBAhQDFAAAAAgA6ISTWjDdQynOBQAApBsAABUAAAAAAAAAAAAAAIABv1cAAHdvcmQvdGhlbWUvdGhlbWUxLnhtbFBLAQIUAxQAAAAIAOiEk1rvj+8ILwEAAOQBAAATAAAAAAAAAAAAAACAAcBdAABjdXN0b21YbWwvaXRlbTEueG1sUEsBAhQDFAAAAAgA6ISTWj7K5dW9AAAAJwEAAB4AAAAAAAAAAAAAAIABIF8AAGN1c3RvbVhtbC9fcmVscy9pdGVtMS54bWwucmVsc1BLAQIUAxQAAAAIAOiEk1qFa3HK2AAAAJQBAAAYAAAAAAAAAAAAAACAARlgAABjdXN0b21YbWwvaXRlbVByb3BzMS54bWxQSwECFAMUAAAACADohJNa0toSBsgCAABWDAAAEgAAAAAAAAAAAAAAgAEnYQAAd29yZC9mb290bm90ZXMueG1sUEsBAhQDFAAAAAgA6ISTWnmnYMGiDgAAgCwAABAAAAAAAAAAAAAAAIABH2QAAHdvcmQvZm9vdGVyMi54bWxQSwECFAMUAAAACADohJNa9yLpp8IBAACpBQAAFAAAAAAAAAAAAAAAgAHvcgAAd29yZC93ZWJTZXR0aW5ncy54bWxQSwECFAMUAAAACADohJNal4VqnMcCAAAXCwAAEgAAAAAAAAAAAAAAgAHjdAAAd29yZC9mb250VGFibGUueG1sUEsBAhQDFAAAAAgA6ISTWjkr8x0SAwAAggwAABAAAAAAAAAAAAAAAIAB2ncAAHdvcmQvZm9vdGVyMS54bWxQSwECFAMUAAAACADohJNal3CcrFsEAABBDQAAEQAAAAAAAAAAAAAAgAEaewAAd29yZC9zZXR0aW5ncy54bWxQSwECFAMUAAAACADohJNaqVx3G90CAADpCwAAEAAAAAAAAAAAAAAAgAGkfwAAd29yZC9oZWFkZXIyLnhtbFBLAQIUAxQAAAAIAOiEk1qAoG2QMg4AAKckAAAQAAAAAAAAAAAAAACAAa+CAAB3b3JkL2Zvb3RlcjQueG1sUEsFBgAAAAAYABgABQYAAA+RAAAAAA==",
      "changes": [
        {
          "type": "replace",
          "text": "Acme Corp",
          "oldText": "Yellowpad AI Inc."
        }
      ]
    }
  }
]
Contract 1 result: {
  "id": "Contract 1.docx-1745095125348",
  "status": "completed",
  "result": {
    "document": "UEsDBBQAAAAIANqEk1pFy6qqkQEAABcHAAATAAAAW0NvbnRlbnRfVHlwZXNdLnhtbLWVPU/DMBCGd35FlCUDatwyIISaMvAxAhJFYnWdS2vVX/Jdgf57LoFEFSqkpWWJ5PjufR7bkTO+ercmeYWI2rsiG+XDLAGnfKndvMiep3eDiyxBkq6UxjsosjVgdjU5GU/XATDhZodFuiAKl0KgWoCVmPsAjmcqH60kHsa5CFIt5RzE2XB4LpR3BI4GVGekk/ENVHJlKLl959eNSBrBYJpcfxbWrCKVIRitJPG8eHXlN8rgi5BzZ1ODCx3wlAtSsZVQz/wM+Op74J2JuoTkUUa6l5arhFoheftijdAE9jH6gKP897Qtur6qtILSq5XllrwLrfMgkobOfZsD9zVgwZSD2VBvSgnlIOzHVj7C/vD2nOruHYlvPpai0z10uXUacxUg8kduTd7NWKldr0fF5KmcmT8svU+ki+6VcCs7g8hdx5foonslEIi4Do/v0Cb3K9DawH8INLm9eOL7Dj6fh18BTUwv8g1mT/+27xvhu4hAe5uiIInLIN1OZ2FbkXwzo0vYk7w52uUQttNbqGj+a5MPUEsDBBQAAAAIANqEk1oatPQNDwEAAOQCAAALAAAAX3JlbHMvLnJlbHOtkstOwzAQRfd8RZRNVo2TghBCTbpBSN0hVD5gsCcPNfZYnoG2f49bHmqqUlWCpcd3jo6uPZtv7JC8Y+CeXJWVeZEl6DSZ3rVV9rJ8nNxlCQs4AwM5rLItcjavr2bPOIDEHe56z0mEOK7STsTfK8W6Qwuck0cXbxoKFiQeQ6s86BW0qKZFcavCISOtR8xkYao0LMx1miy3Hv/GVhYFDAgoTQEnPsTtID1yhENoUarUkH6KY94n8khO1Wmh6S9CtteBmBrJNVlFTdPrnUpZHqms8RU3gm5XuACvPLhDjzUFM8qw+kmd0yov7+nT7YH0m0Unp+oaJ47kzNf4nM3Nf9rsqzBozr8beP9tpEafs/4AUEsDBBQAAAAIANqEk1rtL2z8PgEAAF0CAAARAAAAZG9jUHJvcHMvY29yZS54bWx9kl9PwjAUxd/9FMte9rS1HYLabCP+CU+SmDCi8a3pLtC4dk1bGXx7uwlDlJj0pTnn/nLuabPpTtbBFowVjcojkuAoAMWbSqh1Hi3LWXwbBdYxVbG6UZBHe7DRtLjKuKa8MfBiGg3GCbCBBylLuc7DjXOaImT5BiSziXcoL64aI5nzV7NGmvEPtgaUYjxBEhyrmGOoA8Z6IIYHZMUHpP40dQ+oOIIaJChnEUkIOnkdGGkvDvTKD6cUbq/hovUoDu6dFYOxbdukHfVWn5+gt/nzol81FqqrikNYdP3UzLq5b3IloHrYF/eqazFYgMrQX7UbMLAV3TsUo94xXLPDVpQbYA6qwKeh39mPyuvo8amchUWKUxLjmxhPypRQ7A9+z9Cv+RNQHgL8TxzH+Dom45Lc0XRyTjwCij7x+Y8ovgBQSwMEFAAAAAgA2oSTWiusMG3mAAAAcAEAACAAAAB3b3JkL3dlYmV4dGVuc2lvbnMvdGFza3BhbmVzLnhtbGXOz0rEMBAG8LvgO4TcbVpFkaXpXhbBuz5ANpm2wzaZkhm3u29vCkVcvc0f+L5fu7/ESZ0hM1KyuqlqrSB5CpgGqz8/3h5etWJxKbiJElh9Bdb77v6uXUDmnTg+zS4BqxKTeLcerR6lvIxhP0J0XEX0mZh6qTxFQ32PHswCR7gIpLWXzU+Oeayb2jSN7m4LVCB/Kg4phIzDKFqdkfGIE8rV6qJeMMho9dNzmTMt623L+F2Vod+o+Z+TZkjl11OOTsqahw17IP8VIUnB1S8mw+RkVY84c+naYSim99Bo07XmRv135+4bUEsDBBQAAAAIANqEk1pWoDPougAAABsBAAArAAAAd29yZC93ZWJleHRlbnNpb25zL19yZWxzL3Rhc2twYW5lcy54bWwucmVsc2XPMW7DMAwF0L2nELRoiml1KIrCcrYAWQP3AIpM20IsURCFxLl9lS1GR5L4D/zdcQuruGNmT9Eo3bRKYHQ0+jgb9TucDt9KcLFxtCtFNOqJrI79R3fB1Zaa4cUnFhWJbORSSvoBYLdgsNxQwlgvE+VgSx3zDMm6m50RPtv2C/K7IfudKc6jkfk8aimGZ8J/dvAuE9NUGkcBaJq8e6la71V44BW3gvHVr1I2z1iMfN/qpv4ooe9g16n/A1BLAwQUAAAACADahJNajo5SMycBAAAiAgAAJAAAAHdvcmQvd2ViZXh0ZW5zaW9ucy93ZWJleHRlbnNpb24xLnhtbJ1RwWrCQBC9F/oPYe9xN2YbrBhF6fZWCq2C1zVOzEIyG3a2VSn9925sBKWlh+6e3gxv3ps3k9mhqaN3cGQs5iwZCBYBFnZrcJez1fIxHrGIvMatri1Czo5AbDa9vZnsYbyHDRw8YMeNwhykUMpZ5X075pyKChpNg8YUzpIt/aCwDbdlaQrgl1S6QnwoEsGThEVmm7MPqeToXs3TWC4yEatMpvF8sZCxVOpOqiSVMs0+2bSz46AEF8zDibnXQxHeSIiMXS3Y/W4n64JXwHj12qPlsQ2V5ye1Zvw0UNceHGoPL+fJ9G+hXzX4HyKtsy04b4C+zWwMdkfpEaFuqbK+j939SD2QMfRK6xrtA3S7PvoHW7w1gD7kLDLuoNa+u0FlWjpbujzH9AtQSwMEFAAAAAgA2oSTWuHWtC/JOgAAFu8BABEAAAB3b3JkL2RvY3VtZW50LnhtbO19247byJbl+3wFUcCgMgE605npW7n6uMfXQgJ1qgzbhZ6el0GIDEnhpBg8vKSsejr/0E8NdAP9Nv/Rn3K+ZPYlIhikqLQo62LLrIdySiKDwYgd+77X/qd//jRLgluZF0qnf/nx4uz+j4FMIx2rdPKXH//48Obekx+DohRpLBKdyr/8uJDFj//87H/80/xprKNqJtMygBHS4uk8i/7yw7Qss6fn50U0lTNRnM1UlOtCj8uzSM/O9XisInk+13l8fnn/4j79leU6kkUBj3sp0ltR/GCGiz6tN1qcizncjAM+OI+mIi/lp3qMi96DPDz/6fzJ8kCXGwwEb3h5sTzUVe+hHp3jrJYGerDRQDCrpZEebjZSx8s92myky+WRHm820tXySE82G2mJnGbLBK4zmcKPY53PRAkf88n5TOQ3VXYPBs5EqUYqUeUCxrz/yA4jVHqzwYzgLjfC7CruPcLj85mOZXIV21H0X36o8vSpuf+eux+n/pTvN/+4O2Sy3mPhcT+dy09lUpT23nydtePbXxnGQqt2nssE1lGnxVRljjvMNh0NfpzaQW7vWoDbWfKD42wXax61VaztFW9DPeA60zd7N0t45nePeHF/jd3EIdwd60yh+Uw7kxlQcP3gjZbGW9yLNZmPHeByaYBHkVxTWNgxnpgxzqP6dOM4as1jZcd55MZRsTfOZpPxBoirXkNcXtl54D94uzdWEZfxtN9wdo/O8V5Riqkops0Rx2syAjviA29EJrBERzf+mLLfoj10Ay5m3h5mky87qL/kusrq0dSXjXZds+x52u8F7z9qU0VWfNlk3k9FBpx8Fj29nqQ6F6MEZgTHN4ATGNAOBHwE8J+AT1Vg6Sew2x4QdQbIEn94BkrgSMcL/DeDHx48zUQuruEM3ef/Ln+gb0GElvjtY/MffPsU9M34HV54+fDizZtH7qtXciyqpMRfHrx6+OLBJT0le5vjPzdSZr/BYOf2w68qlQV9yl7EdEmpYSZPbwXQZ6qSH+i3RI7LpS9Huiz1bOnrXE2mHRfLci5l2vr+vH5skYkI1jjAS4G+YWXv4yuJcSlB8F0+oE+JQiK4fOI+vKtwD0RVan6MSmHxn45VXpS/0rX3+fuPkX1yBIJM5maqvCj5G52WBVwgRVE+L5T4yw/PcyXszOn/xUwkyUuR8VpFOtG5HZF3yrwODXnu1ptX9Nn//tf/80FGU/yh5Mv4opX7fjXs+7e/77t6DBLR+2pURLnKUK8L3sv8FhhXETyf5FKiqrY+pT3YFqWZiX2YqiL4zOyCkxKv+sff/6Mxz+ayjVpv3P1u9rnI44mWYO+zXBbwTPnDs3/8/T9Pg4kG4zwtgnIqgwp4tB7Tn25aJ6IIYjkGsomDkUz0/DQMwFoPYIZEM/C1SksdWFJuPR/kgx6/znG/ykUGjy8ymSTvSzB8DLWZ+b94+VLn2Vp3v07jxr1hcJ1GZ8HJ8oqt9/RVS/oFU6KlxWV6WRXADmTesY5n65Phwy0zvANztbWO/s55S1+u0n2IXizaJL+7GTwTUSSBbYBAIBbhDn0YSAWnNg9GiyBKVHSDl4hgpD/B4YxVJOieha7ygIcQaSThpk8yqkq+1hz44Pc8hnFgIpoGdE64cirKIJdjOPEp8oX2BODJFaqBwQncOxM8g3QRZGJB94P0OqUvWgwmxGfBzfS4uQIOJEDPRA1e3cpkccf8eaTmLOCSp8HJBTwJvwuALzWvCIDjjuRUJGM7DzBDRar+JBdAGJBXJV2E9QIkciISZHWqXOBLBPOpiqb4IJhK2cV0di7dLE/ZG92tFh8/E5M7uTylBckl/WqpBb+ailtJ6wzayFTnuIgoLJTPGpd26Sy4HtPdsd7j4Up1ydMtKthgN1+iBeXmg1etIC4iv2AGr8VXEaW2CRDXayYWdAXKWzwS9iz0kAiPvkOJsAMZsAZZfADihcUvFTA93niQ5GOdgAgvnq6/YY93abOk1Yy/Vclt4l7nB/vbdWy/uzBv5274FvZ91G/3R1rfoJOc1Dy4AZ1uZBqlYgYM7P9OpaDo0/Rs8jGefCrwJxj8DZpH5kr4+KvgT+f+kK/JkOIBl/THLbwEEtMrVBIVeaR78IMnWyavToq6+Oopakc84MuF/BoPeT4B7jIRJRgIr0QpNn7gF8jzYCYF2ILokw04LoKqpm5ahDD4Vo28Le/UvxcbWGw7XVijScI84iqC4VEFKOxqkqakULS43VepUUGCOSgKfAFdQ1pFUehI0XVz0PmdFtWDV/w08IpvnldkGZh56GMPfhXz3R4oyxVAnUZXj8xTMpZEEgZjCcYi/lGUQJEhkvitSoE8E3YSJToC4ykRczDz8ipBaw+IvDIB15DsAGQx5kudL4JJpWK2TmOVywitwIIHY08VKtEwZi7/VsHv+AlmVq9Gi1mR8i4FHCZU4RbIHYJM5hQiQhOyStHabVkf65+k58NJ+uZPEtt5fwI//QOYclt47OgsyVmW6IWULAwiGDcXEdB/gW4JZxizuwF2yX0zBdsjEyqmw+iR/RiHAtoH2p4ptDnlDD+iCVrwM9DW9E9GDyp/MVD5t07lLyRodG+kKCvQSg6oWaK3Y2ymYT1we48Y7FbZewuCDOULSp73elzORS5ZiYsSUN7UWAGrERTfAYITuDZ4PukKvHQmYhmIW6ESK9A2UPFeDkf2Wz+yL3U6VjE6nkHduU45qwXUpv0IKFU/kEnTBBhIjdqG13sdT4gqokQXX+DoXu+VT0HV5CcVVn/Ue3/ZdzJSmVoRwN01dz7tVITDmjHB1+j/Ys4V+ZSJj9RVEoNxmqPHfRGMJF4BLIWCw42LfaqyT4SrVR5Vs4KCOsUZMsZVtI/0GWvJljAYGkkFvHKJVN1SBpFIXQSL40IKSTuWmUxxeJhtLG9lojOMyi7qO3+mmAZcTGxnXOF7TcAUSZFA6vHhFoGLlseGVtAk11XZeGuMeehRoiZs9fyMS3ZydQrrFAFXB32ugh8jGCbX1WQKr7Z5zGNTEiDOj/LYvdpZ8OF4RXPoBHMY2PRdEwBEim854kgqDx6vXiu96gAzWTlzhpYXTpn9guzzlfeur/68GtSfb1798WnkcBYLS41Up/cMmybfeAXWO6jpJDOaYezawK5D43QLzCSRUcn30HXWNlApiD74McbkBDfa+0VRyhnb7mUOMwG7Hu8ul8TDN8OVn7Fs9ze2U6C3+G8YSBS8asxe8TZ3noNGMpGpzOmrkShoIcnxhz/VeSWgboAEj4NxrkECNKbRg7W8HljL0bAWc8b25z7H9KKqhCcX/OSw/iaF9db5DXxFLCjH3xJd1ZGiMKDfS+s7B8WVv0YOgd7wjBOc5pRhaFKYMnMs/LSncBOHwpuB7L91sm9ougf0AX6r4qv7ve5RzAt1garw8iWNOaFSOveow1Lsa0VIHY+w0wdO5NnkLOThZiKtRMIX7JJN6RTrBoKpTLJgrBJZ9MhOvrg/8Ia98oYDZbVvlRt9xkI/FvZ0/Jb+XI7usdJdWAaW2QgIO45TjGMUQTvQikxwplNVwnORvcGQmU7JwMEUgpgj++Mx5gAAy2y4CLpTaU7YgMCrC1XKQFelmBjuSjZYIaOKUpDdA07DoL4Jg1ONQFkPHngx8MBvXT+6TktJNjpI3OBtjrozkMo7XIY9mggZ6OugxtPqN0i6KgnqISCUBSTcSGcLviyEL3NMijGfylzEEv31/vkgB37zEjwQuSzdl3g1lWhQ9KNQM5UIylvLcgXnIl9QKry/TJldJjtfMM1VwWVhcG2V1p9PrYcb/eOo/YA5k8QwEz2R9DxKZ/PyGsjOoRwIr2wEiyAnGtajx9ncdpnwcDb3fja5KumD3Klm4J1ETzs3FVFAw7MgkekEiBSEbMRxfJVycUudidO4qweRbrumeSDSemcTuOsdRvyADb0FleBFLsXN+R7J922ubkW0CN5qIJPFoNx+K8ptc9+CE1Afcw4bY2YrOtZAwW3NegpTzcGaBllLlSL5dfyIS8A7jvKGr/Dw0dVLc5Yr+yUWXyayvayI6FE8PT+fz+dLzMjNdMW0H68z7U0n1kVSa8zpyeGW8kzp84wJ4l62fJDbk9/q6cCi+wKrALB0cAQCZ4bsjHSsmbZBjaBUM86Ahn97iJ6tgRwMoudQ+pHVOn4Fnd1ECA4oZVBfT+qZ+HFNMt89nInjcgbXyZ8NFbFVXe/7HID0R1hvP17yj/Q4wNuGhxgO8MEOMBHIQY8uyBSMlANtOuwHjCRygIB+M8S9YBwKL4xBMDBBHRDpyCl06YSd4DEuMtsR7/hmWMOztk9RxDFIa8HOmApMRVO2hF4PWeoeB33bVf/DQT/UQT+keB6MwF4ynfgZwleDlOZ0sCNWXDjx2c9P+5mSlekb4F06L+/CBjNJbw9OfT+yvbyQBANUTj/nNuuj+2wbV2NgiftniYbSDsgSkRrr+KVVYLzaKyRZPfooI8ztjykOMWMcPJe9OVqwouQBTH3umE9yMVsRt//irXMz96yvdeazT67z3qbBIaROlTPimERwxNEaznXMJrW0g1tp8kdNzi4yoFTOvXLDHJTOKRaZWPVr2Xn3rbPxmbiRNh0Wa1YadYQKHhgZSjDRPmT2S2FvB9Fm1rYHN942DM2AcrQtDNW1ohS1orNhrfjFgC3SEsddaFQXnWhUV/c/3v8zSTaCo7roy2GYKNRG7on92y5nwWvE8GhGZFVhIEFMvjPyM7SoR5TfA9xZ5wZOp9RhF8Ig2d+EvUP1eiBkSueJ6EDtW/Lita6ZK8rwTstcJ0GVJoi80GEpbFXIN1dEfsIlK4DvEx6LEXHCOiOjhinTOf0Roh9msMXSVLesvnnzUPeAmtLiEb0TOvnkfi6ctvW0znXZxdeW3HmGkNuku3saPScSGnRaoGjK064RWWagdBJEEKUltQujj0xtBL2fNGLP3hGcnzUHQyik+jf5CbTrQt2aj1STNpbU54G/2WhNtsUIC6rOk2khcUJf3QIzg4ir3PrM64QmXHULznNkZOWiYShICEqAS9zREFlKBybUO3YweRhIdEpHiCyN4pTrmSimyLY3IhzpPK4Pqgen6wdDe0inAe1oY4dSX6XyUH6fQR4M8uCwC2zmtlIisAsr1vMUC819R2OgU0mp320vTVf1OHvzHfSbvbLQCULrY2p1g/oNumPSxXCNZ//qlHxMAeLDikJTbYeXxAATU8sOJP+BYJZgPUcYjER0U2VUpiryaKpuMZ28Aqut6OVwGJCu9sWuD1s/OvDsgWd/3Tyb2l9gXRqspcWBmukYfSceuJDlscmC2z+sw0cbJ88yU1B+I52mWB4HXzawoOlYiFrB7ujr1IPDDmA6a7h0LztduhdjPfqplBu5dC937NL9gLBl994SbNmvTNqHcOx+8PUEzG62KDAuHKttK56ZgKOjsBzegWVatAtqE3SrYiqW56vhmgN0I9stC2oAhXaGqREDD9iRt0RoJMexYng8xB0ABYvc1ILyNtSSr3s/eId7Jj9COTwLXtguVb566oEBUYMXm8g40lUaW99FMUXlwjHrBasXi7pqseuFzF4QHGJRspedNBHpVN0OT7yFa26HYYPn6YLkR8r468EoJ2hzH4SqrpbsdLKgjgQ/L891l0vPMZak0NiSjKe89NI95NGAwLQ3B00r4WtQ+r82gcBcyUgC5z/1cWaqQkyWu3reKkEMwt4hZ0IlwYn5+L+6NnofCaArqEDp0zD4q05jUA/+8fd/C97kCv+kmqefnt6/L2b09UP4M5sFrz+ENZs1Fg8HLbe6+VuWTl9h4isi8sYijwM9oq9i2x4xmOoEd6DAVrXyM51qt5UkuD9exLrC+gJpwEZbw0C66s55+TNdFNPHGxlIVzs2kED0eI05DiD7jkxWoXGHam3RWNfavKtxtJVrZkLRQxRUHoD2CqzyUXV02ZyUkpOjbE4NPFKhqNsLavnwE+GheiuzPs+63DZm25Co2acd5YNOZngpy58us/sbMcMHmzHDtRoTFGWuojrq/s5SIuIRqT6uxMsBJWtfppu/awcQXa8/Ue9jUVjAgjo1kVtUGSDsZh87zxFjWiRzHDQnBp/AHGXo5AVhOrt+Vy3RceQJNX4DAxipER9oxny/wwUg1cFaxF5pMhPJ7g7DHShD3W9j6dUAvgpMRLZgbaMK7q5OufjuyDez0SkL3dVgYbrOp9xc5lZpuLjRwc5P78IRmvrgz1SEyJ1lbk0Ne6wK4jQ4voOCrNVPGU1TeJWJwp6VftXQDF57Gw3Lur0q39DmwKI+RG6M8OTA0tOJSiUmwsfYySZTCTXtLERRyBlFlBusWgDPn2XkycN2S5i5b8ruqjySVFUX+iV2IQMIwnFKCGkA5FkV4Z6EAZxsUYTBTarn96Z6zjkkyUTDhk5nBbq/5K1ISwuz/B0cG9iZR6ccbV6E3C8ioY6scE0EnKQ07Q8E9lNlIHnXKuGY1+huQQnfnDxGgkYMJWILPtYlqB+233UiRjIpDMjS97laPbT8AW9zX1p+O773c/A8inQFDzjrEja7paK6VLpoeCuoEbQSvuNCRH4St/2EYfzOoGXOQVgLKID1SejQx3reEmU48Plmm1yKgrYHQpvCdpVODJSt/RQ6jdG0zIUhde7Mi+/coACdjKK2ERlgCERnevHwzvFSmr/nWFMn0q6fvLT+s+B5Qfaa1akYJ5hzTXEvcBM8c5A8YdwUbLyg4eOZSs0dwLuxWQL6U4iiMtBAQMTFywmuR7p7VAVRYVXjkb0gnNj987FcjvG0NygSu+agKoWB5SR05Ea8yZIb4TPGEpt2AclnrEqA5nVWkzFmCMJzUoNcD+fNJG1Ssg45e72H+o0t3RCGTxXIZUEjLqfjCiYEBFDlpPC5ILi0n2jw5klCjzLm/zC+At0bUdIInWrl9+tbxdXxbNlhUD23ha+k1zcTEZk4fVQs6vrZbpE5XgIJXD7SJodyeSpWqtwqdgHhO2t8sYCZkC096poZV/fCAJ7A2GV4kaQaTMA+H1s7TRkD3UvabGX1gDbaQwUb0KT3liNjHQl76K7elS5pMvla7gsqEAFWUUonhi0Yk5muc3AAL1GTlNMIM7Tt4UBU6YrsYack1GfZDcRuN3xiICYCy1VIZ+u43YEAYte/Ls9wV4TPY0Wc9QI3h15qHo5V+xhCY9WF1usTes6glmfCGMioqswMOB/7oMBMFjklAeKArgsBJ1AuLfDS0vY4rwME777O62vbKe8AUZG7ZKkeWUmKJO1L1tLvmOu3BUWC9Br/oc0TgXRH34Xze6dSmhRhUyzApByxft04Bkdv4tQ8C3uoIOzUVOQx8zPXdLGo7SCufUPXo4WpMk0a8Tu38MyD5nJkx1hfZyL3p3NEG+3LDXx02rxh+EuqG2Y1F0XF2nQsE0wsA4nmkhUjURV139yxUEmVS5vK3Fqz9VnutkGThwyIPhkQDzszIMrFx2hebpQA8XBnCRAbdgq+HMB69yXTTbnFISW6AZ4yRZhHxrgbdaQgFTOJzb+WSkpVDuaDjljbzvVCJOXi3hjU9zAYV0myuJcJFbsyyhOXo81kBSpKXQB6ih9B0QbpCguM0tjWqpJCnyXoyjX5gaFfeGlDYKuCXujIoX6A6GZRo6r0dCtuNg6SZz7VCdsDKTkpQxuVto6CmYyVMCFlHgZtgBnY8DougpNUzyk4mXLsqCRUy1uZgEYRn3IVfLMCiNNc2LVjVUCTi98GWef0DtPwHH+0ET78u9Ub3WQPoDFFudx2aJGKZPEnNZXD6oD9u9jKXKYxK7HwLeyqTPnVHpzanpDLc6V0fu4HCUYcoROM20vz8BRtOFzHNjY9bTpvAvVdkHPXRTL0emxb242pZFylEddagYZmEBAe+djGFdfSLVV3NRsH9RAaA5zxvoTGS01dDE1gAo/LAeTHkQkKdkjRunqHt8Vi6Rc+Pr6Hu90c28ENkrudz6Ph+FTeBZt2K3KlKzjbiFFYfnF+zle6qHWUh7rkJsTeC88PULv+mk1wW9LARFvrFXcFxGRZYUVoRhWhtGsl+RFLrZPi9Cjp1NAm91EN65ijoV8iuHOd18pFi4pbYpxRG7AkGJeeq4IxnFPBfukc63bBRuUOqh9heyJ4iaCOiwoDZUpB1yQY6XhxdItOblrWdDi+5nAvQKqDpkMeZGobheu6f6WE4Dh4zzFBLdGFcTM0952SDdh9naPfIa9dEwWQknN2exvO+/yzQ9zGzKJxHd4JLcsDoY9aRCNDunOo0D7kjon2UDq2jdo9KB2rlI4XBHp1iIz8aw726hxEA3qII13lzLUw58YCfh1dgbTRGAqCG7sHS790Tn4GO3OOKa1H9+4r/K1mSQiEzUTT8TI/RQvsG+tmrevwOAJm1tG6XzdlOQNO/L5Yzt56D3e4w9A0lgaVbNksxrQHhfkmxTJgexsTBQZzjoIeZLZtqPHByd/Hyf+ou+Y7Xjy6vZlt5OV/tCMv/10dwn+fpzIvpirrQXcDiPD3CXF//XZwIn1xtAF1EhiXQwEEETD/bopUGpnXrJ+13DiN7qJJAop9KcljUYkEBCxmLZSL4B0eVwqjoz5XFDpSNILzUMOD5UTjICswXHqf2L2f1W/plDL83IfjI+Lrt6i/mUw4dlmgQ43FRSLmnre3Wex9FvymCb+RZCsHAQvb8+34FonSHk0MM2+BNrL/tTvXMdaS7bOpMDVquX+0j7PEEdZLMoKA9bKSXxCWzWSL2kWgeHsXimUPXW1AEN9byM13FhxAUarz6edYfIb1FrhSYVCqMpEePrMsSg75x/aANf0cd7GuVqxr+dgf11k9OvVzJcPtooQvZlPB+nxqwOHeF596I2WMfs5DuOk97/RE3cqjyyUbm7XFQOuMGvFSGnpRTSbYGQTrgCOdRjJ3GdJHtgBrWH1LFh8iPbim6yZADcSBdct7Ad882IFAsylcciuDPasmaXF8wrSfTvLGHSX88shWQiHchpR+7b19X9ddw4BAh1j3ZbMw6bDkNfpZD0Ng28DiQ7Bgj82rf88MKL6Pbd+/28nlAOa7Ly3rF9ulfnCZfymz1G30XExw4z5tt0Il5HLzM/xs5jOXrdrc59qvjAJn4nfatMXDVgfZe4uQg7UgQA2kBaGAiysT05UAhBM35pA2m9gv3DfSi4rUul6nruP8FE1Fykj9MRqW9nzWrUnMlR3D4DZ2fW0SPKkO0XSN6hyWUCBq52yLUmiIozsyzsw3IByE5NHqozDuXtc1sqTg8Mx21SbNYkUwKMQ6M9nnusLUFuT1YlwBMmL2fmjhCB4ZuYoCLb1cstEcyzgExoRfgaVcqrEyX/gF3esrPVfbRgMflJ6v1QXu+5dIYjm45BWypahDxkd2pGpHTO1xO8ryTconLwoDjQwat57TfnapDDb5wqkOeAdD4rUCG176u/V+k5/CtQzmHHVQnLqec+xEdXT60h3gDXURQthqeMp4DrKN/scUBEOBACEIIcRVNVQ2WqzUlqki16PNu4E2HNBjKie6VFxbhtOlGE1hgW8NPNHLaofM+Jn/2qamo5PVujm743GXWt9DwA+NF/Yl4K8dD6T+GIdwbhxhlpGrgfQhzzohzDwZZKRMp0Mw+OBZ5nXRd8PGH8laxCEeLCE0eQCxq616CxSt8oNaipZRcDX712Ypdiwx6V/HRrs1wXSBT5IgWklJR6dGRCJFNWJSCUqJkBYKFKRzBTRg3JUq8RGxjmwJHC87JGto4Fx8jZwhwm4/HiQK0MmsDvy5rz0/JlUIVWlM4C+x8lAeqTBbpoXRSj0/N1fR7r+lqbWuqPS7S8ej1yemQW78leaac++PCa6mYX85JTLSOWvH9NLHepycOoBCGpYtTZEsIszPYrf2t5st8KyHqr+X7gvfa+C6q8rtcWeV20V5NX1YjDeqcnvcl4LWDqm9bIJuH6BLxGtsJGBwRorgnYxUprDAk0F8S2R2HjIE3BiJiuOQHr7wK/Y4GE3Kf6ngugY44bwYVDeMi/NEurZ0XajDS9mZpwzxdVslE2IfKGNMnJVbUDgAylVTYGOsrrXxoIqzzNr5yJtNNJFKqleMFYgxIomNEcxsIUUOZoZGX57Nk/OwIFDoSZAtJzoPl55R5oI6o4GUxOQ7FByFDhKN7pHi7tehgt5SlVWJocvGSAazuVnjcRoGxkdUj7hLP0trtmUbpwPefuQWqqsDYQ8+u22I9SFbaI/ZQm+kib2/5RSyHvu+bajuz+/71+9X274rbQ+eui+ggW1jB3du++VXv+2bbNKmikML/D8Txxfih9cCIaqKrEJtZCzZsxnlasTKCV5gDb/fc/TrBeyP1HlMkHjO4AM9YVawFgBXrCjw3RFb3btKyaW1R0YM5ALhjDCT+kzJel6WFvyaT/hbZZUygjW1PyBrYx5XMroY5vFZbDJFqh1RUfBBcjNJ+CW9F1U5tlvGnsty3rgkDKoMlKqr+0EsFtS/JssVJyEhRfoFrScM7GI8vIUBcMFG9slpMwdhJBMlb23HniPbxCno0yOVJHB860hlSt4YbjpXhxvgD45rREe3Cqk2GMiwxWnwiMnHGDPknQJdHG2YmJqwcFR2jPYyrR23foWfCAaIwJnVsk94969BJyjPdW4SBeEIzvA4giEm48MmBFIlOOdqfG2eXCB0qW65IWD8EYjctiphFy3C0qFphinLxZQ6PZN9ljOWwLY9dltddXQ9fHVnLXJakklhjSX6Wnqqt3vpXDCot/7O/ZEmhGjuuvGgu4byOtmd3dD7Qlv5hPLcUxlJ2ivQGqulBIAtvkHvPvdXSyyfWf24nXiu0lsNL3kW/JFSqwDv1cSMg6WYWVxU3CUc/WUgKVLSfVnrwUEvzh7+T3TQIZI86MPGTaer0mHgj0SC94RG6QE95ZOaVTPzkCb+atM/ZCDrEC4SFzrRc9qNpGI4AfkJw0zcKT5y+OKhaem0MClPuKNqRj0EStbV4R0cErCLFh9zdtz6vGgAxN9X5tIH8ekA1ttZ8DuFaEk5HMsYS8K4/wUqfdhxi1TmGRwUnB+2d9Cmb/23ejieeYo/ezNGoEUGHP/4hDH5uMIqrtArvWrAg1sLrw2Z37/c8Wrb0M+DF3uPXmwy3JFGPtQypMfeDxi8e2OtsD+7tEU4zFiSH2fchs6ljs9cNxQ5A9s10mnoYmx2N3RNVzFIiTKmvJQ6HvKwnLkFqlqpEqfLGK11yTPZmNf+3JK7Xn7yQK5/7rYNSjycu7s23urWGOd+qdNbmSo8CAdQdK7H7JInIybVDZPEnrldkinHDMJAKlIpOAkDzRJ3bNtH1FZ4cEbGCv/vPEdjKfX8wNRoAJ9xFvx2x8NaVm2AsD+BKtltioQjP8kIrb/QKEGkI4JNNqsI7NSgi5MV1zSiOl5jhi5I9HmP4GWiKaU6SPoJONNIgiXX4wQP8M6HOsEvePfgr+u00Amc5p1i2q86yq/XPkJ4gtrem1r40om64wDxE0KbqKobT2WCxqJ+WhQKonzm2aazIKygOQaMvS8ycnCg14KquODGEzVuXNi65pTmw78h/+I5uaJ6vKRxOyoAyjEPHIVdw9SLj9+bWpEcZSCvJg5COoM5EOjC0l4Bp8V15JWoXUSwwyvoxJmRNjFa8MpnQBk6RqqpA22WRlwb+0P0faS49DKD9g3ZwePfa0nvhP/Wn68/GpazsZyrEzmPmi81z6MvoT7DhcIGkxmrRDKeI+pw+CkOxERgfkKABRkCOFOpnDC/1QnYjYI7m6Hz334cifQmr7Iyol+yKi8qLAwzCbK2d6SV/wgzHlKdhAE0kjd15YQwvXITgxroFEKSX/DTWJW2CxYHJXXOr0CBCSzmwyRaDFnWzWxCG7nQKi1tIAbzYWEhsN2xCXua+3B1YAn5nQWGL1DtRwrbPweu5QvVURO36KH4DljZLcW3qyDgSWdBwIP46oGePNmoIOBJX7bQU8t+Tccd6cLTtw+hVn/KlAWP+JxRR/4nUcGeCupVmjRMy4S7a97KVsZcGIxATWrH3AJMQEla1/ITDOiBCdt1TelzrH2XqR9uOdaZxJ4R6WpW3dyCs+CPzHohe+x3lzFj0VLZI2l6x9dw28cHA+Xr/FxwsbxKraB6B027c9I0ZKmY5u5NUIVXgympka1siuVcor6AgbqSdAxGUedWICTlD3pesBAE7emvsOjV2c45p0Q23XSwFc6C0xEmaZLVTQ442z122aXvhYVanjiig5G0XR8bPgdCTxEzQUmkuaLkPAMfeMi9E0VgQWPg5b627XNrTdVYzUOzHApB9YuM4R6614D/v/Naky5t7qdObe6yeCIX+mIjbe6nHWtzb3VR3vMdp7+PEjVhNNcDVHyStGeM07Wl/dH14uU8D7ZI4Y9WS/EpkPtUJseosXgAxJ7ugiKG4AdznaoIuHqZg8wDI51NZOO/BLIwDuOz4DklD5JLmX89OhIBbYmtEwO1pvnUUh50yDhqjNIIa5j7JQXcksivqnAK3lJIoCMUtpSNhLVVCK9UJYmLAHqR/VYJUpWxAhh7uBrUCgcWB/cOMw44Z7+Z2lhDIOcO0iw2QdLGlIltmEIXq5/unYvRm48bVg0HRZ8GJxenx0aKnuWLiCpNlBXKMqb8XFRs4lvSaixWz0oe/zORyMnlqQ0FoQ/RSwu+++5OGj2yRSdrFmukqPMNV3zNZWzsvLsPYaGPsoBKGUKj3CRkRyJNMc5hErUF8ggqEzElbjbLybpkiajqCjaLxmBREwrOz+6KSNEJKCpYZNMErIfy8jS4CIPLs+eHNJbCIPzaLKTLs1/C4CoMHoTBwzB4HAY/nb3C/71Gc3yXgaY4uLj/j7//28VVD2Nr6AVzSEidi/vdmDqP4+zJbbWR0XVxfzOraw36+hfuIGATIwmcRqhZL4DWoe3MvjKK/srJY/Wm7ZL1nPl4R7kkbpgad7VpPFE0nW8oxlmnbEkklxUXV8nCpcbRSGAbYLTRfGpi9IwUJxiKWp/GqHYkySazwVl2xuOQdTLPXW6rn0mTSzUGYKY6V386ySgy1OXRkiNQ5xoxicf0wHgUwQmlpmuKwy4w00Cdz7zXgsKoYPVRNN5om63VMajKrXcwSufV6eqR8YJNhg5iTRryrdIJR9DR5JmTLoFv/bHKVdF2Mm+Vtri/mfX4m9QaClPHyqk1tblSEwDQGxtkimxNYV3M1Ija/6WuRhyBvhWvz84eDA0lWuxsPU3c7G3N0er9vqPqctfqez8Gu0L7M/x2aPa1hZr6lWKk7hpf5dYP44UCPbiPWswc2eqQ4WYbOTX8TFRHPdGapeRc56Ahpom6kQYrtPZQ0G2mOSuBBhq31gtZCjDMGWb0lB9locYNPo/zrRnAvZUQPd62NLq/9mCyA6j/nnTGzyBSWda2xGl2T+5uDncwhSM74DXnci+v52mx3Jvd5SHiL6BmyqLA3EKbJRKa1JHQJfY5ZdB0y6HVswru0dXie411m9Goz1busfLfagdk2gi6diqtXkFYKChnWSJMXk5Lx3bJD66yED7ALovToEhESlUTMfCumQxhA0cyCU3KqDBcnjkHPDnL1a2IQLHPqhFsNWV7aIsDbjMebdZQQ0FmTNefqfhhdBpEAt/l+DbdGizUCoeTcnI5qZLaS7//EDFaaF4tAwLhGdI8svV3YOVI507FIEsYDodqqgitrvC4YWis55XxWtug2fFFjZkTt6B5j+wduUevTjHhvNkZxPDQYyd/fH+Y0lSNVEnE/R28N7ypQzw06Ihw+Jklu1iSDxg+r33Luo2u3cNU2EtTgMFUgN1Y5f3v88hiBqbkS5EVX0Z1rxnt3ha7UN87Gfsk1YCXJZXsvXHHXtwPTlbGNU43zL0x8/Vfz1+6HZ/eLa0q1xlh+T5pjaaRAKmjKMKbC7yEvb8pbzuKpas7rlrVJ2wrOc8nYBNw1hPbcHXPbe31NmYFwWDkcfFHbMiTkdjsXlgkqQqk7MLbmbCVrdSxd8CLU53eU+kYfWkup8Dvjm4tSDgTCNZbms5VYYCthoqxiOipf6sEfyswcZuMk1KViXmJsSpTJCCT+YYIKxFo41T2hlBXoev87s3NpmUfmMVQjCfSVc6SO5YC8VpDkORiYuD1qEVElmMxDiL7bdyb8GgPALFW/xA0EuIQIEcgqOMZtvf+flfOOQjMIeB0p4GdtqkpbrJTnft9vDGliRjTomlwmJDszDjBcumKfGLJhYE5Yx/zkbYr3+r0LFuPGiEqFLUkw1JezO3cZTT0PUIEctBVGfvYRGjrhtfkyS9M0JTUITd9XzLYZDr/ity7GRX3uoWPF3bpoZBvu3vMoJCvIoxG0GaIPm7Fa4FlDI117U7zP8KXN7q/C7cI05sM+QXqaM1VsXxwhkqQwSEAllEvFgr/o1sj1sUtMiAWHGBT+MXS+jgpw1ASZ22SaqlBz98H1+9DVIOEl5Lue8xEc3hFrS8aF2IZI2jtxU0PVr3/hk/fayrolgfGDb5OYzlLyUjsGV3fS4+nQULDbtTBQtA20+IQ0Iyt6hJUe4+PM7uMTMFoUaTL58AsQTDFDb8GOVJC5L6RlDGZ9IRcho5643lAvg0sF5MGhcHjbnBag/sGl/guRa43E/uBfX2Jb7FLmwNxX+9ykwZqTJkK//1fR0ZJE4UBDHdoYEKzrGzj0xmjkHaBUgaObxk4x6auauUSpZijuViuiVpQruGo3drOF8zi2C8pyzLx/Ir1Wl0dXVqeUeQKQuFC+KtIrkoAX2OJMKOk7p0lFnXL4AU5M2RRmmy+B0e3kpwpYGMLVA9sF2nvgpNbOekKMcUot5QMnRX7Sjt3dCZh3dHZKA2EQIcbwn2PiVytodOQkE30ZJOEdnTrQ1F+CmqozOTJ+oe8eapLqjDR89R20jH5YEBBQGXwObHYdXhNNNXUOY6r5pv5QwQ7RNbeShbsP7qHXbCX5liDXeDbBS0j7vD2gTITOra8K2siYLnWgpNsyRxiMCjMlC1smqwAUspTyUDw1KsWO3GRd2su8tgD/jyyJVJpzdhdycB//xeuE7D4e3p8L9PRjSx5sYKTOs68tGSnvt4C12Hr1SPM5vucokeeO5YAJx7Q/zKFsWpdUFGFWaxOyWobAzCyhDu7mAuOGCQYjOqUAqd1vSABSJqec9Rnzq9iJG9vjYmBWcx0VafcZxAC7/YesmZofrbnquDDSxq/YLjhjGKEHSt32t0ALLN1Bbdf5MmBx8oJZYX5uS+g3quC6ntBda3BUwm1viTQrkhnC9phL+de+QDlzQR85w9K0SF0/ZZPDXlVGOcPp8ciyUOotM7+NHheYAsPvdwb4YQOHsYM8AoMGYwktRiWIKQYMWQmRdquF/HrvkJbWHtkvNgmDZwCqT33VtWQFtYB12hxnnXjgt0cSC+Jv6aB3TSiJkyaImJ6uj6L23YDuqHXrM/W/B0eC5VgWAz2MILxpJ9v7VUj8qEyvVo9mBsfhd26dH/qIcv20m3uO93o3i15/4oRWSPkHADFEhGQN8dqWHgFf71Ll7qx1hOHs+C5SqyLZH2a20unte+U5so+RGQwNIzAnqekFywVPclPGZXsNcucRkvaTg8K2Eunru+WAlaIF2zYm2ea6uKrLCYcShiqyiaYDVywStfW2ciomusqiQ1m+K2mzA8iqjX10bBOGCGrix/uPdvmBAKfrCJsDuLq9QXn6Bt5SITag8z20hfjuyWzP+5QVJiNjKyWQnxkKvKYdfjC1+ZdDTDsfWlaxZiEVaQJv5ySSgKsseVkUQ+C2AtY99efJ1QTRCfM20UnzNtVHkf5x3QzmLeLvpbU2ukEv7p0YKoN+VWZao9dqkM9KG7biIXfqK9ozbXvlYL/pf6nvvn+z17Xierj4BV73zcms95P79srAj1ApJv/reLGaVRcRV3U8G+q0hKM2CA/EQhEvlhqMFF7oagZIDtp2qDwtS890QVx7LFiTg6f6VSOYNmwnCoM5C0QSUffTMwKBZ1BkatrbCojb2Sippohx0lzsNNzvTZ6nMQBy/F4TqI5fAHcs88D6JXudjvm/Ly6i9C1DlWSoiWlhpNH55UkFLlL4QzfwFi9TpwfvTIVMsalXJxil7sJKFqJLAqvbr3i+GHzt/lUMgYhJx+aihoaCM+j8zuT9Q8XhDCV3HMic8ln7YyUnyJpTAN+VQMITWDRoL5xmwA2K7QPhnZxiZAL5bRo9DXMsF+fKwXlaZ3Ekr1fGMl0L2g76+CLULwz+FjFE9flJTVv16Mb/MMBKnEP3KJT+7zs7uzySKUX+WQz7fNyM+1zQ+b0QhTKkeYLkWMMaG9camUPP4pfoS1VqC50dDb0XT4glz03i/Ec4wpdVTeifDWr9BoleVh8bDi14oBtkujI4rJiwUcXyLslSbzGcE+sUFaFvR2HJsjaMQawLEwClqWoiFjoeCy/JGR/FGWoPu4kBSkxUB8A5zdddGUzgXPkE+2IibZ7J16bBHL4spA1SdEWF6De5a6ECmUkNtW2nVgxF8Ma+/ampe3nYvTEs+qWQDAug5NVVp+Bf9ynWoABOJB+6OLADFonsKznDaZXr7pBD7DCyoJ/UHu+hXvTejHWF1gD7OS+khIs3M/u3QzBF5ZPG+ZruGev89OqobadBpuRZgJlLA124KYoSA+3jYI0VPL10reuOvWtJP00+vOnzdStq505+37hYt0exDVU9O8tL7gVNmzygwPkbLWygymsuTD1GfC5Ob+ubMhG9iL1rVZUT9bV4tf3gu39Xb3wi/yUgY1OPQ/OgmvqF9ACFSkyYPrKuCCAn+tRKUz2rGsC4Xo2w+9mRHYf3DOf/Jws1tjqDC0PwklG0xSBoNBCFyFpiNXoo0Hd+uPs/Zkd3ZYD4LzbIFB03Wu+7nkMtr8qSoNw8jziiaG7URSFjpRgdcoip5q0aAPq5z3cPJfxwfAv7x6kBVZUsbwBeyAWS9REMjii5UJjCd0gKgsRWCktxpIhWbqXC62nHGaRLBgs135C7wpqxhb7DS2pGWriWsb1REz+m8oDDq2JhL7apRrCCLxFYLqDfyA6Qw+4TFGltR3c8bfXoOUCVf0KO+Qy9fADOcZ8WLBXslAT7pn2m32PEA4WuaYaAGIO6dlFAIkefsHCkdQ1T4Rr0Bhh7bpH+96H24YRGOTDKjJ6a5GfDyAKNnIDfL3ZolS9RcuZoA1Z+Gnv2DkmchDs42N7deTmmCHZEGoEZ4dKaGiQ7VKCJMdrEz3Rpr1qfiMpdVlzabRmtuOYhnFZOM4/m1WpS6MyiVCw1HYEXRqT/sgW2NIOIvHDl0lCf5KkupXY47YPdx3QOvbFXVkeInHuVtl+ZpwJtbsWPkzo4Syhf5Pz4F91fkMo9jZLNZfokUXTAPPQSqoFGgP7IsWA+nNlOQans4S9FSDkU1UrB6DDaqC+lP0aKX6igFThUHSvEdDOakTBe8Eayi9ax0XdNtdLlm96HJ+jeWBQSk0YrkvH90LupekBbZwvtzJZWC/0WMZoo1IiUykIbaDKuauBW5uXqM6Bxme/4Hc2LlZUU2fKAdP67h9+Bqo6PGiPozgUyO7rKF6nH6sUrUUZvENU8fFuj+P1OGjkhTDEi3T+viJ4GJz8jsm9aKKcIl0+Dk7gCI0pF0QRCu5puJSRgUpGUWEoJVB5LpGcUPGfCoS2JKNKp7L0k0YcdDqI4L9VFObRZHaDLWmDPojdyzOs8/fAjMPGJvAFWkGNl6Hu69TQmrvncVPzutc3RovbOHdYRFXaJhpwLxq1hP4r5Q18dpvjcg/pAro7p/3Cm4ydLO0DKXbNE+9x6IZKwf0curva8L0BRom7/LwoqhzdU/trLcquAtMU1O8JSiRlQWEZpZxy6y3WK7btQTRHSmgw8xeRD2qYyza6CjpurA/BtVlrpnKbdt0jmUrK0CKfDvfcWcac3yQItZeysYHe0Xzwy7CxK/2OhUzayhKqS1fJm8bNay0xdTtIOUQvkVXX/VqtSoWSqEw42ymXEcGCcFF5J6xBD5rcS4XbQJNIkwU69XCzD+ntdzjQNJu2Cg+jAw+mXgZkiPhNhq21slWLfqsHEb0dX53HoBMxqe6PAGdXIg4dpvxpRPGG/cAioi5D0rbFrjIsdyd/DIHOGlPICC6bpuKlVtaRaFDUsKegzg3nICrowy/2Up048AvYjfecLbSHPIprA4hwR/4b+fRyB5/gXasKammYKFCvFJa8maz5KvV6trN4A1otO8YmIQfGCsbZ0CAZI3x/D5LcS7nkQJKwG7/p4F8Eaui7pcfuSo6SUF8psXkqbjm7G+bCbNSoVqOFSbWWecSeqhMWaWJh46XmN/SAnfq3dmllPYhwL8WUAxFinRHowmDfuU3aqzv3pBl8f8uNW4O3OlHRwgl101PEBH9PSeqDAl9hTTHRIL+CcMMSbGiFoWRJeKPOh1Nf0pTqXP5g7AvU1GzwfoYKRQ5nSHNDI7qPoj7OocOx/Nw1OKKiZAnKXez1Q+rKbq1bpBQGj4Yw8kOCy8lB5wG9Bt4iS4xJg1nSSWkQDLEwwaXQbnLC9lKdOpwwVNVhZ+K9Hy20THSakJNU4AzY2yJId0aKRFWVoyiwnlNHlLZbGp9JguOkdG4cgr/bkKUPxan7Irh2zso7UBRzRcUL70g6H8Bi9rO2kJ7+8ff/wKg3Kg+C0+WqkjJ/Td4S9fgw/kfkdXiPhe4CMn7wJHh59ubs3Vnw3//v8uzi/kXLr6+8/uOq6MzkqatWKbzHsb1cUn5VE0gWS8PIh4/HiSNiRssxUbgji8qv2aKO27MQADrLr7rmQnLiRG71QJPiF3Y0lmeI0cZ+Xj4+e3x5/wI7E+hqMu368UHY2VfzFUaOSivgX3ko4pzGVm92wU3eL5uPvrg8u7y4XB67fjOiol0yco9CzaoZprz0Bj1471COvDebjvsOAfXtnNU+s9VLJn3WnsTObAKK4TimBdy3E5MRuS7SvuFrRQRfN/t3XJAJyCqy9X2dWj3U5FG8Lwnu54VIb7DtH2jyLzVozCd4yX66fsDjdusZ/c/TRuwNeKE9rCYOx/hFJhsYA2GL2lTG381eNGLJoh7E7qGkpfOTlPkXuyFXjx6epBRmb27J+rzh0VB8vC/e8E6anO+p2qnjvpngQwqXVxzpSRAqF6QKS5RtDYpWXvZ+Ig0KgUFkQxxrouxUTPADkh5ieuiFlVWcxZ3KZMkscU1cI/I/sdN+IlPsiIxPNpkjZO1+1MCkAkzFqigCXa9eZ7Ho+iQ/lC+ug8z0oBuZ6WF6U6WXmxVrPeirw/b3qH4g5OO3RMQvKIQDFgYWM+z8xKELKsekowb68sifQ0cF8vpUu+3SxW+eandIRujIO4SZ/JyzRwmQrlOPm4Flynlvn7U6QR+crUAb+GKCN04ksgvXmcc+zVfrVkU3saIsLWpWlrKlSdFekxnFjgLzQVqxRZVACIX+eUSHXS6x8rOMk8U9TFSZpFib9LUtOKYHK+mgFJ1ljZ0FpYPjCmKxKAyoNEOxc+i+sQOw5mRh53KiipK+QpQgsE3UWEnUOVQSnOQSNIKU/TJZadt9ybgH5s6joVZ3X9z0DWVr/VV8lKDGHYCnHpl3zlUY1HB8FoGPIrN4YDwgXpNzhCaqq7il2saGWDkko6MqMm72APrR18bcyEcsCCefvG8mNXwkF3rb7WG37KP4CrO3XBax68mG+LxBotGkLI7tpFYFRZbdK8sxnETTTAiT0rhse6Zvpa2zEXQLhY3NScYSBi9tsIeAG4qN91eDY+L1h2oYdH10lbd1r1hGOUgczBBX/k8SVUyDRKSTCrMyQHnszrTjTDl/CFV4APGMMzRmzg4mgsKywdCGW9xz7PAkek1WOdhqIBmMXySEo5sx+jxW4hnnLCWZE6MTNm5ZLmWhth5OQcbQlgenOpiLhQl8Fox3lyXY5sl0ffVT5DmDkOfl9XWh6Ck5/I0LGZ38cMetMIj5BQc+9bhjguzMNsZUmVecMAYq+1gjJlSNk5BNc+wnA8+xic01OtQZPLGTb+H83+YdDImIcPL+T/hpjpCKlw/IwzSFvx8+eWD8S9nkr4JIVGfoWuJLiEfUH5mT1J+R3dSfcPdkDrzxkj6OtS69j5OqpI/ucb9Vsw9wHOCnAg+S435A5XgCDBXj3Uzj/Hr050jHC/rD1uE8+/9QSwMEFAAAAAgA2oSTWtvTDRFUAQAAaQYAABwAAAB3b3JkL19yZWxzL2RvY3VtZW50LnhtbC5yZWxz1ZU/b8IwEMX3foooSybsQFtKKwJLW4mhS0slVuNcEgv/ieyDkG9fqwgSVBoxZGG8F927n97ZznS+VzLYgXXC6CQakjgKQHOTCp0n0ffyfTCJAodMp0waDUlUg4vms7vpJ0iGvscVonSBN9EuCQvE8oVSxwtQzBFTgvZfMmMVQ1/anJaMb1gOdBTHY2rbHuHszDNYpEloF+kkDJZ1Cdd4mywTHF4N3yrQeGEELbyTlUJvvCmzOeDB1nnfqqpIJiwUdWqZRiIMLa3YMV4PSiMFr48tHyb1NG97BKuZDOll7Ps+sR3WElzDfKiJ9/lv/NNtpjbqE1tv1RqsP8cN9knqym7YJwTfOjRq5aedIAhpVCoQ1LCLZnybm3zsE7uC9Rcg+r21LkFL7Nxm3CcJ+l5oGH7Lg9i5xIdeX4M/UbgrcnjuEyEzGpdsLVtRnKQjBD37Q8x+AFBLAwQUAAAACADahJNaCbf/agcSAACduQAADwAAAHdvcmQvc3R5bGVzLnhtbO1d23LcNhJ9369g6cW7D85o7iNXnJSsS+Sy7CiWvHncwpAYDWMOOUtyLGu/fgHwBrIBDhuExpYrcVVGvPQh0N2ngQZA4udfv24C5wuNEz8KX78Y/nT8wqGhG3l+eP/6xae7y5eLF06SktAjQRTS1y8eafLi11/+8fPDqyR9DGjiMPkwebVxXx+t03T7ajBI3DXdkOSnaEtDdnEVxRuSssP4frAh8efd9qUbbbYk9Zd+4KePg9Hx8ewoh4m7oESrle/S88jdbWiYCvlBTAOGGIXJ2t8mBdpDF7SHKPa2ceTSJGF13gQZ3ob4YQkznACgje/GURKt0p9YZfISCSgmPjwWf22CCmCKAxgBgJlLv+IwFjnGgEnKOL6Hw5mVOL4n4ZgVRgLwdiiI0bgoB//h4hJW4qXeGgdX2GjAZUlK1iRZ1xFXAQ5xIiFmDhZE7mcZk+KUNi0BHzfchhv31dv7MIrJMmBIzCsd5liOAHYyy/IfJ3MWp1CLU9TGEUo/+oVR14vcc7oiuyBN+GF8E+eH+ZH4uYzCNHEeXpHE9f3XR6exT5j9Hl5RkqSniU+kU+vTMJFvcZPiYMChAhLes7NfCNMoDV9+uq3DlKeWvsdQSPzy9pQLDvKyDJol3DaP+M+D70UPZ6zMcRQUDzvOnp9sieuLIiwpswxT3nB0zB9IVimNsyNxox8yFb5a+XGSXvss2h3Niyt/uQXmMkrXeem2eenk8gyAdllgYmHqNouW7CpdXTO/oN5tyi7wMmYnP729if0oZhHx9dHJSX7ylm78K9/zaCjdGK59j/65puGnhHrV+T8uhdPlJ9xoF7K/x/OZsHiQeBdfXbrlMZJdDcmGPfoDFxAG2/nVw4X4fwuwYW5ClfyaEt5OOMMmxAkaYsQlEqm2asxdo+5D9IPGh3rQ5FAPmh7qQbNDPWh+qActDvWgk6d+EItcLOYP1Y8BqPtwNGxE42jIhsbRcAmNo6EKGkfDBDSOxtHROBo/RuNo3BSBk0auzgslZx9rvL0dd38bYYa7v0kww93fApjh7g/4Zrj747sZ7v5wboa7P3qb4e4P1njcrKvlvGU0C9PeLFtFURpGKXVS+rU/GgkZlsie7eDxRo/GVippASaLbHlD3BvNJeJ4v4dM+7XnKU/ynGjlrPz7XUyT3gWn4RcaRFvqEM9jeBYBY5ruYo1GTHw6pisa09ClNh3bHmjAEkMn3G2WFnxzS+6tYdHQs6y+AtFKUCgdmuzSNSeJb8GpN8SNIwt9FmItPlz7SX9dcRDnzS4IqCWsD3ZcTGD1zw0ETP/UQMD0zwwETP/EQLKZLRXlaJY0laNZUliOZklvmX/a0luOZklvOZolveVo/fV256cBbfY6ht3H7s6CKLER8G79+5CwDkD/5iYfM3VuSEzuY7JdO3wEem9PC/2cN5H36NzZaNNKJFv9euEifAzbD3f9FVpDs0WuEs8SvUo8SwQr8fpT7D3rJvMO2pWdfOZ2t0yVpO2eFdySYJd1aPuzjaT9PawiwCWfM7FFAzWsBQ/+wLuzV5a6elUp+xeswupPq2ZUslq8HNJCKfnkqJ0wfPW4pTFLyz73RrqMgiB6oJ49xNs0jjJfkyk/GnWm/MVmuyaJnwCI7k19sVLCeU+2vSt0ExA/tGO3i5cb4geOvR7E1d37a+cu2vI0kyvGDuCbKE2jjTXMfCTwn3/S5b/sFPCUJcHho6XanloaHhJgZ76FRiZDijxLSKyb6Ye+lTZU4L2jj8uIxJ4dtJuYZmtHUmoJ8ZZstoEtbrG4+MDij4XekMD7N4l9Pi5ki1R3VsCkYcNkt/yLuv1D3YfIsTIy9PsuFeOPoqvbf7a3Bte/m1CD699FENZkzQP3XwuVrcH1r2wNzlZlzwKSJL52CtUYz1Z1Czzb9e2f/OV4URDFq11gT4EFoDUNFoDWVBgFu02Y2KyxwLNYYYFnu74WXUbgWRiSE3i/xb5nzRgCzJYlBJgtMwgwWzYQYFYN0H+FjgTWf5mOBNZ/rU4GZqkLIIHZ8jOrzb+lWR4JzJafCTBbfibAbPmZALPlZ+Nzh65WrBNsr4mRIG35nARpr6EJU7rZRjGJHy1BXgT0nlgYIM3QbuJoxd9aicJsEbeN7uxumdrsbGdwtoz8J11aKxrHslkuCyOiJAiiyNLYWtXgCMn62rV9YndruumfRt8ExKXrKPBorKlTa758m7200Sx+98mSa/9+nTq363K0X4aZHe+VLBL2mtj+B6p0Phu1TjN5/m5TFBS+TDEbdxceAeHJfuGqJ1GTnHaUhM+c7Zesesk1yXlHSfjMRUfJMZBs48M5iT8rHWHe5j9ljqdxvnnrxHwhrHxsmyOVkioXnLd5UY0qzqnr8tkCaJ1unNHLdyOPXh7DIj0Khk56lM680kO0Eewj/eInyjHqPfPf5eoJEPcnnSPnH7soBdPUo+4vdb1lHacwoY4SZ9x94qoWZfR67Bxu9BCd444eonMA0kN0ikRacVRI0qN0jk16iM5BSg+BjlawRcBFKyiPi1ZQ3iRaQRSTaNWjF6CH6Nwd0EOgiQoh0ETt0VPQQ6CICsSNiApR0ESFEGiiQgg0UWEHDEdUKI8jKpQ3ISpEMSEqREETFUKgiQoh0ESFEGiiQgg0UQ379lpxI6JCFDRRIQSaqBACTdRJT6JCeRxRobwJUSGKCVEhCpqoEAJNVAiBJiqEQBMVQqCJCiFQRAXiRkSFKGiiQgg0USEEmqjTnkSF8jiiQnkTokIUE6JCFDRRIQSaqBACTVQIgSYqhEATFUKgiArEjYgKUdBEhRBookIINFFnPYkK5XFEhfImRIUoJkSFKGiiQgg0USEEmqgQAk1UCIEmKoRAERWIGxEVoqCJCiHQRIUQbf6ZT1HqltkP8aOe2hX7iPd8skJ9lF/lro2hdocqSqXH6v4uwpso+uwoXzwcj7uD+MvAj8QQtWZaXcadoyc+fz9rf8Onw2c8ulYlfxdCzJkC8ElXSTCmMmlzeVkSJHmTNk+XJUGvc9IWfWVJ0AxO2oKu4GWxKIU1R0C4LcxIwkONeFu0lsShittitCQINdwWmSVBqOC2eCwJTh0enJvS0456mpXrSwFCmztKCHM9QptbQltpx/Y7G02P0NV6eoSuZtQjoOyphcEbVg+FtrAeyszUkGZYU5sTVY+ANTVEMDI1gDE3NYQyNjWEMjM1DIxYU0MErKnNg7MewcjUAMbc1BDK2NQQyszUsCnDmhoiYE0NEbCm7tkga2HMTQ2hjE0NocxMDTt3WFNDBKypIQLW1BDByNQAxtzUEMrY1BDKzNQgS0abGiJgTQ0RsKaGCEamBjDmpoZQxqaGUG2mFqMo5tmSJI7rhEmCuAZZEsQFZ0nQIFuSpA2zJQnBMFuCtjLLlmSjmWVLsvXMsiXZjGbZErCnWbakNKxZtqS0sFm2pDc1LltSmdqcqGbZksrUuGxJa2pcttRqaly21GpqXLakNzUuW1KZGpctqUxtHpzNsiWtqXHZUqupcdlSq6lx2ZLe1LhsSWVqXLakMjUuW1KZumeDbJYttZoaly21mhqXLelNjcuWVKbGZUsqU+OyJZWpcdmS1tS4bKnV1LhsqdXUuGxJb2pctqQyNS5bUpkaly2pTI3LlrSmxmVLrabGZUutpsZlS++ZiG/hE1C3GxKnjr3vxV2RZJ2S/h8n/BTGNImCL9Rz7Fb1GlXLwUNt+yuOLbYNZPenTGf8C+jS60pe9gXYHFDc+NYrt6niwrwkTr4RV35aFDifrhV/xwnfCC3fAOx4OptO5jlRmjubVVuQnZHAX8Z+dttnGocFwHCWV6PYiUyUak89ypLnE9FDUPZq5yzxxCVhKvs9VNUs5F9dVJzn3lacLx5ztiZxdrXiQXHPyT5FzYbHp8d5eRRbqmWF2W2yK+yPt6XsKFdReXX7xhO/abQt7gn9otx0lYKTy+wTe83TsQjB4GaaPlAaNs4PqsfC7d7kzd5GxZxzlH2t6vpLfbu4QVl9vbtIe9stxf9dHowqXfL/oC8Vu9H97ywpTpXz37Ud8iy43EjrciObLjfq4HJVpMjuq8UJm07pB5Upc5kf00+HBn5q6qHj0RN56FjroWObHjr+Xj109CN76Kivh07G/F8nDx0tnshDJ1oPndj00MnhPfQzpdsPrISD4oDvdpoMujvv+Fk672ghu292EIh9XkfzWXHwccd31yW7NMqeU+38ysusc/hxX4efif9aHL5U80RBgckTUWCqpcDUJgWmz5ACk+dJgcmTUWByOAqMFBR4qn7KTEuBmU0KzJ4hBaZ/U6BOgakBBfznQoS5lghzm0SYP0MizJ4lEWo8sEmDWTsNSOL6vvjGHN/B768ovjoNE/9IIoh88SI/x6+v+Y1KSTdJpdNvfM+X2eWfJZBlw8vxfCam/YSoGE9mdRWjycPyNH/FicHOL783Oi60dFzYpOPiGdJx/jcdZTrOvx861gg4mvN/TQLy3UYr+t35Yfr66HzRhX1DBfuGT8S+Ey37Tmyy7+QZsm/xN/tk9i2+H/a1NIbfORddRgPi5vvOaKYJ8/0jyw8git0jmyzVbDKpYdiwG8P05U75ZHVLmcVkduv8Zr6njS4EdI4B6TLIPI/98TbkxHzI/TwrqfeVHBU3ntEgeE8kfmpuzYnKrg6PF4rrJWc18gV5NQCDemEGZSX0+s720s7f/dVOJ4svq0J1Z19c7alpbHuSvU7dLEx21rQhUThyzlC5Jdgf7xVRcqGeI102+D9X9ITnIwOuV+1uucSiqavqikpfyqiwx8YK+tSbzfnx+PI0r2Kugfr82nQ2Phs2o+m6XtBdcTffhzezNlI57i5h/BJLK5pO/u6MbBOgqneOOI3Tk773oFBDvV0rBjqK1qo+9seK0mxAmAsHvIgN98t8OM+yHyqnVkxhFndto8TPl69omqjjbhqv0bZN49WXd6Haq2v7ON1F2xYKe03vSTC6hitT3jnZpf9cq9emvGtUpZt3qGINaxuT/LfsqO3ELobMdjxcFAYqbvRFs8Ubnewq9yrWl2AuIt9dD0wwFbdo8VyJcK1FpUT1aotK/eY6bDi2fhWE3O1+Sp3bUyhcGlApVL04oDIFXqH62fnnpzk4ZV1pTj1pXenckubGz0xzt/79Dbmn2da/qiaT3eDwO5ziFuthsWro8pyzmpTIck76lbX5zaSTj1PSWBn1fLtxTt1Hfefoe6lNdcg9VXstSKO3uttu+da1pyxBZ31C1nvT9WKbi1g6KT7zyhXfkPxa3HyMMMiy7PHoezYWDVZuNa/w5uKS0mySRa2ZDOp/OJItMNQ03Xv6h6aJxFm04ZthV9/DaupI2v41Lm+ylVrsT9Tr+hxOJ5OzSa2LXXVhi76u3Mnpt2A5V47YrqdFL3xcaG9PVh7OlHBbRzS7JmCVWvqnSs2yNeudXxd7GDlV6Ts7g0YP+3Sw1w+0qRZc1q7Mv1RZUzM9anSgTVKmpp5v8y2VW9yr2HVZpWegQTlOgYsK3efP7+KGFsiaBf7lmUHE2u+yclV0Xpvfo3dcJTX1ekPq7Mm9WFbw4X0637NNGS9r+7lhgqUE+tReqm2i67Mhqua5abg7f0MT5wN9cD5GGxJK1mpeaVhluFC0YotuVulKmKZK22zVN8bLPvFUZOn85tKhFV17Famp5avirae+Ki7fq1KoTZ7S7B5j1OOUvK4J5nWf9ljT520fpAFGrQYYWTLA6PAGMFR9n9dYkKoft6p+bEn142+sevkFjT0tbI/3M5Cqn7SqfmJJ9ZNvrHp5eejTvReAVP20VfVTS6qffkeqP4BSZ61KnVlS6uzwSt2z6PkAqp23qnZuSbVzbQ+wQwdwrwm+/bIhozW0B7DuotW6C0vWXfwI1u25DOxAa772m/yk1eQnlkx+8iOY3Oo6wG/vANW3TvJPncBVDfBzKOrVDSZD+nUbn87mF+P690bqzdzx9GJ6litqXQq6ASVZPfMQyleZOny+KWBXL4bnl+fnBlordZTNXVJPv4wK3mFLQdgBqsXoeHg61qvwZDq5nI+aPrpSl99olZV6sK/ck7upuvKCeOJaqqrZyM9sOB8XK/YO/s0a7dxh68yh4bJExQIYk2WJ41njlb5BhwHL32gU32chtFKqdDLvwkpneCe2OOzSja1C40Qx9DbRDL0VfyW//B9QSwMEFAAAAAgA2oSTWiEkYLgxBQAAlCUAABIAAAB3b3JkL251bWJlcmluZy54bWztms1u4zYQx+99CsHAwu0h0bdkG5ssvEmzTRHsFt30AWiJtolIpEDSdtKnL0lZsmwpiiSzhwDJIYo45I/znyHpIZzPX57TxNhCyhDBV2P70hobEEckRnh1Nf7n8e5iMjYYBzgGCcHwavwC2fjL9S+fdzO8SReQin6GQGA222XR1WjNeTYzTRatYQrYZYoiShhZ8suIpCZZLlEEzR2hselYtqX+yiiJIGOCcwPwFrDRHhc9d6PFFOzEYAn0zGgNKIfPB4bdG+KbU3NSBzkDQEKhY9dRbm9UYEqvaiBvEEh4VSP5w0gN4oJhJKdOCoeR3DppMoxUW05pfYGTDGJhXBKaAi5e6cpMAX3aZBcCnAGOFihB/EUwraDAAISfBngkRpWE1I17E0IzJTFM3LigkKvRhuLZfvxFOV66PsvH7x/lCJh0m1ZMNzXhM08YL8bSLrHLh9+SaJNCzFXUTAoTEUeC2Rpl5emQDqUJ47qAbNsCsE2TUXmy2R232mtH222ehgOwi/v73KVJ7nk70bY6ZFMiyhFdXDies/AkFSv4MPGg0FSCa3c8fAqAUwMEEez4YVEwJnuGGR12t+Sgjtuq4AQlB8UVzjBnKoB40wvhuIUf8iGHV1gs5vG6H67IkSnHAg7WgK2PicuOB0FB9CrEfIElJHqqMmG/oPkl8CWt5DBbnbdRv1GyyQ40dB7t/nBk73A/gVZwuioydp4zP9cgEyd5Gs3uV5hQsEiER2L7GmIHGioDRr4F5MPId5VRrB+jSLuhVqchj8TRtagCwYJxCiL+fZMaR2/3YitZIwmfUSgqSCob84JxvuSQfqUQPMkukoKZnHa2BWJZ2eFX2w7ubkamtKSbhKMHuIXJ40sGiz6qNZGteS+eZklhs/y52FO3Vm5JttKAxKOYS/lSTpb3ErXsXVo2xjBCKdijs5/8JSkn/gMCWRrbJfxRfMoVxk/2Zdn+Z1S0JnDJ96i/qHJWRGn/LPqI+UWoZhkROQ4d5bp56IiwDI7k5FbxsgZ4JUv0Sm9FN9Xkp8JtbcKdZuGODuG257UpV+be0h1t0t1m6a4O6Y4dtElX5t7SXW3SvWbpnhbpk0mrdGnuLd3TJt1vlu7rkO4GVpt0Ze4t3dcmPWiWHuiQ7rmtp5wy95YeaJMeNksPdUj3rdZjTpl7Sw+1SZ80S59okR62HnPK3Fv6RJv0abP0qQ7pgdd6zClzB+nmUY31ZgFmDynAvHno2fPp3dAC7FYs4bnn/a6pABtWZFWDqyK7RJTxByTL8KPI7mZ0/7gjmDMZQxYhUfjPKRIuiHcIGJ8zBCpN67kIWOU9YsWL8mGhfqOyIs1bmZCU3ICMnbZzip7gSWNEEkLLNvWz7/1v0eqULTfstG1TrkGCYd60hZTPE7TChWkBGExQbjb3YTivftxkGaQPkIvVdU6d2Ja7k33xkb23szeoBD7J3K+f3N/OTV2lvv/IXcfcda3hE7KD9G+SAvxK+ryz01e5o3ykr2P6Bt1Darnzz8/d4ZJ1nLvFSfT+n9DrDWrXG47aE22fRt1uMm1xrdzg3n9cu16f3jhrOt6S2sJauR2+/7B2vZq9uVwnZx8Dlavn+49r13vfW8t1en5Yw1c+Gd9HWOt3Sqzukrhyh5TfC8zijfrWQDU6tj8NxW/n9FuA+/goG6bi1KBOE9QPAssNQ89/nWm1MN1Gpu16dmgHtW8rTpgqFj9E3CiKodFwYa3YjtRVhr1GsbVQHC0UVwvF00LxtVACLZRQC2XSk1KsZLPy71TX/wFQSwMEFAAAAAgA2oSTWjNeKpC5AQAAvAIAABMAAABjdXN0b21YbWwvaXRlbTEueG1slZJdk5owGIX/ipP7CkS0rSPuWLGoXXR2dUW5CyEGMB8sCS7y60vBdmen04teJufknOdNMnmoOOtdSaFSKRxg9U3QIwLLOBXUAS/775++gJ7SSMSISUEccCMKPEwnVI6pK7Gal0pLfuTMRRrttCwQJb0mUqgxlQ5ItM7HhoFbl5SNoHBCOFJ9KiVlpI8lN8D9QPHH/9skcyIa7SwLjnSzLKghz+cUk6a65ERoA5rmyCgIQ7rhV0maK9Ari9QBXpv/jviL79CNCUHLH3/Q/h+6kKWIdZHm7egpFUiXRXNDM19Xn3lWXUR9fbITb3fO4JqgH6MQbQYH5m2p44DpnPrVYza7zT1ahjC/hIOk9imTj5n/hrJvo8h7u80DWvpBeD1lzAz3qzWa2zXhwyGGdNB51yx2Lzfsdjnxkr2eBrHZaZsL2YcQQbPLOT7VyD3UYdbmmKHrmxHE9j2n3nqHYVQvOu8+vmA3gfG9E/PnDPO87LwriAK7why3nZE3tE9CDu/sVsS1FWUre7ZcJf5Lbm/EswqCk4WXC3iwwh2Cmu8WWm5d9hqZ1WBvfQ3wMQ4nxl9PMm33/vnNpj8BUEsDBBQAAAAIANqEk1o+yuXVvQAAACcBAAAeAAAAY3VzdG9tWG1sL19yZWxzL2l0ZW0xLnhtbC5yZWxzjc+xasMwEAbgvU8htGiqZWcooVj2EgLZQnAhq5DPtoilE7pLSN6+olMDGTLeHf/3c21/D6u4QSaP0aimqpWA6HD0cTbqZ9h/bpUgtnG0K0Yw6gGk+u6jPcFquWRo8YlEQSIZuTCnb63JLRAsVZgglsuEOVguY551su5iZ9Cbuv7S+b8huydTHEYj82FspBgeCd6xcZq8gx26a4DILyq0uxJjOIf1mLE0isHmGdhIzxD+Vk1VTKm7Vj/91/0CUEsDBBQAAAAIANqEk1qFa3HK2AAAAJQBAAAYAAAAY3VzdG9tWG1sL2l0ZW1Qcm9wczEueG1slZBBS8QwEIXvgv8hzH2bdhWRZdO9LAt7FQWvIZ22gSRTMqkI4n93yrqCPQgGJsMkvPc9Zn94j0G9YWZPyUBT1aAwOep8Ggy8PJ82j6C42NTZQAkNJIJDe3uz73jX2WK5UMZzwajkwUs/Hw18NN9n02zv7lfXtT5BCTqJDRsYS5l2WrMbMVquaMIknz3laIuMedDU997hkdwcMRW9resH7WbBx9cYoF3yXNRP2PPvcYk2Z/9DuciIhHAFDkRDwMpR1KD/Vv8zY8Zgi+yWRz/x4q1XSfV6k+0XUEsDBBQAAAAIANqEk1o7Cv2WRQEAAPoDAAAUAAAAd29yZC93ZWJTZXR0aW5ncy54bWyd0k9vwiAUAPD7kn0Hwl2pTo1prF6WJTtv+wAI1BKB1/Bw1W8/2lrXxYvsBKR9v7x/m93ZGvKtPGpwBZ1NM0qUEyC1OxT06/NtsqYEA3eSG3CqoBeFdLd9fto0eaP2HyqE+CeSqDjMrShoFUKdM4aiUpbjFGrl4scSvOUhPv2BWe6Pp3oiwNY86L02OlzYPMtW9Mr4RxQoSy3UK4iTVS508cwrE0VwWOkaB615RGvAy9qDUIixHmt6z3LtbsxscQdZLTwglGEai7lm1FExfJZ1N2t+gWUaML8DVkKd04z11WAxcuxomeasbo6WI+d/yYwAeUoi5i9DHu3Rho8slEFWadwwI9bG8sArjtVfsTRp4mIk9gtmQBzHpkpr2vIGXmw7Qyvy94MDz/cmSnErSVws0sGkn2x7kH5ZyNAWMlRDuqZTtv0BUEsDBBQAAAAIANqEk1r7B+xB5AUAAI0aAAAVAAAAd29yZC90aGVtZS90aGVtZTEueG1s7VnLjts2FN0X6D8Q2jt6S/YgnsCW7aTNTBJkJmmzpCVaYoYSDZGeGSMI0C8oUCAtuinQXRfdBGi/KUWbfkQpyg/KpvJoHCBAawO2SJ57eXgveUhJN29d5wRcopJhWvQN+4ZlAFTENMFF2jcenU86XQMwDosEElqgvrFEzLh1/PlnN+ERz1COgLAv2BHsGxnn8yPTZLGohuwGnaNCtM1omUMuimVqJiW8En5zYjqWFZg5xIUBCpgLt/dnMxwjcF65NI7XzsdE/BScVRUxKc9i2aNqIbHJhV39sSWLSAkuIekbop+EXp2ja24AAhkXDX3Dkh/DPL5pbowIb7FV7Cbys7JbGSQXjrQr0+nG0PN8Lxhs/Du1/33cOBwH42DjTwJgHIuR2hqfoRN5K6wCqi81vkfhyLUbeMW/u4cf+NW3gXe3eG8PP5lE2xgqoPrS38P7w95w1PTvb/HBHj60BiMvbOAlKCO4uNhDW37gRuvRbiAzSu5o4T3fm4TOCr5Fmcrsqu0L3jbXcviUlhMBkMmFHBeAL+doBmOBiyDB0xKDE5xmYuLNYUGZqLYca2K54rf6evJKZhQeIahY11Ux26uq+AAWl3jO+8aXwquhQJ4swG3KMxyvet23uAOLVLV4/ct3f//0Dfjrt59fv/hej2cqfoSK9GsMizd1wFWDVz+8/OP3l69+/PbPX19o4IMSTlX4Oc4RA/fQFXhIczE4TQdoWr6fxXkGsWoxKFIGC1jZaNBjET8VfW8JCdTghqgZycelkAod8PbiaYPwWVYuONYA72Z5A3hKKRnSUjumu1VfahQWRarvvFyouIcQXur6jnbyPF7MxZzHOpdRhho0HxCRcpiiAnFQtdELhDRmTzBuxPUUxyVldMbBEwyGEGtDco6nXG90B+ciL0sdQZHvRmxOH4MhJTr3I3TZRIrVAYnOJSKNMN6GCw5zLWOYExV5AnmmI3m2LONGwBkXmU4RoWCcIMZ0NvfLZYPuXSEx+rSfkmXeRJYcX+iQJ5DSxgKnF1EG87mWMy4yFfsFuxBTFIIHlGtJ0OYKqcoiD0I82tL9GCP+fmv7kZAh/QSpWhalbkkg2lyPSzKDqFjtBA1Nz3HxVoHfkXb/40n7KS7ijH5EUT+8nA9KrF1PuyLehtuV7oiWCf70lXsEF8UDJBbL/8L9v3D/F4W7bT0fXq63Cm2qh3XpJm89uc8wIWd8SdAJk9rOxPCSiaiUBWm0uVGYZ+Jy1V0Dl5ZQXoOS8q8wz84yOBfd2LKHlK1cpwzMKRO7g9HqW+4ui/yUJnWtba/vTYUB5Nt6sbus68VexOvaINzehG3cy1LKVAK+dPruJJTOmiRcDYnQfTcStnUoFj0Ni679JhamkhWx/gCsHmv4Xs1IzDdIUFLlqbZfZ/fgmW4LZnPYjmZ4Pe9gmW6QUKZbk4QyDTOYoN3qA+e619On2tHSCLsfI9fmvjaQolkCV2LNub5wE8N535iJc6G4zOfCH6t0E5K06BsxXwX63yjLvGR8BFlWw2RTPf4cc1QCgnMx19U0kGLLzXZC69Ml17M+vciZu0lGsxmKeUvNtijaaifa1g8EVwW6EKTPsuQKTMmifAhFoPzQrgKYYMY30UxwqUzubRR35Gq1FBvPzLZLFJJ5Blc7iirmNVxeb+go45BMd0dl6kI4TSeH2HXfbrQjmi0bSNiqYh9vk1dYuXpWvlbrel3rzbvEh28ICrWunpqrp9a2dxzwQKB0F7TEzWnN5gfuBruz1lTOlbK093KCTp+KmT8Sx9UF4ay+/78W9wjR+rFyrQSydq0u1xwsStw3nln+wIscP+pYXX/c8VzP6nT9gdsZ+L5rj33bGg2d5yIoPMttv+57Iu5nyHL17kXW771/ydfH7BsxzU0qz8GmNJbvX2yn/f0LwCIyzwJn0nN7w6DTcweTjjcadju9KBh2RkEUjiajyO/2Js8NcCnB3sCNvGDc7QR2FHW8wKrod3ud0HOcgRcOumNv8HwVazHy9f86vJLX8T9QSwMEFAAAAAgA2oSTWp4WcAP9AwAALgwAABEAAAB3b3JkL3NldHRpbmdzLnhtbLVWTXPbNhC991dwdNGlskiKlGRO5IxlhbUzVtMpnekZJEERY3xwANCKkul/74IkRKbWZKS0PhHct/t2ATws8O79F0adFywVEXw19q7csYN5JnLCd6vx56d4shw7SiOeIyo4Xo0PWI3f3/zybh8prDV4KQcYuIpYthqVWlfRdKqyEjOkrkSFOYCFkAxp+JW7KUPyua4mmWAV0iQllOjD1Hfd+aijEatRLXnUUUwYyaRQotAmJBJFQTLcfWyEPCdvG7IRWc0w103GqcQUahBclaRSlo39LBuApSV5+dEkXhi1fnvPPWO6eyHzY8Q55ZmASooMKwUbxKgtkPA+cfCK6Jj7CnJ3U2yoINxzm9Gw8vAyAv8VwTzDXy7jWHYcU4gc8pD8Mp75kYfkA56fK2ZAkNcXUfgzW4f5mPABl8p1Xl5GZ/doamKRRiVS5feMBb2MMRgwtgKjInsecuLLFi08Eh5Yv4fqdVknVN1CjySVSB6GkmZZ9LDjQqKUQjkgbQfU6TTVOa08zMdpFefYtXXskjjNzo1uoKV9FYI5+6jCMoNzvRp5/nw0NQCcJlEkGmlgjFSFKTX9cZRRjKCAfbSTiEFrs5YmJscFqql+QmmiRQVOLwjmufDdFs5KJFGmsUwqlAHbneBaCmr9cvG70HfQJiWc4i6iaZr9KGkbMERwxGDm3zXVrcixqayW5PwtGtnsXjhM+e9EAu4LSXL8ZFY80QeKYyg+IV/xLc8/1koTYGxa63+o4EcFYG4yfwKNPB0qHGOka1imN0rW7ERMSbUlUgr5wHPQxpslI0WBJSQgoLUtyIdIsW/W+R6jHK7pN8pbK/wXOMMRnT2BLJ/XQmvB7g9VCWv9P+zkdChfeGzkyg7+FEJbV9f1Qy+Ou0Nn0HOQIFgE8fVJZDkLb0/HbMJ14J9Cbpdz112eQjZzP7z+0M2mmwOLzL3/h7QjcxAc1kbcIZZKgpyteRlMjUcqn9eEWzzF0N7wEEnq1IKTSQsohiiNYUss4Lb2nKhqg4tmTLdI7nrezkOetEJX+njkMl0Oy9+kqKsW3UtUtQK3Ll4QdJGE60fCrF3VaWKjODTkAVTz/NOLbNapX559pEEwTaN4RI3wGl/MJ5+TTphUJkZUeIuqqtVmuvNWI0p2pfaMnDT85fCAbH7Snd9hfoP5Ldb8oMzMDLy7QW/zrW3gN7O2WW8LrC3obaG1hb1tbm1zYyuhG0m4Gp7hmNihsReCUrHH+X2PvzLZSyMjsOPJgaX9XXDVYpQoOLcVXBtaSIv92mBeEOUiezAXXdDa/Tj0FrfruIXDIxy28Le1+2Hp+8FiMlu4/mQZBMHkenk3n3ib9WJzt4yXt/P1353W7Uv/5h9QSwMEFAAAAAgA2oSTWsGGlT04AgAAOwkAABIAAAB3b3JkL2ZvbnRUYWJsZS54bWzlld1u2yAUgO8n7R0Q942J7fw0qlO1XTNNmnYxdQ9AMI5RDVhA4ubtd4x/4iqKWk9ad7HkwvjA+eB8gHxz+yILdODGCq0SPJ0QjLhiOhVql+BfT5urJUbWUZXSQiue4CO3+Hb9+dNNtcq0chZBvrIryRKcO1eugsCynEtqJ7rkCjozbSR18Gp2gaTmeV9eMS1L6sRWFMIdg5CQOW4x5j0UnWWC8S+a7SVXzucHhhdA1MrmorQdrXoPrdImLY1m3FqoWRYNT1Khesw0PgNJwYy2OnMTKKZdkUdB+pT4lixOgNk4QHgGmDP+Mo6xbBkBZA45Ih3HmfcckQ44f7aYASDdj0KEUbeO+lGnD1g2dWk+DtftUVDnUkdzavPXxKwYR4wHxOaAFZo9D5l8nLRZDzzKeg8lW33bKW3otgASnEoEBwt5MGp2tn6g5rCgTgvqqkFeOl63NxdVK0UlgO6MoIUPl1Rpy6fQc6BQPEi6J3MSk7D/xzioB7KcGstdP5A04YxKURy7qK2EtU1HKRzLu/iBwoRQQtNlxQ469nZLEvxICAnvNhvcRKYJfoDIYhlHbSSs5/K/6zYS9RFSR5jn+Ndpw2Ge04+BOYOm/jMPT0Jyi37wCv3UkqoLRkIwEpEZWJlBOxplxHjuaCOP50Zm9x9h5IEWYmvEBRMbb8CfCvDwb85GGC8+0gT6Lna5u+gj+m98fOXw6RT0gonmbpzuSPRX74hfbLhcnEwMq3xlgrxpgly/ZaJt2PVvUEsDBBQAAAAIANqEk1r6vBoE3AEAAOUDAAAQAAAAZG9jUHJvcHMvYXBwLnhtbJ1TwW7bMAy9D9g/GLo3ctIsSAJFxZBi6GFbC8Rtz5pMJ8JkSZDYoNnXj7Ibz1l3mk+Pj/TTE0mJm9fWFkeIyXi3YdNJyQpw2tfG7TfssfpytWRFQuVqZb2DDTtBYjfy4wfxEH2AiAZSQRIubdgBMaw5T/oArUoTSjvKND62CimMe+6bxmi49fqlBYd8VpYLDq8Irob6KgyCrFdcH/F/RWuvs7/0VJ0C6UlRQRusQpDf8592UntsBR9YUXlUtjItyPmC+CESD2oPSS4F74F49rFO8tPsmsp6LLYHFZVG6qGcrcoF1Y4Y8TkEa7RC6q/8ZnT0yTdY3Hemi6wg+LhE0EV2oF+iwZMsBR+H4qtx5OF6uRK8h2Qvqn1U4ZDkapVNDqHYaWVhS12QjbIJBP9DiDtQecIPymSLR1wfQaOPRTK/aMYzVvxQCXLvNuyoolEOWV/WBx22IWGUlUFL2kPcwXHZGJu5nHYFBC4L+eCB8KW77oR039Dd8B9mp2OznQc2svfO2fmMv1S3vg3KUYv5gKjDP9NjqPxt3pC3Hl6So9E/GzzsgtJ5PvNZuRovwSgndsRCTVMdpjIQ4o7uEG0+gf51e6jPNe8Tea2e+lcrp4tJSV+3R2eOVmF4TvI3UEsBAhQDFAAAAAgA2oSTWkXLqqqRAQAAFwcAABMAAAAAAAAAAAAAAIABAAAAAFtDb250ZW50X1R5cGVzXS54bWxQSwECFAMUAAAACADahJNaGrT0DQ8BAADkAgAACwAAAAAAAAAAAAAAgAHCAQAAX3JlbHMvLnJlbHNQSwECFAMUAAAACADahJNa7S9s/D4BAABdAgAAEQAAAAAAAAAAAAAAgAH6AgAAZG9jUHJvcHMvY29yZS54bWxQSwECFAMUAAAACADahJNaK6wwbeYAAABwAQAAIAAAAAAAAAAAAAAAgAFnBAAAd29yZC93ZWJleHRlbnNpb25zL3Rhc2twYW5lcy54bWxQSwECFAMUAAAACADahJNaVqAz6LoAAAAbAQAAKwAAAAAAAAAAAAAAgAGLBQAAd29yZC93ZWJleHRlbnNpb25zL19yZWxzL3Rhc2twYW5lcy54bWwucmVsc1BLAQIUAxQAAAAIANqEk1qOjlIzJwEAACICAAAkAAAAAAAAAAAAAACAAY4GAAB3b3JkL3dlYmV4dGVuc2lvbnMvd2ViZXh0ZW5zaW9uMS54bWxQSwECFAMUAAAACADahJNa4da0L8k6AAAW7wEAEQAAAAAAAAAAAAAAgAH3BwAAd29yZC9kb2N1bWVudC54bWxQSwECFAMUAAAACADahJNa29MNEVQBAABpBgAAHAAAAAAAAAAAAAAAgAHvQgAAd29yZC9fcmVscy9kb2N1bWVudC54bWwucmVsc1BLAQIUAxQAAAAIANqEk1oJt/9qBxIAAJ25AAAPAAAAAAAAAAAAAACAAX1EAAB3b3JkL3N0eWxlcy54bWxQSwECFAMUAAAACADahJNaISRguDEFAACUJQAAEgAAAAAAAAAAAAAAgAGxVgAAd29yZC9udW1iZXJpbmcueG1sUEsBAhQDFAAAAAgA2oSTWjNeKpC5AQAAvAIAABMAAAAAAAAAAAAAAIABElwAAGN1c3RvbVhtbC9pdGVtMS54bWxQSwECFAMUAAAACADahJNaPsrl1b0AAAAnAQAAHgAAAAAAAAAAAAAAgAH8XQAAY3VzdG9tWG1sL19yZWxzL2l0ZW0xLnhtbC5yZWxzUEsBAhQDFAAAAAgA2oSTWoVrccrYAAAAlAEAABgAAAAAAAAAAAAAAIAB9V4AAGN1c3RvbVhtbC9pdGVtUHJvcHMxLnhtbFBLAQIUAxQAAAAIANqEk1o7Cv2WRQEAAPoDAAAUAAAAAAAAAAAAAACAAQNgAAB3b3JkL3dlYlNldHRpbmdzLnhtbFBLAQIUAxQAAAAIANqEk1r7B+xB5AUAAI0aAAAVAAAAAAAAAAAAAACAAXphAAB3b3JkL3RoZW1lL3RoZW1lMS54bWxQSwECFAMUAAAACADahJNanhZwA/0DAAAuDAAAEQAAAAAAAAAAAAAAgAGRZwAAd29yZC9zZXR0aW5ncy54bWxQSwECFAMUAAAACADahJNawYaVPTgCAAA7CQAAEgAAAAAAAAAAAAAAgAG9awAAd29yZC9mb250VGFibGUueG1sUEsBAhQDFAAAAAgA2oSTWvq8GgTcAQAA5QMAABAAAAAAAAAAAAAAAIABJW4AAGRvY1Byb3BzL2FwcC54bWxQSwUGAAAAABIAEgDNBAAAL3AAAAAA",
    "changes": [
      {
        "type": "replace",
        "text": "XYZTech",
        "oldText": "ABCCorp"
      }
    ]
  }
}
Contract 2 result: {
  "id": "Contract 2.docx-1745095132264",
  "status": "completed",
  "result": {
    "document": "UEsDBBQAAAAIAOiEk1r8M6U6sAEAALAKAAATAAAAW0NvbnRlbnRfVHlwZXNdLnhtbMWWTUvDQBCG7/6KkEsO0mz9QESaevDjqIIVvG53J+3ifrE7VfvvnaQ2iFSTWkMvhXZn3ufJdBYyunw3OnmFEJWzRXaUD7MErHBS2VmRPU1uB+dZEpFbybWzUGRLiNnl+GA0WXqICTXbWKRzRH/BWBRzMDzmzoOlk9IFw5G+hhnzXLzwGbDj4fCMCWcRLA6wykjHo2so+UJjcvNOP9ciaQAd0+RqVVixipR7r5XgSOfs1cpvlMEnIafOuibOlY+HVJCyjYTq5GfAZ989TSYoCckDD3jHDVUxsYjozLPRTCGYh+B8PMp/T9ug68pSCZBOLAy15E1olQcBFTTumxyorwYzouzMhmooEuTAb8cWLsD28PX/VHV3JL65IFmju+vjVmnEFRAjLbnReXNiuLKtHjQq6xDi/3usk1sVSoJO+FT/YfptDk10BwlyDbtv/gaFKrgj/3jP/JM980/3yu/pIjTRrRJz4LKXJVwFd+T3sIRb8XtYwo58uzBTCNTy/wZNdKtEBESq62ER18ntCrjUfdyEVW4rHum9C1afu9+FOqYV+QbTx97m/iV8LcLqF87xB1BLAwQUAAAACADohJNaOdh8XukAAABNAgAACwAAAF9yZWxzLy5yZWxzrZLNSgMxEIDvPkXIJafubCuISLO9SKE3kfoAQzK7G9z8kEy1fXsjKLpQSw8eM5n55pth1pujn8Qb5eJi0GrZtEpQMNG6MGj1st8u7pUojMHiFANpdaKiNt3N+pkm5FpTRpeKqJBQtByZ0wNAMSN5LE1MFOpPH7NHrs88QELzigPBqm3vIP9myG7GFDurZd7ZWyn2p0TXsGPfO0OP0Rw8BT7TAujIFCzZRcq1PrOjUvGYB2ItbTRPNVwAU2oqWsJ5o9X1Rn9PC54YLTKCiZku+3xmXBJa/ueK5hk/Nu8xW7Bf4W8bmF1B9wFQSwMEFAAAAAgA6ISTWncnhR/bAQAA5AMAABAAAABkb2NQcm9wcy9hcHAueG1snVPBbtswDL0P2D8Yujey0ybIAlnFkGLoYVsDxG3PmkwnwmRJkNig2dePthvPWXeaT4+P9NMTSYnb19ZmR4jJeFeyYpazDJz2tXH7kj1WX65WLEuoXK2sd1CyEyR2Kz9+ENvoA0Q0kDKScKlkB8Sw5jzpA7QqzSjtKNP42CqkMO65bxqj4c7rlxYc8nmeLzm8Irga6qswCrJBcX3E/xWtve78pafqFEhPigraYBWC/N79aWe1x1bwkRWVR2Ur04JcEj0GYqv2kORC8AGIZx/rJOf5aiX4gMXmoKLSSC2URbH4lAs+YcTnEKzRCqm98pvR0SffYPbQe846BcGnJYLusQP9Eg2eJElNQ/HVOPJQLMjiAMleVPuowiHJm2VncgzFTisLG2qCbJRNIPgfQtyD6ga8VaazeMT1ETT6mCXzi0Y8Z9kPlaBrXcmOKhrlkA1lQ9BjGxJGWRm0pD3GPZyWTbG5kUVfQOCykI8eCF+6609IDw3dDf9htpia7T2wib13zs5n/KW68W1QjlrMR0Qd/pkeQ+XvugV56+ElORn9s8HDLijdzed6eT2fLsEkJ3bEQk1THacyEuKe7hBtdwL96/ZQn2veJ7q1ehoerSyWs5y+fo/OHK3C+Jrkb1BLAwQUAAAACADohJNaV4+M1D8BAABdAgAAEQAAAGRvY1Byb3BzL2NvcmUueG1sfZLNbsIwEITvfYool5wS2wEqsJKg/ohTkSqRqlVvlrOA1dixbJfA29dJIZQWVdrLamY/za6dzfeyDnZgrGhUHpEERwEo3lRCbfLopVzE0yiwjqmK1Y2CPDqAjebFTcY15Y2BZ9NoME6ADTxIWcp1Hm6d0xQhy7cgmU28Q3lx3RjJnG/NBmnGP9gGUIrxLZLgWMUcQx0w1gMxPCIrPiD1p6l7QMUR1CBBOYtIQtDZ68BIe3WgV344pXAHDVetJ3Fw760YjG3bJu2ot/r8BL0tn1b9qrFQ3ak4hEV3n5pZt/SXXAuo7g/FnequGKxAZeiv2g0Y2InuHYq0dwxtdtyKcgPMQRX4NPQ7+0l5HT08louwIDOMY0x8lXhKMfb1nqFf82egPAb4h5jidBLjcUwmJZnRdHxJPAGKPvHljyi+AFBLAwQUAAAACADohJNaBOq7iZEjAADFoAEAEQAAAHdvcmQvZG9jdW1lbnQueG1s7V3rjtvIcv6fpyD8Z72A1sO7KG/WCUVRGwO7XsPjzcFBkB8U2ZK4pkgdXmas/XVeI0AC5FnyKOdJUlXdpKgLx5qRZiyN2zhnR7z1tS5fV1dV//O/fF4kyg3LizhLf/pOe6V+p7A0zKI4nf303e8fxz843ylFGaRRkGQp++m7FSu++5c3//TPt6+jLKwWLC0VKCEtXt8uw59ezMty+frqqgjnbBEUrxZxmGdFNi1fhdniKptO45Bd3WZ5dKWrmkq/lnkWsqKA6rwgvQmKF6K48PNhpUV5cAsfY4HmVTgP8pJ9Xpeh3bsQ62pw5ewWpD+gIOihru0WZdy7KPsKW7VTkPmggqBVOyVZDytpT+fsh5Wk75bUf1hJxm5JzsNK2iGnxS6BZ0uWwsNpli+CEi7z2dUiyD9Vyx+g4GVQxpM4icsVlKnadTFBnH56QIvgq6aEhRHdu4T+1SKLWGJEdSnZTy+qPH0tvv+h+R6b/pp/L/40X7DksGqhusEV+1wmRVl/mx8ydvzzkRAsNGpXOUtgHLO0mMfLRjosHloaPJzXhdzcNQA3i+RFI9m0A1mtS7SN+DSsCzyk+WLuFglv+d0lauoBs4lFNF8c0oTNOuuWLICC1xU/aGhag6sdKHzqAvSdAuyQHags6jIcUcZVuOZuLCc+kK3qcuymnDhqlfOwxrQKiKp7FaEbdTvwD37eKquIymh+v+LqObrCb4MymAfFfLPE6YGCoC7RbJXICSzJwk/tMtn9Bs1qClwtWnO4nB3HqD/nWbVclxYfV9rbtci+Te/XQdXepoplcVxjrufBEiT5Inz9dpZmeTBJoEXAvgpwoEIzoHAWwD8K5yqlph+lnnaFqFNBkfjiDYDASRat8O8SHpivl0EevAUeMm3P7g9H2gu6Cyq0xLt98Q/uvga8GX346YWqqrplDL3m1ohNgyopW0+o9Pc5/rmNo+zWy9Iyz6Ahr28CoEL1xRW9MYzolTJb1k/SOOHPEjYtd25OsrLMFju383g23/MyK28ZS7fuX62rLZZBCGMMLwTTkuWiWVei5fh3zyD1Hce3TDlIdw2SPfDGI9Uzjxsk+tcepHMbCc1WseFJjGJCN5uLDxVyaVCVGS/5j7AuNARIw3LRCt6pfAyzXmChRRiD6PoYL1ihvGO3yodsEaRYJguK0i3iYO/DuZsW+z8Li93bvKf03zBLsryhNT7YvMN5PbOihRfQWiCKN3/1f/nlt7+8d0eK+1Z5+857hU9L/k4npZrAzqO+dWJK3SEVpI4H0sKeMd0eyY3xW4/aA6by+MpwyH/9/ePv7i/Ku9/e/TB6e+398tv17x98xf35g+//6r/7eMC89E3V7Y9G6lPMyyEsHKegYV9P47wof6F3+/rOhIK0mX9d1u6Y8PKNGy6Y4mX58oChtzRn4HjW+MRDn1YL/iNObrZVHDx7G9X3NNGT5oNzE/uH0sw5UcbliPsDBL1bKFXBImXOchanPaWcM+Uff//vDdr+6v3gais+tE+A/aZxBCohDhLlbcqXW3GWnlenDujIP/7+P0o2VQLlfZCXK+U2ThJlwYJUCdIV/D9SArhRsnCexiF0Fe+kWfrD+k687rwSxUWYZDjXk5VSVOFclPryOUz5iHcOZQv16rw6c9hUf6/ASzE0LWfLnBVAvzBxN1BamRFbguBj+XOatA8sZPHNZc9ZT7mdM5qYCQNeYziHpNtoyvzplIU4icooKFmPOPR2HgPvLYIVcGeYVBEDvi7nWVUqSbyIS2LW18rL4Pv/+98lfJSW9FX9c7lMgLPJHPyj8nICL5V5AGUULMxZifdC/DDPlnnMyiDnciJsS8SWUOgpcDcoekKI/K1i8Lv4xMpwjr+EARZ+3Wb5p4JkUQVtzdEU3VPInA4P4/QGi4Ym9ZRPaXb7wzy77SnC8ILlQKsBEJUVXbC/VfES7dFwP5llOXR+gbVm0/I2gAGE72Z5sHGryKo8ZEq931bwgcReVEnAFDKQg1wTfBJWeU7FT6uyysWo44iQ8IMfURUCMeHdguU3MbQSe4afbouRHheUQbEhSWE0Q5an+BbyaZCHc+jW5yXLY2weDDEOFwwfu2FJJvoK9ZZZuVrSuLIinoFEhgmKE9GSJQvjaT21UFw6AxgEJaYz6EicBmm4M3c4wtBB2oLMcVj5b/h6CeM1Dwr6GCi6mgYhDAVdhlUBgA7oM4kLfHVSwWswTzWdADnBu1DVxrZD6z2k8jCgb4sgYfxDKBAqTEHHUCV0K8iBkHCQlklA1BoBZaLmQotqe9LqJglSggv8yRbLJFsxHC/gKRJ+UAiW/JJhQaD6uERsT005D0qayS3ZAnTJbqmgHOg9S4NJAkoQuC4B6BMAfyLdwpDewlTj510QootQXikf7/qqmGNza37H30RXO6p7v+bOpqLl9Yj1OogVBxcaiDokmE7jJIb3+fyIJ/BZjAUhtZFYqicc5EtexsT9ZRZ+mmdJBMONtQJVw3ilLDnEBKCbo6Fq9E+91JTrnbPWhZe03rmuJn8A7aPYuUYeyNL/+1+jt1dkBLOcIfpCkYL/Q6xNtXJmLVFtk2MIfoIMBjO8AEnNeTZHjRDnLakRF4qLRZK8jksO55HTgNmB7fIYmlUratB2opYGt2OTqZZ5nEfEryu6vq+oQlUVsmWJWg0Uc57dMGrBLWhifGmy6pQuEW9zhY15gJBE1QFdQu2EuliIbxjflF5/j8NXooT7vWBcoG5PCVUfJEVG6hTnkeRoZ0NwinDuEqQ0qqQIFgAkGM4DNjNEeNGpNBCw4LDXlaFgBTXRWR9qyRLHEjoJKhKgR4Iak3rY6B1Gld7RP4KBShCG9G32sKGG77I0wamkkZ7u698//v5fxVrNEnIldBf/CXOwvQgBLUl0rgAqIa2NGlMA2ozrUAQ1bBNsxjUfETAhdRPEKWEErC4XRHAbQyMnWZXi4rS3U0I2SeIZByPr2QxwocTZBjUZKW7sq6ijsWkcordUTRsPXN+QekvqrfNrJ5Jvp7RAFUHcRxCvxSjATCRdN9QOCUSB/0ihNAsPZZnlbYlyb4kTT7kw3m5lGOBKZwFNAqRZ8tWugs5hjFa07EboO5LCVEKrJV2teH0AUxumYw3sgfcUTK1Jpj4TZrkgpkbHFpoVGG1StvkNe/HmlqwNxGPLCvg5VKIMHc4UAVIQgxJ8hPfWNl2BE9bMt2VNAwiTTf0cG4RGiJ9eoI3lugQOFfN57oP1hqTJj4d0y0+jmvT3qHrDHw+tgSOlgpQK59fOTqlADg7I5zti4dkxelFNCva3CsFBmd2D3y+gb/vn9j5iXazFy3meVbM5LjRJKO2u8J4dWZxI/mu+ZoNUfxKXDCn/z4WALkf+J1DhB4ZrNxa9D2ZsmLPg09VheHGffWeZ4R4cBrcpU2H02lwpkhmsZXaUKPMEUsayVc0Y6af22pVS5qwJ6HKkzB2yhGZ4WiXJCq00iwr3I8tOKHKYUHl2YkJi1C9h1B+VLD/E8u4MjL7ZH0hBKQXl+bUTyZeInXvycN/JzR2zGW1s7d9gE1tjuI/b2s+7a9O2p1BtjbWcKsQdLag0y4OUZVVBO7UlEFFtOj9kh0sb+n3ft5/EGC53uM6Ffi+Iz/arnXdbbhbIZMEku2H7XTbQq7LxlwhZjhvBD3CQqB0yb+IMfeBEve3NtR2Hjl6tBoGzEBXQRpZoSpWD1ixqFz1i6UCBkYgjkCC4SUc+3mFW5WXj6qbMoJN5KvwJMci03oH/o8rjIopDLi7Oy2n2UNff/ZONvigwURHfCjyvnh2gKPYRpOhSsX/LVOzGNo4hyzzGSoR4T7MyDglbbxMTd6/8hK5I7c/ZFGibtnWzCVI++VigwoHlv3B/2d21TcXL3G+zdnVBjwpOmzA95N0LX2Q5902pGWKzRVfkoogkzp8LQ0K3T2TWDklgPAyFfFbQTYjbuclPiFxOhds03k6CW+4OOau4h2rDWdThzZd5J8hGUhQVi36svYE5pU2B54QTUnm3N9VGc3P03AUxEHOflg1nlXoEUUxgW9aOqnV/DvKkHA51y1N1qa+lvj6/dt7pkRIvFixC12NgZZRh0/0OhUq1FFFJqOlWtQ0BXiFgXaUtZ7SWpHmge8ohPNc3HdVxtSdZi0qeOxdaviSe+x1Z5h5uxqQQic9qUIGqkhW0X8jidUBZT2FBExFIXAxqbLEsgYVB11V5WsPbHS6GCiJ0w8xWykvCM3VNCL+biBasj16rBG6lRonGfE86sonuIQ0tfIODdBYjtAHmZjmweis4rkYh2y2iXY9O8VBHTYbZMhau3EW1WAR5zEFazkgOkes1K9YxF/gEAy82MWrXGoTjAwUjNfNwHsOMYoWrLuF0d5NrOFRkCVv7Tk/Jhy5ZEYOSmzMPDcPRStgMylhjpCxfbQQIvVLcdFUPAQAb3lzoFI9Tgbew9cXaVZ6PWLdT7j08bXXD98xxX8pYKWPPr52dS9NO5oyLdVyE4Js1r+bZkpGMvCtobFt+5CzMZinAHhG51YpCAZk0xxfXLu5U3ZaHL7RkQm7wKG7hHVj7zPKAC0xEWE2ziGQxtA9QF6w004I15gd0yO99yVjZbUAR6850tY4NJWMp1k6BrD2Sh9QAqAYjWDFccB3pB98BfkwYD0XcbDEfi3mzpKPa8BbF1OIt6FLAV5N3x4e0Q2FAjcJsFxgWyEqUuSBShVgDIorFKnFjqFMhmDfR6Z0j1uGUTcRToB9PnO7spAlf0CDf0do4yOQYhsPFx7te0AabLt9N/HivmWpBCjwYFnrSxMK2w83rqRTaY6f2xtiGpT27XT4KigxBg+YbM/pN7Pe1qBYYQAieXXET5oyCTLESIXkifMQDe+kh0QbfNOGY9I8MyFVBuUDh2WIXJVwptbakaDAekHoIpjBGmj1WdYkpJKY4w3Z2stidIT24zEHZ/MBIS6FG8MWWjmt2IEraj8T1Q1xw5YD6Ni13V5B8qVC3huqk7Yvthn9J8XU1dBs4fQkzrdGWAEHPT+u0kvt8E5pmIzkJZhxoJS/heyCkXmBRy9KojsdeLhloZYGNMhCUcRokPcBXFHG7DiptGRG/HON8kLIx1f5oYJ86y6FUNmdNvRekbN6gwBZpfYpqNmOFSCkzq+IoQG+81iKrIz3YPrvWVpadB5jdaDnYuawTxjYy6/EqMNPMLMMb3C5Fq1r6Or7BzQUBNC89DdaYsWgShJ/OqxMPFeevMGndPmhTGzIybo0gksAFNpAb3WgWnhc2Dnc47O+kpcP0CVkKgCypihidWID+lwyZoafEec5uMjLg9pQ8WwWJ8K6l7FtJdAuM1SzeXzaremESaY9qo/PQhCu+KL7Hd9BpoMfDxRdBBD8rNPPE6FuGewXTKeP755jYCaQHsGpvjUR7KCPKPJ5UmMpskUXxFLOCRMGS0luxJaZzgGGIbyhlRJMzjL5bJsGKukuQtLHwk45mn2FtGAufmZobGiecJslDdpCBWff04dA3H7AYfI8JuVXT0GzblkpbKu2vL0s/7rET1rt/oB6RyVYAg4u9GQef3bqIp1Dc8ip/rositGUD3mlmm3set62vwmGJfPJpN9VQlShYFQDEtl3IdhOIvlL8Zr+XkNsBmUMoa11+g7S1sQW9k9uqWaJDByYxd9ykFq6zzlKdmIyOQCq5RlPSP1JfBSYSKu5s4k4eE6jtS7aHdv7UmpW2scZeXXDuJPRGCARynltWeVEFaTvDmWIcpDgtfWxr1vZpHNbQsAaGe4zi3HzyHm/pA9V37Y0DKa7LVcLqfn4MJhMW/aJtaJjiz/qxrvMHxZ9esXlvj+w/eE7XM+eir4GoYgG05QXL4q7JuF/b7rQI7pryCuF0gLe6aZy8DWApRNtiiMEnQRFzD0TM19axqAvWSc3yuPjEdyR3mkBrwyBeFMRnt0FO24mYLbJOfit2zwhLJjHfkyvKoKzQ96AnMl/WrgqbuW75ulB8ti6buDYuEYdiTmtYqqJfKRcw8Oi+2u0cieBNK5Xf/ZTaOfamQ5HVm8wiQ2wZ8AMBuatuXNYpZdH1eL3bJrxcDhNbQ0t3Peko+61C+8tU2R93IRPZ/UPh0L7hdtagKR4Ugo7uIT/fKsHfaFTLgeVKvMCSIjYl75AJbSTcjXFamvicB6xDutRQlaICmjA8EPwluzAzUlcPoUsjoAbMg74OTJpxHc5osVe72uA+ShKHPBqRhmMJKjOMl0ntP1R7cVAU1TqTfD1sFFiBoUhRjJYgCmPCkeR7gGjEqXCrf+/yQKxXJpSWpqwTUtDnPLKJezPhzTGD78kjkm7X7o1wmfKdSx694eH5salIYsE7gjbjJOAxMU0+cmhGklGIeq+pQmSzru2L6AvFQ7X5U0ppDYW1Q6no28Yyh94JVe1sXtRdOGh/SDdsdazbUh99o/rorNuJ5LteVoO6wSy+oERmtYjA1cAkJ2fw3YU9MnkY4HICjdVI8ehtHAWLYLbPyNA28bfdGPcuxkF44LIGAD9tMRWMfQJZ8EeVcmsWaMSYTffKnrVY3Mw/AQiSb/ZmaST2lUlq8vYWFGp9yzChdMEtE7XvnKgLbgupRqb1OnBTxGlOWzlM23LkEBlh+f7YV325hyxlxBm2sxOLvJ3WTqM3cdGR1h71OU/jzYNJl6zJKs49RjHSM2VouQgZiQ889CilaGhx2krrccwjDZo34k0XqX1ApKtwSnePCRkSilbtUdJ9rI7CW0XV6641btSwZp2hE3UatXH287OuFxmlUP82ktlMMARqywMuo2gXynVfh1x30lKbTtAzlsNnNGnxQ5JaoTg8WLl1h+uPiIVUgIjFuQ2g4pxsIkGcoCc5uXZT5V9kOjL/QfvCMFjTLnLI2hk3aGoQmZp4QPK60LzpdOtm2nq3Lv0gDGwMDNccS/0m9dsZthPJ993GVprwJ22SnQlXpdaxUrvYFphepAdZL6DbnovCp0nwW8vSewgDmbruafZIMpBkoDNsZwcD8X1bChiC9VKBvkRI+jUj5IedToHrOM5L7VwotQVnz1ZuYzotMUlWyeoN5IWAdZP6jDM8dw8jY3nkV7uZ+3h57XxYQ8G0SvhBbTcZYlXhVs/dkVuxv2IYOrpGKrZlj0LE0GyAY0MIZCI8mSAqID/4BctnGIoVhH+rQDPX0XTopEXyJSG3aUxJWAa0M5is+E1xFFxRMIz5xa093Ljfk71o/3Y97wk7MAhH7ZtDz5JH6EiRdYbt/OIROuwz94GM4hxWAYlYdNZX/GjF319dv2qd2UjHWBJPYkhN2+9iTxKGjWjLqoSF7Z/k2EyZnaCg3l4h9Hsao0Cj/YxCtFHsdLQTIB3EoOrAHgwcfygZVDLo+bXzbj9ql3NpHQqUM2SEVjxbRueUitMDydVlr3ZrRQC1fdQAFuDamIfKT7MkyW6Fh5nwnxOL6Bm8lfLDgCOeFPm18vJL9pJiyZLkoixB8UFduhwb0JvvkSSaTT8x25iclaWtua9fSFY/Ki/jmD6i7XYSL2i1idlWMh14upHhJkftsizpe14ABjYmO0TylYfs4MiUOtlNT5lnt+xm113y7Ke+h8fS0U40NxbTDKGJD1PzgETH9X1IgHnGUsYz7lLOsnpW16fS8anETIJ0KmtNN/UR4c3qg78nJEcTuAR6pPHM5i4adZB8c4DfBNUVyZjvMXk2ENEN0ZBIpMTFHCj9uOBHAWE9vTo9kyC9OqUStotItYNEKaQfG1jLwPb+eBBFOZ3c3kqFMWEgFfkyA7cGeY4J/h5lz2ivBnEVxI8VXLVE7mGGQ83TRr6M5H9eGGXyvJDK5hb61sZ2kU1LdNZBtI97JQXGW+UR99/B3KAZKlF0ew8W6JnT25fujO9FFPvMHXXYO7SuEvsJLZfgeCvmku1vaH36NMqeOpAL87zmGI0FbYBFf47mEtwgidEFV2Ty4A3hgV3TPFvQ0iaKCzQxLCYJN5yedAS2Uh19ORXCpmPB/e1JB+3fO0NjPFBdKaaelZh6RgLq4862PNk0eZIE2vZkJdtyeVunjBJcIVLw7ATbkJgTyQEXCHxy7mknMicWFUJpFjHu8kfWSx45wHkQowkqOpGq2JfxZ6c6QhyiHsQtXGK1MA2aV6Dd0YLtM7+s3YsaACayRGwtB8Xx5SJSoklxxZ0AoA/RQVaWoW2NtKc5z0SKhnNhuQsWDcLFjX1mYVUKNXubIU8tslx45bIcdy4LkSQWOI576G4l/ArSViKWCahdsQchkrFnMx4qVCfvKcq4rChqjTV+u4AIcKmEiQt58iGvVX3d1PWS/SYOlGkQFvGCQArD1BB5lsahwpfd67CjZTStrbCtt5DjA0xCtp1LlWyvaO2dCl9l//rtz+8UNyTZqMOo9tA2S7Hs/rq8j7ihxF34C/5ynWlj0yPk+/UD2oNaxPyAvgWMUBY1O1qtsaf0802/dzOtrReQUZXwPTHyVKEsGY11K6VE+8IdCmV/IxHrRPX3SVFvebrmmf1Tn3F3+QIrpJyMX1tkTe5j6ymADt7ne6YMH85ZAFzwgVFMANoMhB0QPedeKPnrGKY9fxs5vN6utyM+6a0PBvyDaZaVBxSvqXe/vlu+pt3dommcFxvv63fXsPO+wd9fzq4xVO4WtK8uCGQOvy3HVOsXfg3IfJot4X5fd4gTkD7h0uRfcCpeXyOpr694F+BadeiaNxF4sE9xtbOqpMumvnfV4iO0GR4VaHpuzj4DQkAqFB5xfV18QH7X72ecJDgtnJFSuxcll2/+4wOlkxMH6yzRN51nt4u5eVchKTJJgvTTfx4g5jS77zquc2SA4Zqbno2YuyBctn9m+7auWqZ26tBRObPnhbj3tG67TRstaQudg0KlW8InmFxd0vbIx3asHELIZhlAa+h3WfrDaJ3cuhWu2pgm1/lmMD3LQbBRM23DMnwpTy+X6+qZLSeJ+CMoapJspPEIBEKC+3/hCGmg9tGrtcZsn4Pmhbe4I4+v/KBpHa/8EqzQnLvGY59ZtH6YZZ/aLSeYhIjtQ3aLyEgRLgbNFT30sqRapK3nGzfS7N+GsFBqrv69vuJj0u73z3kc4c8Z/IUyeFdM1bZ4AzduN8Bw866z711D57evNmop92H1TeXmGq5v6F0uxFRIyP8r+hD+pdXo7fG/Wr+4ZfAa9S17aB15sOi5sTMI8kL8rV/CWrHtsD4GIWb2xWKh642BbTr1wInCdmTEYRLiQqTB1Zqg9pKVpWrqHrZGYr9eBs1cGHdSm+25pu1opz7GVlLbZeujr461DtrhRmjk/fbre/fdX1/vAUqCgfBPfpiM1wb+2HTtrgXMyWS8qeqO7w+PdMuQMr6b62ICP8LmozocvWDoKZRV37kMVnxCZdAfWa7raEem2pBkeQKyvEit8VCxa/newLfVrlCX00FrT7VM03MkfUto/fjS1NR0z9af23beOVHbeQnJBxg413D73MMcHma9ffNXhsEfy2A7Z955h0A8rLMdqTHct8rbNNxnyL2/ojT1se14fhdAO52i1J3BGCqTilIqysdXlKpmD2xYEEtq+zYU5SOvJmzH9d2B+/hCsu842mhwZE4RSbbPXkg65q6M7KaqoW8442NVr1w1PDNh+NUx8QFgf7i6wwrfLXS1/iEQoiaPcJjlEcuLI4gZD2JIGNZZ/An10w8O26kh1NN2H/dT/dVGYzr52TDGztCnLkotIfn5WHBjeI49MvuPbyodu2ND9+QOlQQ3JwQ35tgYAr45MmWOpKrnLAwfGSjcX/kfS0EHAgVTG4+G2kPO2ZS88a3wxn1MxUPb9LRhV9zsyYACVKGpg4H0GZBA4YRAQbf1gT0eyg0IKQwfQGnOfeSXP1S9oSV36SWlXZq97V2wYA+xuFEExC6QvjjTWn/ct3TVPHXWIMm6knWPaGebQ900SKNAuWbpSdw/LNsaDtROj7KTYfq+YTuebUn0JTH9CTG9Zjljvd+XVCXF9SNjen3su751bHiNBAbPjNIuAdN/xMQxTwDqH8UM/qTo39b6Q9sxn1myEcnkl83kbV72/N9OA/uHw6E2fAJTvuZprm6MJECTsP+Ee/5ef+D2+88s3dc5UdVFyunT7/l3mzN0bTAYHZtCWFLgc6bA+6hjbTxWvc4EPSdTx4apG33VlGQr1fEp1bE/6Fvj/qlPwpVUddnC8BJsIz4mIX/iEIPjDBwHmjJ01bDGQ+dIHyrJk5InH8uUEdBG5r+u6nD+V0HczYf3wVLewBg73qOHM5iq46r2QDqeSyz1FAHtru4ZuiVduaU8P0nMl9M3xqbfZZc93YLTGA5NQ6bHkkLyC0JS6+v79hrvZ5UzdN3Uho4MdJdC8oxA70ELUZef0/st+97qvqlr9ujIvULJvZfBvZfIpOFVpnxYH+7tzvCcjessqeg0ud4Jk7I544Hr+F1ry5PBMwtw4Hhkye15Cc+eAJ7phjr2Rp7MW/JNCPgTU+A354xoqJal2uMj7YsSDl0Gt1wiHOrrqqKZ5Vy5LnPGypMgH0MbW4bmPbpjou6NdPinSV0kkc/jIx/N7Juq70vr/TchyyXyOQ75mIbt2WOzawdXIp9vk1suARJdB2Ee4PGrWU/xXGVgOZp5Elyk6sbIdIdda+fT4SLbMYbuULrWS1z0FBYhe+Cro2NN/pLanpmkPwIXdUNwx7GHqoTgktS+6ECDf/ih2Vs+WKbdVzXrmZ3OIE9FFz82T0U3BdusT0XXVHkqurb/tjHoP+gAdN3V1XF3gtqTodq+77qeOpDHAUlU+yVf3T2BT/cODu27nuUOZeyFhBpnZb+YHGrF+O3jv/kflOu3P79zP/724UQHoeu2O9BACD+2rDe9kTkeD+XOztc/cfrsWfIJlYKu27o6sqUn/Ncny4vUHg82HJv6eOC5XYvW04ld1bVMQ5epBSTEPp003dgvfKLIaW2s+lZfk+j9CdB7yFL47kLI+yvj9zZAd5MJy0vlehGX85OAc9uzbM0adW37nUxLGNpgoA2dI49GkFpCaoluLXGEL8zVVlHFPGpEVcKCvPURjbiCttgkWY9/J+FbA0+zh35XhiepVaRWOc923opTQZRsqvxWzlmuXMezNCizfKW8fA9MUTDlfR6n5fcnUUSa4Xq23pna8XSKaDRQNceSOwJSEZ1SEZ1QYXiq4bq2dMSSCuM0hiAT4x2GaldyhJNJVqtvDvqO+sy8JM6JcC+LRM/dEHRKoW04jm/oqjTyS6F9GqFte87AtTrdsU8Hh42R6xrGkctTSbhSaF+YXca2htAlX+YulhL78uwy3BJT5ew0phfd8C2nMz3HyXRNv+/aA0+TDjpS15yn6cUcDX1dd2SeGqkTToTiB56tWvajp/Pqe6OxY43k7qqUrN+c6UW3NV/1dLmhI4X2iRwn+2PVGZtdMPVkQtv2PNcbyByMUmh/Y6YXwx0MRwPblaYXKbEvzvRCh2orL+OpEiyXSRwGk4SdxgNGHdrjkel2scXJ9I6hD03LceUqV+qdJwh/ModDxxuOJLXJmNhTgPO+ZY5de/T4CdI9wzcG6pHBIJJsn72Q1PaR1Un9AV3Nd8bqkbY9iZafmQC9BKz84ENWKa3MLlNdhD3S1mzNsQYy4EPy6xnxa5stgwLDB/91htz5KswWJ1m9mroPmtB49Cwf6tDTdEOT6wkJzL4yMFOHtuv1fblEkIL+/tR5CMI5S+O95jqG01fl6dffNtVDWTDSSXu0+YHupzT22P3R0Pb1Lih9MkxhWAMHPpCSXGKKr4wpdNPo+/3OU5Dk4vHbkK5ntnh89IOML9jco449YzQcy6PHJceeEce2GVPTDVO5rtKClcowuYlOYu6xXFdX7U5X+ZNBM9vR/L5+bFI2Cc0kNDtW0PcNdegOBnLhKwX92Zl7zhce6VrfdozBkTF/Eh49M645I3j0S1YobjpjCSv40X2qatsnwUi6bXnWoDMy5WQYSTN91XBkbk2Jkb46RnJ8c2Q5Eq1LaS8x0uFcM/LVvqbKjH/fNtccvaWGf/YdX2iMR7Z2orQGXGGwsHy/D/7gw2mWwcx8YFOWszRka4bmZb1Q8tcxVJ+/jTRx1N5ydv2nUFC6mMQ5/LYcU61f+DXA6oCSEe3wV4gs15eceNfX4jgQcTVnQYTk0tf5OXrUxuZyVpWCmER176rFR2g0ioQyyLGcZuaKtZzAr/nU8AGhn5MsWtGPKAsrPBD6zf8DUEsDBBQAAAAIAOiEk1qLTkV3bAEAANIIAAAcAAAAd29yZC9fcmVscy9kb2N1bWVudC54bWwucmVsc7WWT2+CQBDF7/0UhAunsqDW2kb00jTx2tqk1xWGPym7S3bHtn77brUKWjLxsBznEeb9eDO7Yb78FrX3CdpUSiZBHEaBBzJVWSWLJHhbP9/OAs8glxmvlYQk2IEJloub+QvUHO07pqwa49km0iR+idg8MmbSEgQ3oWpA2ie50oKjLXXBGp5+8ALYKIqmTHd7+Iuznt4qS3y9yma+t941cE1vledVCk8q3QqQ2GPBSuAZaNuR6wLQ9tzXcWgb+azfPx67BMiVwi7AoR5TAE79De5qMK3/oabs713ag8yk/eAOwFEhRzAafgfIETj1l1uxAW2PV4twksgUpi4p0L4LLcG+PIj0aXDJkG4NKvFu3U4cYdiqrEIQJI3TRH6P4sVyniQyEqeZ9F8QIwrgzqX/F2xeAdHuYieHjkgm4ZQkVxLXfFNDN4w/iaSIhp8HuZUTpxf2v2GYKybxMPyFSa5k7DSD/hlMjgDs7Fdk8QNQSwMEFAAAAAgA6ISTWruVSxDeAgAA6QsAABAAAAB3b3JkL2hlYWRlcjEueG1spZbNcpswEIDvfQrGF58SAbaJzcTJTJK2k1snbR9AFsIw0d9Iwk7evitAmIQ0gwkHyyy73672R3B9+8JZcKDalFJs59FlOA+oIDIrxX47//vnx8V6HhiLRYaZFHQ7f6Vmfnvz7fqYFpkOwFiY9KjIdlZYq1KEDCkox+aSl0RLI3N7SSRHMs9LQtFR6gzFYRTW/5SWhBoDnu6xOGAza3HkZRwt0/gIxg64RKTA2tKXEyM6G7JCG7QeguIJINhhHA1Ri7NRCXJRDUDLSSCIakBaTSN9sLlkGikekq6mkRZD0noaadBOfNjgUlEBD3OpObZwq/eIY/1cqQsAK2zLXclK+wrMMPEYXIrnCRGBVUfgi+xswhXiMqNskXmK3M4qLdLW/qKzd6GnjX27dBaUjXML7jaIvlhmrLfVY3LXmD9IUnEqbJ01pCmDPEphilJ1pwOfSoOHhYccPkvAgbNZd7JFI0ftf0fbQ1OGE3BM+G3tOGsi/5wYhSOq6RCdxZgQ3vr0kXDo4JPjSanpJTcaefh4QDwAJISOfFl4xrplIHKabscpR46V5yQdp8x6nGnB9ABZdRYiXvg43OLMeyyT2aw4D+drhJwttrjApnhLzEceBJ647BGbBmOSPPeZ9LykrTrgK+/VUO2/Nqg/tazUiVZ+jfZ4OrKP4rwNhsn7rlDma8H8LrCCk5yT9HEvpMY7BhHB+AYwgUFdgaAZAbcEzVQFvn8CX/ag7s7AHYmzG/j+UyBYpgpr/AizE0bfN8v1Bl51TgqvTuukV+0F0hQ+MbMnUAzDeLW4u+9EDzTHFbO9JzX9l66Xu6xerQR36QFD84mSzZCTMZrbgXAnrZV8INblvvhAmdojpeKdHPXc4p1pV69E4IVCtYteSajLMlmHDaynU3vrVDaLJGy5nmcUJlAY0MA50GDvTpuVrlXiZXfzVLlK4crKdhdNUohkUntfYX21/FoBtdlza/0LX+o3/wBQSwMEFAAAAAgA6ISTWusTJDNIDgAAqyQAABAAAAB3b3JkL2Zvb3RlcjMueG1s7VrZk6LMln+fv8KoiZh+sKtZBET7Vt9AEdQSFdx9ucEOyr7rXz+ZIGqV9X1TXT0zT7ciWjJPZv44+zlJ9D/+WbhOI9Oj2Pa9l2/YD/RbQ/dUX7M98+Xbask9098acSJ7muz4nv7y7aTH3/756z/+kXeNJGqAw17czQP15clKkqCLILFq6a4c/3BtNfJj30h+qL6L+IZhqzqS+5GG4CiGlqMg8lU9jsGb+rKXyfHTBU4tPoemRXIODkNAAlEtOUr04oaB/TYIiXQQ+hEI/wIQkBDHHqFavw1FIZCrByDiS0CAqwck8mtIHwhHfQ0Jf0Rqfw2p9YhEfw3pwZ3cRwf3A90Di4YfuXICppGJuHJ0TINnABzIia3Yjp2cACZK1TCy7R2/wBE4dUVwW9pvI7QR19d0p6XVKP7LUxp53cv55+t5yHq3On95XE/ozudeC17XQfQiceKkPht9RnfVcdZXU1f3klJrSKQ7QI++F1t2cM0O7lfRwKJVg2R/p4DMdZ6umQ37ZKj9VWpjKzPcAD/D/sV2rlNx/veIGPoJa0KI64nPsPD2nTUnLvDg24u/pJo75WKfTD41AP4AQKn6J4tFjUFfMBD1Ft0Qx/5kWNU41BXH1u5wvsbMHYCW/hYE3qr5gA94/A4r1hLN+j242kYIPCsnsiXH1ltE45OJoEYk7hArB3N89XiPqf+e0sgr4Mm9s2Fg/lmg8pGfBjc0+8/QRreUnXu/JyBKvfeKIP4zZhaWHIBM7qrdken5kaw4gCMQvg0QgY3SAo0qBOCjUUVVo/afRm32RumdDZgSn36B/i8ABKIbyJE8ArGDcTjdogfsU0kFpTOB1PblD1C7oMXUpJcnFEVxstXrX0msbsipk5Qr5V+FPo/KR08rn4kPXtfNZOB8nu08IZDm6EbyQFT8JPHdB3Jkm9YHm/Uk13XvHR25e62sxJdnvUkFBUWPIPeBD+xCUDRagd3tKd923dKBMlW4NV4cyCowDNghGwANyA53OzZ0FZy4TqQUWkpOE/8iRaWUiPO9JIaHY9UGjrq0XT1uTPW8Ifmu7MHTuhwnTGzLHy5ajBd/fEyNH8nlm1Xf8aNavIuZyoX4XFPxK6Ufv6UhF86Rq1mjO2k8fx75vnG3Dzgq4wC1eHKi94GoQOMlsW/5wM0bkh6mdqQDVkFklM5yqZdgGHRlT7UAq5odJ8tSr3DUu44m15FUjmLbDRx9Du0EZlXHkelDHVoQ8E9iFNnBKeKpoeiW7WmgpQC+/tSAOUzXyjOOfPLTZOT1dccp1yxb03SvXJMdx89n4HrlyEG5BqPnwiKMDwLH2F6bYS8LumaXYYN2sD7RpwdPpURXFhtFCXqCv0i5BPzLhh3S8Mo5F/mgQwLmSl3vqd4zM4xYT37RNHBFoOV7Wj2tYN6Art+BwlA3Izmw3uP+Lea63AzyAbBiA17tcJIGjJBPDRUIgtMEQdfS6Iahq8mg2uqUsiaVWcpf5SZ3DtiYgvtoNdN8dR41YAWnnxqe7IKY4SJdh9WmQV9OqNOMh7zbKheBHfMIkOWuWZHq5voLvVnZEd1BsaBoNtLoD8tHlbEh4yD9x0E1ACIsgpJxOIvLUJK7hRG58AkQoX8QKEXSROUlLYrEUaLUgAwtcFE/hbZAXFbqJ8kOSpYxekNS0zjhdb8cy9kkTipVafVItuqRWnj1MAKWgzZzSpslpc2i0mZK9X5wJYLn6mEjv2PFunLSAGxGKfwYMTtCc8Ptrp/pS788mLwLAeR+1fEed70RsN7wduOVi9/fjr7bqTp+rFckKON1UMqNvNWs53O24yDVC94QkIqC3KwMR0mhFGWZAc9rUnyown2cJGiW/F+uwn9brtC/LFfw/awNPQPYsy4JSjKJ6ir7WAzelzYmsmXnbUG7ki5l7DqHxauafLZkgU7mruwAhn/hHYzE2zRFNDKsLNjVcsXuo75JlmqzeA/7M31XK/9P+q4EQd45EnLnYmCk+NoJpNQ4UDk7AkUTKH8ORK5KWARrWRymcgSaSmfkAbVjGNGCfCXlDGbsN2SlJleVr8wP1bCfRHWYez4DJDHsBLmwUzFxmZRZEHmTZu/nVc2pMEvpri0Bcm0cyh6CAyVZkdVjqW1bBaJn3Rhm29KCH1VmWFfuyknDB+aBtH8V0KX+FWMoDiwdJydojLrqdUGjB2pwov905ci0vWfYrHbbQVLPQUPbRX/mtpZYXRxt/aBJsGaVbUcXx38QYHZ+Bg2HXnSfyy6kjWPUz8yOL9+VuuXQAfix/wxN8lxy0K3scqPCTgdIpVcMoB8sVJw80ssm9sOVqse+LNUSPwPF2WfgT7JzJ/zHG57rxqJ02be7QLOU2OpfgtTL7yCyZ/h4ruwHbwugvvmgpMb2Wb/m7O91kYEmBKGHQd/0u6ZRwKvuy9NqELO9nsj0TGbEgL+R2MfNs71ATDCZDXrgdwnpG3SaKZ7kgH/Geujk++1Um3hWoowXkrhqs0Kvx/3Xf2Ktn+AH/dlBD2pujDbjFdUWGdOhdq/oAu37Q753XBavkz1fkEveyg7kDOfRhbSZ+mekTXtpJ1eLIyfwU5MKUzGcUBJzQ0VjckfZEZklHYfFxnmPHeUzYfw6DIZOEFGdV0MbHk7Fwo3shbE7N1cLbzPftZnUmI5k7ZUSBmOh6DABi/jsDXXmLCM/sra4ww1sx1VnuKRNk0OfLFiuE/TT5WnX65GKTSkiEZ/8ccvsbET0BJqgydkkX7X+1nmdHDJ1Q3daN9TFahZuc+9MspHpDZPxspjFojF4HS3brMsuVn25yNtS6NFtur2PXUno6Pjaneu9KZGGu2yZbNqHzD6YnSlyuqGO462uTkI0bG5YyqWBXVgEyQXm0YoMgSyGCAatOBahFSeQvm2NHWUoZBNv7NxQleHseBS4MD8zgpU22Ww3l4wtL+eFfVjazQPKZ8EwZne2K8gbdHfCjQgXiHlP8CJlpSBih3AQA7EEGwulO17XIzyeJdRqbGrNvc2ahjGh9SPncAslW6O+TwyUvnXmC8Lo8JKm4ORQiHdW6PRznnSiSdhR7P2x2MzscHdDxfGdvYxk/LgTUszBEpFtoYgyd1t5vpuiBUabCkEymgiWAvKAxFwPX6Kc2JZQbzkdrFsHyu8YuniOfMy+84ENgxGc2xRpGZPpZi9LEQ3RBAUf78jUnisWjxwTj1BDfoXoUStQs7z/V7q/oQIrmOteKI1MsDAeDWBEwR374fg8wVcnBZWy3YkklM0pXgv8DD8wYrY2wjlmNx1CYgajeBRSfhQew+iGOknG6ZxmCDYahjp3Vo5ztjVcxsdYSBMqXulLjHDb7Vaxn7d2012oWsPVQhvw3pEUF/7SXa0s+rWZJkkTX49vqLYxFRz01OPMVaePqsaUpJFonZ4HlrfyB4HVlxRJSTaymSi6i20WM46aWNFxzL8Oi524wXcSNQfRsnKi9Z21sjU3dkJ5EjBrhTcTdTYy9gFCWC11Sa0XG8KgjuH4XEi91TqdhwQeZWk+DmJsU6Cx0N4euSKKh5iJLvmIvqFS3CG0tw5/cBTd2fjHpNk3aUuYLcXxeqy4I95hp9M5bpLR2pWOYiKPiLOPtlKE3DpztJntXUOyEplwVCG/oYYzM8QJEfgqn/rzKXpcIJ48bZL+ZMp54fa83zRVij1bfeFwkpbRZCAw0lHfkiLpD8Xha1KMkJlRqGLYnixvqDEy69D6Soy34Uh/1YcoP2mL6XSljE9er5d4r+qQbxtZxjcVVie4sD9w2iK10l2pf5R3iGVFbZo9oMDg+9kNlTBbtn0mR21hyzWJfhyhzXV21DuDs8lYSWughoI1RNDdTpg22YImWMZO85Gnn1+ZIj1EoRRSrbMb7Rbh5i4KkpU/VDdC31zwy+0kVkcJksxO48lwejb39CH2l+dsMuR5hVpjSHAkM1zYSPj4dbFLDiuHbZG0HfuDZQcdmvMbatCZkxMGZ7kVvcOHRoDse66b6ExbFdxOOgARqTe5ImwOD9hKSE7jxYTx1KVnFrumPEEFeZxm+JAbbre0595FQQ4CaY4gTN4TF7kw4BiGZxiY7hiLGehNZYgYcNLPYdjBTNk7qp6Q7flOSwHZT7Nh3BXCEsUmN9QcZVYZkzWt5mrcSnN3rIXi3pnTIIOu7GSg60nibsmp2XFbu9ZSKVpITFObNZGf2fM+jqYKoxWS1aGkPFrcUCVx1A+3vBtgSo+kjfNSJGxpgPEsQYr5UuVxbrHlqFV6GGfAAB1MYTbDVd9GTbvNx3vmNO1h8lDapxI/Se6iYHJeH2UnCwyOIjymfeI3i9bAjfTmaO5J7SJW5254Jvc9sXPatBGSI1ut5iRU1pERLIYpsm5GlOyRstA5ZTdUcbVQCZJmjYOWG5RN4AKvnRixEIQOscSWzIkP8SWnmqxXHGeqHQLltNbsm0rUY2yUgfa4oV4tM5HZ2XjShBNCBJbpCcyHf1zCgoKA7jckusUkUuXX5+2itJh4V2PzQX8iMiuG2TH90tgDZjZHLaSzg5MVI0L7P2BnkH5fCZXh9H9AHXGifFyMwLS/gMWUNR9QUyji+8x+V2MB5x8hS20yNjpQf6BCA77YB357dO9aM6RMw8m7fmC/3aU6j8VA61yv4gkoVWRoiDIyuQrh5eV2AlxCtMPL0zOGtTsUQaPfv5MEbAnhlf3lyf3uXBrGqO4fnXrw/XsB7j4GuK/Dj4AGbP8j/1iNyxtFOW0cfNu7XAxcG341RuAivEikjhyXk/JbiBxFfu4fy3uR371+AoEUA1JU3/PArS45BQAJfkTwXXDXAvsUv4DXPXCF+g672zddbgl/2dQAfOhgWydIwMby9+nfHxP+/THh/+hjwtXvynF5va72lhdu5M01HPnwa/+9npDy/xr9+m9QSwMEFAAAAAgA6ISTWntKVYTnDwAAbJ8AAA8AAAB3b3JkL3N0eWxlcy54bWztnVt327gRx9/7KXj8kvYhq7tk56x3j+PEtU/trDdyuo89EAlZ3FCESlJxvJ++IHgRpAFIDAi5mza7DzEv8yP5nxkQA1LEjz9/XUfeF5qkIYvPXw1+6L/yaOyzIIwfz199erh6ffrKSzMSByRiMT1/9UzTVz//9Jcfn96k2XNEU4/bx+mbtX9+ssqyzZteL/VXdE3SH9iGxnzjkiVrkvHF5LG3Jsnn7ea1z9YbkoWLMAqz596w35+elJjEhMKWy9Cn75i/XdM4E/a9hEacyOJ0FW7SivZkQntiSbBJmE/TlF/zOip4axLGNWYwBqB16CcsZcvsB34x5RkJFDcf9MVf62gHmOAAQwCY+vQrjnFaMnrcUuaEAY4zrTlhIHHsTkYCBFsUYjiqziP/JzeXWGmQBSscrvJRL7clGVmRdLVPXEY44lgiFgEWMf+zzKQ40SY18Hmd+3Dtv7l5jFlCFhEn8aj0eGB5AuwVns3/8Ypg8SpZvOpqPCH6yU88dQPmv6NLso2yNF9M7pNysVwS/1yxOEu9pzck9cPw/OSSROEiCU/4GkrS7CINyd7K1UWc7u/mp7vFXo5M/+BrvxCu63BYrblMD9dFJH6s1tH49af5/iHrVYsw4Mcjyev5RW7YK8+8d3g9m8MlceAN8UNxHLLMKG92eNbn0CjkjdzJcDatFj5uc7HJNmPlQTblQWRsD0jKWyPeNs2LJpJvpctbHgw0mGd8w/mJOBZf+enmPglZwpvB85Ozs3LlnK7D6zAIaCztGK/CgP62ovGnlAa79b9eiUgrV/hsG/O/R/z0xUmkwfuvPt3kDSPfGpM1P/SH3CDK996Gu4ML839XsEHpCZX9ipL85uANDhFnaMQwt0ilq1UztwfXPkAfaPRSBxq/1IEmL3Wg6UsdaPZSBzp9qQOdHftAYRzwhn6gPgygtnE02YjmaJINzdHkEpqjSRU0R5MJaI4m0NEcTRyjOZowRXAy5uuiUAr2kSbam7nt9wg7bvstwY7bfgew47Y3+Hbc9vbdjtvenNtx21tvO257Y43nFl0t74anWZx1zrIlY1nMMupl9Gt3Gok5S5TMbnj5TY8mTi7SAaZo2cobcWeaT8Rye4RMut3Ps7yy89jSW4aP24SmnU+cxl9oxDbUI0HAeQ6BCc22iUYRm5hO6JImNPapy8B2B80rQS/erhcOYnNDHp2xaBw4lq8iOmkU6oDm9fMqT5LQQVCviZ8wB30W4qx9uA3T7lrlEO/tNoqoI9YHNyEmWN1rA4HpXhoITPfKQGC6FwaSz1xJVNIcKVXSHAlW0hzpVsSnK91KmiPdSpoj3Upad90ewiyih72OgfnY3WXEUhcN3jx8jAnvAHS/3ZRjpt49SchjQjYrLx92bu1poY/zlgXP3oOLe1pNctWvFyFyya86jLfdBd2juUqumucovWqeowSred1T7I53k/MO2rWbema+XWTKpDWvCuYk2hYd2u7ZRrLuEbZLgKswSZ2lgRrrIII/5N3Za0ddvd1Zdj+xHat7Wh22Sk5Pr0Q6OMv8iaibZvj6eUMTXpZ97ky6YlHEnmjgjjjPElbEmpzyw6Fxyr9fb1YkDVOAML/VV69HeHdk0/mC7iMSxm789v71moSR564Hcf1wd+s9sE1eZubCuAG+ZVnG1s6Y5UjgX3+ji7+5OcELXgTHz46u9sLR8JCAXYYObjIFiQWOSLybGcahk3uo4P2DPi8YSQI3tPuEFi+MZNQRcU7Wm8hVbvF28Ym3Pw56Q4L3T5KE+biQq6R6cAKThg3T7eJ36ndv6j4wz8nI0C/bTIw/iq5u96e9e7ju3YQ9XPcugvAmvz3k8evgYvdw3S92D+fqYi8jkqah9hGqNc/V5VY819fbvfgreSxiyXIbuROwAjpTsAI6k5BF23WcurxiwXN4wYLn+nodhozgORiSE7y/J2HgzBkC5soTAubKDQLmygcC5tQB3d/QkWDdX9ORYN3f1SlgjroAEsxVnDm9/Tt6yiPBXMWZgLmKMwFzFWcC5irORu88ulzyTrC7W4yEdBVzEtLdjSbO6HrDEpI8O0K+j+gjcTBAWtDuE7bMf6rC4uIlbhfd2e0ic9nZLnCunPwbXTg7tZzl8rwcjIiSKGLM0dja7oYjLPffXWsze1jRdfcy+j4iPl2xKKCJ5poa6+V58bOMw9M3f1hyGz6uMm++qkf7Zcy032pZFex7Zu0HVGk+HTaY3dEg3K6rE4U/ppiOzI2HwHjcbrzrSexZTgwt4TGn7Za7XvKe5czQEh7z1NByBCyb8uEdST4rA2HWFD91jacJvlnjg/nKWHnYpkCqLVUhOGuKor1U8S58P39aAL1jljN6e7Pk0dtjskhPwaSTnmKcV3pEU4J9pF/CVDlG3fL8u357ArT7Y+OW89cty8Bj6qH5j7pueMcpTqmn5IzMH1zttTJ6HY2bGz3CuN3RI4wbID3CqCXSmqOaJD3FuG3SI4wbKT0C3VrBOwKutYL2uNYK2tu0VpBi01p16AXoEcbdAT0CnagQgU7UDj0FPQKVqMDcKlEhBZ2oEIFOVIhAJyrsgOESFdrjEhXa2yQqpNgkKqSgExUi0IkKEehEhQh0okIEOlEt+/Zac6tEhRR0okIEOlEhAp2o446JCu1xiQrtbRIVUmwSFVLQiQoR6ESFCHSiQgQ6USECnagQgUpUYG6VqJCCTlSIQCcqRKATddIxUaE9LlGhvU2iQopNokIKOlEhAp2oEIFOVIhAJypEoBMVIlCJCsytEhVS0IkKEehEhQh0ok47Jiq0xyUqtLdJVEixSVRIQScqRKATFSLQiQoR6ESFCHSiQgQqUYG5VaJCCjpRIQKdqBDRFJ/lI0rda/YD/Kin9o19xO98ipP6KP+Ue28M1RxVnZWeZf5bhLeMffaUPzwcjcwh4SIKmRii1jxWl7kz9IPPXy6bf+Fj8BkP00spfwshnpkC+NjUEoypjJtCXrYERd64KdJlS9DrHDe1vrIluA2OmxpdkZfVSyn8dgSMm5oZyXigMW9qrSVzKHFTGy0ZQoWbWmbJEArc1B5LhhMvb5wPrSeGOk3r90sBoSkcJcJMT2gKS+gr7di+sdP0BFPv6QmmbtQTUP7UYvCO1aPQHtaj7FwN0wzravtE1ROwroYEK1cDjL2rIcra1RBl52rYMGJdDQlYV9s3znqClasBxt7VEGXtaoiyczW8lWFdDQlYV0MC1tUdb8hajL2rIcra1RBl52rYucO6GhKwroYErKshwcrVAGPvaoiydjVE2bkaVMloV0MC1tWQgHU1JFi5GmDsXQ1R1q6GqCZXi1EU+2pJMsd1wiRD3A1ZMsQ1zpKhRbUkWVtWSxLBslqCvrKrlmSn2VVLsvfsqiXZjXbVEvCnXbWkdKxdtaT0sF21pHc1rlpSudo+Ue2qJZWrcdWS1tW4aqnR1bhqqdHVuGpJ72pctaRyNa5aUrnavnG2q5a0rsZVS42uxlVLja7GVUt6V+OqJZWrcdWSytW4aknl6o43ZLtqqdHVuGqp0dW4aknvaly1pHI1rlpSuRpXLalcjauWtK7GVUuNrsZVS42uxlVLelfjqiWVq3HVksrVuGpJ5WpctaR1Na5aanQ1rlpqdDWuWrrjJqGDT0DN1yTJPHffi7sm6Soj3T9O+ClOaMqiLzTw3F7qLeoqe09701/lbDFXIN8/45rlX0CXfq4UFF+ALYFix5ugnqYqN87PxCsnBCtXixMuH9eKv5M0n/2s2KffH45mp7P35bkIZMtJ1IctnyIPwIF3016J4y0Iv95fYtVpxfknExXrd2FabT2D11FOT/aZ0s0HzulVC9wDNBVLu5nLFvlXw2jeJIhfV5UTmQ2GZWKy4sNMt1+iWphSkfIg5URviwJbz81WtTDy3GzFOmmKNRtRh1pRh+5F3YVqsd9eoDqRfTSVZT/Vqj4wUn00haoX6zqqPtKqPvoWVR+emqk+NFJ9qIj1oYtYH2tVH3+Tqo9l1cda1Udmqo8Vqo8dqD7Rqj75JlUfmqk+1qreUc+pVs/pN6ln30zPiVkU9xVR3DeLYn/FZffLT2pqekDlp/Hr33aLD+Mf+kPz/XyN0gMzpfXnneX98IZzFv30xq5b+blOXSgYx0K2iAq38D9u4rzv91TOYlqcafCVnFQ7XtIouiPF3myj3zWiy6zYOuifKrYvio8Ca+0TUT1qAb39k+nVF6HXu5gmqHytUdtTFh+NgHIXH5PoqDS25SjeFD08mWKtuyZj0D9i17k186vXk+XMnw3NMl+t2lUx7dmhbOVsaG265UVotb4gXfL25URRGJ1dTa8m705kvXhKp+W/1X55aV00TRuW5sMeVTdL2iepHjaKXc76/Uq6ipduN5v8o9IX24zxUplH1KETStXleZfH9YJ63mXt7NQP4Zqm3gf65H1kayLq3t2U0YqN5WzVii35rNWHq4/V8vvblDcookw+zGrJj4dRUWzydj4+CA3ljUMTKG1B8j8ldy3uPXmk5fRYh+LKs7PhxNWJaNgWNMQCv2UuaHALByWKDf+6tR+UaG0euBT1Hzf1rlVNW2+F86mPTfL66c3vfsXkd9cVbuTivxuVqiLGMCqRjocDJ5Xj1QMndbw4cn0YwdGMemPLgIczEeA4RiWCehyj1u4IIgzbRRgeRQQ4rFCJoB5WqLU7ggijdhFGRxEBVvmVCOoqv9buCCKM20UYH0UEWJpXIqhL81q7I4gwaRdhchQRZloRZk0iTI8hwrRdhOlRRDjVinDaJMLsGCLM2kWYHUWEM60IZ00inB5DhNN2EU7dilDPppTXukCJeqsnNrd1FW0qxnzkpC4GJ+OqQNbtcTatHyjV5WLLmLNZbzIUI0H5sfIH1GMH3ca7uXcXxv6K/Xk6jHujtIoSppyKHTNqUJB2FaV+vEgxFLcfMNP+qP92doQhhtEUDDF0GUroXqJLoh26oNjUtUS/lhyp94hOfmw05fP9iU82H17Mbu5UTEhVON1QVH8ymbzt78UJ8OdgaFtE/slqxRcYMNrTW+vCriFZB0mLR7911U3vvHfEvyf+Q0LCSNESF1u9arNCs+G78cXlaC8LnsKAPeXzECRsf/yjpcHrH6QH/crDxigXLpKwmEzAxBf1zgYeGBg+1NWM0u2+Ja9sl8C35nFhbfxMRO+xUk8/fyut7tr18/+73NbrOYNBR67aYDvap3iQUg4SHeNlmNa4+ztlyWNI9iNPWllGnLQmj7lqsejw9YADpuK/w1Ds8lZT/dSzoSEgJ+oqo34cWvRupKeWAvORPb0lcTAP/6i9PKh3FXtcski/h/RkU3p4OZi0PJxU7GDxcNJIlv53XZS6DL7rotRl+F0XpS6j77oodRn//+li2jfdwAeGm/YnhQe9nbP++4uppkqrbv6DoutZLObP+8tdyhOqijnp7Su407f1AgDiBcbqr/Sn/wBQSwMEFAAAAAgA6ISTWgi7jPLIAgAAUAwAABEAAAB3b3JkL2VuZG5vdGVzLnhtbM2WW2+bMBTH3yftOyC/pwaSkBQ1qaahTH2buu0DuMYEVHyRbXL59rO5t2QV0JflIQbb/5/POfY55uHxQnPnRKTKONsB784FDmGYxxk77sCf34fFFjhKIxajnDOyA1eiwOP+65eHc0hYzLgmyjEIpsKzwDuQai1CCBVOCUXqjmZYcsUTfYc5hTxJMkzgmcsY+q7nlk9CckyUMut9R+yEFKhx+DKOFkt0NmILXEGcIqnJpWN4kyFreA+3Q5A/A2Q89L0hajkZFUBr1QC0mgUyVg1I63mkG84F80j+kLSZR1oOSdt5pMFxosMDzgVhZjDhkiJtXuURUiRfC7EwYIF09pLlmb4aphs0GJSx1xkWGVVLoMt4MmEDKY9JvowbCt+BQrKw1i9avTU9rPR10ypIPm5Zs9w9JBedK91o5ZjYVfKI44ISpsuoQUlyE0fOVJqJtjrQuTQzmDaQ00cBONEctJXNG5lq/yptUbUNHXCM+fXe0byy/GOi547YTYtoFWNMeLtmYwk1J7hbeFZoesH1RhafBuAPAAEmIy+LhrGtGRB32W052ci0ajhBy8niHmeeMT1AXExC+MvGDttYeY+lYh2n03DNHkGrRRqlSKVvicnIQtAQVz1idcByjl/7TDItaOsWeKW9PRTHzyXqD8kL0dGyz9GeupJ9ZtMcdIP3p0KozxnzK0XCVHKKw6cj4xK95MYik76OyUCn3AGnSgHbOFVWOc35cZptd8rT6diSCPbdR6BzDvVVGKAiAkmkuQSmy6bTwivnCSNchXbsyXQG/tb1DysflL3mitW2d1P/rNR8kMbPO+C63rdN5EVtV0QSVOS6N1LSf0rbKIGw8dTMRYkm5sZxrS7PbOz9VfvyXFjXUaE5gPsH2MorRuNANSSrCeV/7esttzFnOmNFeVH9eh8C90YE1gc3iu4P0X8YgZu+fBCN7lnt/wJQSwMEFAAAAAgA6ISTWvLf+l7eAgAA6QsAABAAAAB3b3JkL2hlYWRlcjMueG1spZbNcpswEIDvfQrGF58SAbaxw8TJNMm0k1snbR9AFsIw0d9Iwk7evitAmIQ0gwkHyyzab1f7B9e3L5wFB6pNKcV2Hl2G84AKIrNS7Lfzv39+XGzmgbFYZJhJQbfzV2rmtzffro9pkekAlIVJj4psZ4W1KkXIkIJybC55SbQ0MreXRHIk87wkFB2lzlAcRmH9T2lJqDFg6R6LAzazFkdextEyjY+g7IBLRAqsLX05MaKzISt0hTZDUDwBBCeMoyFqcTYqQc6rAWg5CQReDUiraaQPDpdMI8VD0noaaTEkbaaRBuXEhwUuFRXwMJeaYwu3eo841s+VugCwwrbclay0r8AME4/BpXie4BFodQS+yM4mrBGXGWWLzFPkdlZpkbb6F52+cz1t9Nul06BsnFkwd4Xoi2XGel09JnaN+oMkFafC1lFDmjKIoxSmKFU3HfhUGjwsPOTwWQAOnM26yRaNbLX/jbaHJg0n4Bj329xx1nj+OTEKR2TTITqNMS68tek94VDBJ8OTQtMLbjRy+HhAPAAkhI58WXjGpmUgcupuxylHtpXnJB2nzHqcac70AFl1FiJeeD/c4tR7LJPZrDgP53OEnC62uMCmeEvMRw4CT1z2iE2BMUme+0x6XtBWHfCV93Ko9l9r1J9aVupEK79GezyN7KM474Bh8r4qlPmaM78LrGCSc5I+7oXUeMfAI2jfADowqDMQNC3glqDpqsDXT+DTHtTVGbiROLuB7z8FgmWqsMaP0DtRsv6+DNfwqnNSeHVaJ123F0hT+MTMnrazMAzj1eLuvhM90BxXzPae1PRful7usnq1EsylBwzFJ0o2Q07GaG4Hwp20VvKBWJf74oPN1B4pFe/kqGcW70y7+k0EXihUO++VhLwsk03YwHp7amvdlqtFErZczzMKE0gM7MA50ODsbjcrXanEy+7mqXKZwpWV7SmaoBDJpPa2wvpq+fUG1EbPrfUvfKnf/ANQSwMEFAAAAAgA6ISTWsjM7E4mBAAAXB0AABIAAAB3b3JkL251bWJlcmluZy54bWztmFtv4jgUx9/3U0RII3YfWudGCGjoiO20q66q0WqH/QAmMWDVl8g2UPbTr53E4ZZWgcDT0gdcju2fj8/5+4K/fnunxFkhITFno65373YdxBKeYjYfdf+ZPN/FXUcqyFJIOEOj7gbJ7reHX76uh2xJp0jodo5GMDlcZ8mos1AqGwIgkwWiUN5TnAgu+UzdJ5wCPpvhBIE1FynwXc/N/8sET5CUmvMI2QrKTolL3pvRUgHXurMBhiBZQKHQ+5bhnQzpgQGIj0H+GSA9Q987RgUnoyJgvDoChWeBtFdHpN55pJrJReeR/GNS/zxScEyKzyMdyYkeC5xniOnKGRcUKv1VzAGF4m2Z3WlwBhWeYoLVRjPdyGIgZm9neKR7VQQapCcT+oDyFJEgtRQ+6iwFG5b976r+xvVh0b8sqh6INBtWDzcA6F0RqWxf0SR2RffvPFlSxFQeNSAQ0XHkTC5wVu0O9FyarlxYyOqzAKwo6VQ7m9dwqX20tX0v0rAFNnG/zB0lheefEz23QTYNourRxIX9Ma0nVCt4O/BZodkJrtdw87EA/wgQJajhYWEZcckAyXZ1Gw5uuKwsJ6o4ON3hnOfMDiBdnoTwA+uHKUz3HZZMVbo4DWdzBExfqOACysU+cdZwI7DEcIdYCIzw5G2XiU4LWq8CbuhODrN5u4X6h+DLbEvD7Wgv2y17zU6boBsdqiKT7Zz5uYCZ3slpMnyZMy7glGiP9PJ19Ap08gw4xRIwhVOsKsfqx7Fpd3J1OmZL7DzoWyCcSiVgon4sqbP37UUvJbdj4EOB9A1SGGNxYRzPFBK/CwTfTBNDYdIMO1xBLStv3I89/2nQAaaGLonCr2iFyGSTIdsmtxJjLVopmhFb13t6Go9jNy5qyMpUYF3YsXJfqsGKVvou+0wrY4oSTGGJzn6qDakGnsDpFKWvXgWf6FPOVn7x7iv7n4m1EjRTJeovYQrMzFyNuYjQcIaFVK/YKMQ1LUHVVJTFM2dKmvjKBGtNTjBF0vmB1s7fnEJmGAhKNZYY1lYuxjrAtTWJPDbnvk7zT2wn4RZWqcNCHmEmD+1K4Dd0YEw44aKy5X9l63+t1fet5VEe2pbWwPQPj8Kkf6eoMcFzZqumUCKCi2pQhgvk8T/Mvdcw94SvkXhFSiv0k/z7tfn/9Yv/W1sB9P3/mwTCGgmE15CAf4oEduJQq4DgAwUErRXgheFNAleSQHCxEyD8IP9h6/z7XnTL/5XyH170FOjV3wJ6rW8BfhzfJHAlCfQueQpE9QqIWisgiNybAq6kgOhih0C/Pv391mdAGNyugddKf/+iZ0BcL4G4tQR67u0aeC0JxJc8Awb1Chi0V0D/dhG8nALA3utUmWsn/zRPVV6nfP0apsv8bSw3hmHQc70g7h++db2ke7MDOceWxSvXw39QSwMEFAAAAAgA6ISTWjDdQynOBQAApBsAABUAAAB3b3JkL3RoZW1lL3RoZW1lMS54bWztWU1v2zYYvg/YfyB0b2XZlusEdYrYsdstTRskboceaYmWWFOiQNJJfRva44ABw7phhxXYbYdhW4EW2KX7Ndk6bB3Qv7BXH7Ypm06T1sM6tD7YIvW833wfkfLlK/ciho6IkJTHLcu5WLEQiT3u0zhoWbf6vQtNC0mFYx8zHpOWNSHSurL14QeX8aYKSUQQyMdyE7esUKlk07alB9NYXuQJieHekIsIKxiKwPYFPga9EbOrlUrDjjCNLRTjCNTeHA6pR1A/VWltTZV3GXzFSqYTHhOHXmZRl8iw/shJf+REdphAR5i1LLDj8+M+uacsxLBUcKNlVbKPZW9dtmdCTK2Q1eR62aeQKwT8UTWTE8FgJuj06huXdmb6q7n+ZVy32+10nZm+DIA9DyJ1lrD1XtNpT3VqoPxyWXen4lbqZbymv7aE32i32+5GCV+b4+tL+GalUd+ulvD1Od5d9r+93ek0Snh3jm8s4XuXNhr1Mj4DhYzGoyV0Ws9ZZWaQIWfXjPAmwJvTBTBH2drqyuVjtWqtRfguFz0AZMXFisZITRIyxB7gOjgaCIpTA3iTYO1OPuXJpanUFpKeoIlqWR8nGDpiDnn57MeXz56gk/tPT+7/cvLgwcn9nw1S13Ac6FIvvv/i70efor+efPfi4VdmvNTxv//02W+/fmkGKh34/OvHfzx9/Pybz//84aEBvi3wQIf3aUQkukGO0QGPIDCDATIQ55Poh5jqEttxIHGMUxkDuqvCEvrGBDNswLVJOYO3BVCACXh1fLfk8GEoxooagLthVALucc7aXBhj2k1t6VkYx4HZuBjruAOMj0y2Owv17Y4TWMvUpLITkpKb+wxKjgMSE4XSe3xEiEHsDqWlvO5RT3DJhwrdoaiNqTElfTpQZqFrNIK6TEwOQr1Ludm7jdqcmdTvkKMyEroCM5NKwkppvIrHCkdGj3HEdOR1rEKTk4cT4ZUSLhVUOiCMo65PpDTJ3BSTkru7GLjIWPY9NonKSKHoyIS8jjnXkTt81AlxlBh9pnGoYz+SI1iiGO1zZXSClzskHUMdcLyy3LcpUefr7Vs0CM0LJL0zFqaWILzcjxM2xCQuGL7E1RGNTyNuRoG5103cQJXPv330P6LsbXh6mXpmkahX4RbpucOFT99+dt7B43ifQEO8J+f35PwukvOqfl4/Jc9Z2NY32pmaaOWue0gZO1QTRq7LjL8lhOf3YDIbZEKzTX4SwmVhroQLBM6ukeDqE6rCwxAnYMbJLASyUB1IlHAJRwtrpe7sfEoh5mzOnR4qAY3VHvfz6Zp+2JypyUaB1A3VUgVnNVa79GbGnBx4RmuOa7bmnmrN1rIJfYNw+irBaVRz07BQMCN+mvdcwbQsay+RDLFPiho5xkCc2hnT1nx11jRrG7U3s3aWIunm6ivMuWuoUmWpSvZyO7K4PELH4JVbdS3k4aRlDWG7BZdRAvpkSlWYBXHL8lQRyiubeTFg87J0KisDLplIhFQ7WIa5VHZr+i4mnvtfdetpHtYTgIGNzuZFren8h17Yi6UlwyHx1IqZ+bC4x8eKiMPQP0YDNhYHGPyu56vLpxIeFdXpQECH1ouFV+78ogsW3/kU3YFZEuKCk5pa7XN4dj3zIRtp7tkrfH/NUGprDMV9d0NJVy5scGt+duqCbYDAKF2jLYsLFXJgoSSkXk/AxiGzBX4haIvUJcTSN9ipr+Rozlu5jpzkglAd0AAJCkynQkHIvirifIUyp6o/X6eKCp6ZuSuT/HdAjgjrp93bSOO3UDhlkyIRGW6xaLapuwZB7y3e+dRX7HxO3x7MDdXPsxepa6SvPQo23syFcz5qq+aIq+6ZH7UJHFNQ+gXETYXH5vvbPj+A6qPZjhLBQrzQLNpvNjkAn5tacKmqf3cbNS9Bc0W917n51JJdW5Hs0829frJdQ67d01NtL7eorR1kstHSP1l8cBds78D5aMyUzF853YNDaWf6HwToseeiW/8AUEsDBBQAAAAIAOiEk1rvj+8ILwEAAOQBAAATAAAAY3VzdG9tWG1sL2l0ZW0xLnhtbJWR207CQBCGX6XZWyOtlQgSWtKAgMRyEFoOd2u77K52d5o9CPj01nqKMV54OfP/M/PNTLd3FIXzTJTmIAN00fCQQ2QGOZc0QMlqeN5GjjZY5rgASQJ0Ihr1wi6FDh1ApvtWGxAbUQywwUsDClPiVC2l7lAIEDOm7LhuVrsAKkFnjAisGxSAFqSRgXDRR4H68n+aoCSy0vagBDZVqKgL+z3PSDXaCiKN63velatIgU3FrxkvNXKs4gEa1f2/Ed/40vc1fVTz5z+0/0MrsDI3ipf16pxKbKyqLhTF5tgSNJok8VnzyU7bN32+TZYnreJ815oNZlEQoLBP4+PdY9SMxrcsXrPDenQ9T7nXXLywBfa3l+vVxNul7LDbsHnum+lDcm/T1XDcdX+hh3Xuz3eEr1BLAwQUAAAACADohJNaPsrl1b0AAAAnAQAAHgAAAGN1c3RvbVhtbC9fcmVscy9pdGVtMS54bWwucmVsc43PsWrDMBAG4L1PIbRoqmVnKKFY9hIC2UJwIauQz7aIpRO6S0jevqJTAxky3h3/93Ntfw+ruEEmj9GopqqVgOhw9HE26mfYf26VILZxtCtGMOoBpPruoz3BarlkaPGJREEiGbkwp2+tyS0QLFWYIJbLhDlYLmOedbLuYmfQm7r+0vm/IbsnUxxGI/NhbKQYHgnesXGavIMdumuAyC8qtLsSYziH9ZixNIrB5hnYSM8Q/lZNVUypu1Y//df9AlBLAwQUAAAACADohJNahWtxytgAAACUAQAAGAAAAGN1c3RvbVhtbC9pdGVtUHJvcHMxLnhtbJWQQUvEMBCF74L/Icx9m3YVkWXTvSwLexUFryGdtoEkUzKpCOJ/d8q6gj0IBibDJLz3PWZ/eI9BvWFmT8lAU9WgMDnqfBoMvDyfNo+guNjU2UAJDSSCQ3t7s+9419liuVDGc8Go5MFLPx8NfDTfZ9Ns7+5X17U+QQk6iQ0bGEuZdlqzGzFarmjCJJ895WiLjHnQ1Pfe4ZHcHDEVva3rB+1mwcfXGKBd8lzUT9jz73GJNmf/Q7nIiIRwBQ5EQ8DKUdSg/1b/M2PGYIvslkc/8eKtV0n1epPtF1BLAwQUAAAACADohJNa0toSBsgCAABWDAAAEgAAAHdvcmQvZm9vdG5vdGVzLnhtbM2W226jMBCG71fad0C+Tw3kWNSkWjXaVe9WbfcBXGOCVXyQbXJ4+7UhJrRkK6A3m4s42PyfZ8Yz49zdH1kR7InSVPA1iG5CEBCORUr5bg3+vPycrECgDeIpKgQna3AiGtxvvn+7OySZEIYLQ3RgGVwnB4nXIDdGJhBqnBOG9A2jWAktMnODBYMiyygm8CBUCuMwCqtfUglMtLYbPiC+RxqccfjYj5YqdLBiB5xBnCNlyPHCiAZD5vAWrrqgeATIehhHXdR0MGoBnVUd0GwUyFrVIc3Hka44txhHiruk5TjStEtajSN10ol1E1xIwu1iJhRDxj6qHWRIvZVyYsESGfpKC2pOlhkuPAZR/jbCIqtqCGyaDiYsIRMpKaapp4g1KBVPzvpJo3emJ7X+PDQKUvTb1m53C8nRFNp4reoTu1q+FbhkhJsqalCRwsZRcJ1T2XQHNpZmF3MP2X8WgD0rQNPZop6l9q/Wtq2P4QLsY/757FhRW/45MQp7nKZDNIo+Jrzf01vCbAZfNh4VmlZwo57NxwPiDmCBSc/LwjNWZwbEl+p2HNqzrDxn0XBo2uKMM6YFSMtBiHjq7XCDk7dYOjVpPgznzwg6LTIoRzp/T8x6NgJPnLWIdYIVAr+1mWRY0OYN8MRaZyh3XyvUX0qU8kKjX6M9Xlr2gQ9zMFx8zAqpv2bMc46k7eQMJ487LhR6LaxFtnwDW4FBdQJBXQJuCOqqCnz+BP7Ygyo7A9cSwab1LzA4JOYkLVETiRQyQgE75eppElUvSqucJW7t0U5G0SKezm8fQDVr71jjZpfnj5Pav6Tp0xqEYfRjuY22zdSWZKgsTGulov9WbtASYeuqfRdlhtgrJ3S6grrgx7Pm4al0vqPSCAA3d7CR1wzvQL2k6heqb+/sVcex4Ibysrqrnj8GIbwSg3AWPsSr+f8Yg6u+fBaP1oPe/AVQSwMEFAAAAAgA6ISTWnmnYMGiDgAAgCwAABAAAAB3b3JkL2Zvb3RlcjIueG1s7VpZk+I6ln6fX0FkR0w9UFnejU11VofZdzA7vHR4kbHBtox3+PUj2RjIJOt2VlbPTMydS0Ri6Uj6dDadc2Ty7/9IHbsUAz+woPvyhfpGfikBV4O65e5evizmrWfhSykIFVdXbOiCly8nEHz5x4//+HtSNUK/hBa7QTXxtJcnMwy9KkEEmgkcJfjmWJoPA2iE3zToENAwLA0QCfR1giYpMmt5PtRAEKCd6oobK8HTBU5LP4am+0qCFmNAltBMxQ9BesOgfhmEI0RCeASiPwGEJKSpRyjml6F4AnP1AMR+Cghx9YDEfQ7pHeH4zyHRj0iVzyExj0jC55Ae3Ml5dHDoARcNGtB3lBB1/R3hKP4h8p4RsKeElmrZVnhCmCRfwCiWe/gER2jVFcFh9F9GqBAO1IHN6AUKfHmKfLd6Wf98XY9Zr+brL4/rCmB/bFu0nUiANLSDsFjrf0R3+fIG1CIHuGGmNcIHNtIjdAPT8q7RwfksGho0C5D4jxQQO/bTNbJRHzxqPwttjdwMN8CPsH+xnWPnnP8xIkV+wJoY4rriIyy83rPgxEEefNv4U6q5Uy71weBTANAPALwGPpgsCgzhgkFot9ONcawPHqsCh7/iWPodzueYuQPQo1+CoJmCD/zAy++wAj3UzV+DK2xE4LVKqJhKYL5GND4YCApE9g4xdzAbaod7TPBrSuOugCfnzobe7vcOatuHkXdDs34PrXsL2Yn7awKS/Fuv8ILfY2ZmKh6K5I5W7e5c6CuqjThCx7eETmAps0ApPwL4UcpPVanwn1Jh9lLmnSUcEp9+oPrPQwS26im+0kVnh2F5gRcY7imjotQZYmrl8kHUKiox9enLE0mSNMfU6ldSAxhKZIfZSPbJ0Sd+9qjp2TOEaLtqrCDncy37icA0GxjhA1GFYQidB7Jv7cx3JoMwAcB9QyfutlXU4PIsJmkooQAfc+9BZBckNpmD3c3JdrtOEbFMOW6BF3iKhgyDZigGQkOy49m2hV0FeUDRmUbYUkoUwnyLvfaGi1y2XFV+C7phgCEDzULuO7ccEJRGIClNoaO4GBMoQSgFlvLuoCm5wfvLtOCRnO2sQRv6BUsX42UDwbmg0ldKPXhNIy6cE1dj+38CadC9yNbrqHosXVvzk4esqIKd5RYz/zzSWm4Q+nN03H9MpHYTD9wofzJRf2LYAOAYGIJXtr2Pd7RINiX+6X9XBy6c+BAa/059hD/oLKb9P7EzcPU/3/ENf3x7ZUMcjB+TO81W6EqzVvkruf92cmd/mtz/j/vS+2n8FnaKeagKlWykFheFzDoSFWk8I9ZNiGrY0hQcI8sHiFVU9mbOcrkMo6ZXVVzNRKzqVhDOM73iVu3aGlxb06wVWI5ngwm2E+rlrxNi0AHYgoh/juI5IbOICkzL1RtQe3minkr4ggL0bI2tnGAUdt06sO1szLR0HbjZmGLbMBnHwLcVLxvDpfGFRXw+eEngWo0KcxkAupUdG4biREpo1p4yia4sltIM9IS/iWwI+ZeFX390rpy3fOggJ4V25LhPxZyxYQQg/CEIyBWRlu9pRTeHeQW6fAOKj/rOVzzzLe4fYi6zySgeICuW8HtbmhMQI+gWoCFBaIFlhUIaYBhAC5v5VDuTNczNkn2rN7kTxMYIuiDv6VCb+CV8PUeBxlUcdGZaPgD4KlmqXFZoo7iNebe0lo9mTHxEVqq7nFS8OfvEi5fsdccdVAPdiEuR/5t3w/w6hhlHd7vAyxtIhJmXMY57QXaUlGpq+A5+IkTsHyyJHJbNvYThOZpkhadMVGSBi/p5kkHnMlc/x4kkl53RG5IWBWEbwKytxIMgzFWlFy3FLFpa6hZNH1kO28zObBZmNvMzm6n5/p4S4nVFs5TcsWJeOSkhNv0I/9IwPmBz4+kOjMEcZgvDN0eAuB+13cdZrwQsJryeeOXi16eTb2ZqNgxATsIyXhuZ3MRrzbqwZdk2kW/wikDkFOJmZdwKUzXN0gx6XoPi2yzMiRxXoSrkvzkLf/IuivdvWNgzkD2LlKCGA7/Isv/6Tif5lmK/TmhX0iWNXfs4eeWdj6Ysin0oV0WKoysCz5Zi6gNVD9NoNmq1Jvt7+s5H/of0nQtCvHEk4s7FUEuF+gmF1MDTWpaPkiZS/gSJnKcwH+ey4BgpPkDZr+sitVMUy2C+wqyHI/YrslqQ88yXxYe8WQ/94pi7UEKSGFZIXNjJmbh0sihIvAqz9/085+SYmXTXkoC4Fg5ZDdFCKVlVtEOmbUtDosfVAEfbzILvZWacV+7SSQki82DaP1PsUv8MKJLmUR0RnrAxiqxXRYUeysEh+O4oPrrVP+NitVrxwqKPCtoq+T2x9NCs0iTzTeDQmJmVHVWa/sai3vkZFRwgrT5fq5DvsRVcfjSqZk0b4QfwGZvkOeOgmtvlRsWVDpIK5AyQ7wzknDzSsyL23ZG8xr4MFRI/I8VZZ+RPin0n/PsTnovCInPZ17NQsRRa2k9BiuE3EPEzfjzn9sO3BZTfIEqpgXUG15j9tUgy2ITo6FHYN2F1Z6T4PfbL06IZoNMsS7Wd1JXQpyvX6d3ZmhE71Bk3a+h7jukrchSr7tRGf8ayYyfb9UgfuGao9mZTeVFpDGu11n/+jWK+oy/yu0jutcTornoLviJLO5vf9MkZWYeddu0wT/uDbTvl5m0z3nNjuk3OpqsRPBMVwY3EREsPrWF7tOOPkXwc8FPphkoG3Ia3fC4ORbtB9ZJao5uMh71+x+vYns+LfUPv7E/pzPGtmbE5lxczdzXZVKTIGHUVvc8Pm71hKkpeg4CNG+rYnvvQN9e03WpatqON6ak+Cvd1Lm20RK8ezU+bWo1TLV6V2eAEe8xOXMnkCRVBg/OO6+v1td0f7GNtJYjMDXW2GB/XiXvmGv7O7YS9eToOZKPZ784rDacxW9SVNKlMj65QESrbwJkORUAvnQmojdjouInn4aqyj639ThwRpxtqL1gDbXAkj+VVg3cEZJcGQSRD6dGKEkvMOgSFrdiTsRUHmL5merbaGcYDt2ffUNXO+HAYto7JWRqaUbkRbyZTY91WktTaz63ynmzHXidobCxnqKzIzYk2fHrITmpD11cXKiGLrE0YhDm0qOP0jtdllw7GIb/o7fTy1mrsDGMggEPLbs3UeElCyDbVunlup6whtqe6SnOdYbAxj3Y9aXO2PziKqrU9pKuxddzcUGl6Y819hT5shhFlU6HcYEhCnThMkmxGZEoJO5XlJF1GQx63J4JWjZ6TLbkyJd35qLlk9jwUDSCffUhZdz6wkii25ZRlQaEUoVyLI0In9KFK9zZcZE1Us00cQpfVju0FAXzG0+Kk/jPd31DRWRKUfs3qyGigGzTxicIztp3eeUAvTio5jTcnjlVXp2A5isb0SZINhVgYZF0YVdjD3u9N3dZ6uVS8/g31SPMHZs1KydyiLfPQH3fUcrwbj11wdnwAB+dhzTSG7FYYK6l6krn6auQvGvZou2/astuEirse8kqZYbba8s5a+iZdzqXeLJqTg3oqMp1KORy75Oo4lXezU7O7NJv0euVqFOQ8UZ9uOwe77Wxd2F3Xz9PeMElPDmfulqa7vLNWvG1N24ExOEqjuSKNtFU38ufC0GE2Kr+dOSw42YN+epqOF8toABNnL2nENAxGq1QYkdR6NDjPN5NKDa76THJDhdTY65U3G2VBiUv+6EVyc+Btw1Spd+GJOw6g1Fn2Js3OSBGW5KkH5fU4cJ3TieCFgGBsnlpHjZE7V3yLbt9Q14el4QTq5NQlyPGSaZ7oEyVP4vF4S8bBeQp8Sd1Px0J3StaVARhx1q4+thrzQScaDCW+5/d0ThEpSjoOvfEN9SxuRqmp79M+TFmfVGR2EgosPYfr9rjpnDQoy6qeWmWfQ7HinC473CAyD5AazlpdsjIvm35FEPcMI0jbO1R2x9RloNmNaFA3Fo0VRdFexe7EtS4vabpiMu15d3oW23RjbySkNu6yvUHQ7iYkHQz9A88fQBQGiUeH23nthro6OkLUPtR2a9aOXHU75VlC7O5pVm73BZGVj4QTjcKNOCzH9HlcU2f1vSd0mAM14Txn2l6cakJ/QNdnA+R5N1SDapqJUBdWZ354Is9p3a/F9IA0ifEGHfTjjm3HPuyfxa28R57bX9faotDshJxrcD0GbGq6QXfUiZCdtxvq+1Gv1omdlGAS3Atw1Jvczts01mnutF1vItCmgnlTHM2EkdQaJIM7VGjYdb0S9Ky1cmhv50RTkltdf9pBkW5rl5EzbkN6RNKCTlQmY9sGw2Ei0Gr/vEo62mJjgIPWJw+LunS07zTgHfVVAoyOQJLj7mE6mu7K48WwydRCc2GnwB7Ak8rXmAma1TIpCYbdbpT6bXm4l/WVSa7Uw9SqAEugtm3vLmrz6xREvWQsmPYhTHtHJrYaHAkEtdPgjkF5JS8mmh0R5SnQRcLiHUph+IVZiSnjWHa88mo/0Xyy1XTHY+OGKjEso3XKMBrta662aw7njQloiotkaB7DQ7ruSpywbbjdozcnRpRMYP0ShNCQWrWBJHdD6WeR8N2q4vFTU2VajPT2MtJb4gKsa7ZGkZnFkLVrkkXeobYkqS1JGFIypcZe7BrECndsCYfa4AF7kCB6SzxtV+l5cOKy579AHaQQtrs67lqJjEjsI+oOCduenrSTaA8dsanSwyu/d3pFe7xCboKy2iEM3KljviThAVnHO+bIB5XRI81Z0rjmuvMBpPWavMk1JyGxJ0OM16jJGenlNhNdPvT9y9MzRVVEnhXIr185FpeC+Kr+8uR8tS+Fol/UjXbR+Po1RXceA93T8cs/A5f9Pjzk7ewmkXVLe4h/4couBI51+RE2ruILRGQrQdbJ3oEovg8TeMjuQ7B6ffWBKQamaNB10W0uzH5cwC8PoIPuWGieClN8zUNXp6+4qn1V3Wbwl0klxAdA00QvRBOz76e/XiL89RLhv+klwtXvsnZ2rc7nZhdt4tX1m3j3Lf+9nojsH4h//BdQSwMEFAAAAAgA6ISTWvci6afCAQAAqQUAABQAAAB3b3JkL3dlYlNldHRpbmdzLnhtbJ2UzY7bIBDH75X6Doj7xnaapKm1yUqrVaVKPbXbB8CAY7TAWEDiTZ++gz8Sb9PD0tMMA/+fZoaB+4dXo8lJOq/A7mixyCmRloNQ9rCjv56/3m0p8YFZwTRYuaNn6enD/uOH+67sZPVThoAnPUGK9aXhO9qE0JZZ5nkjDfMLaKXFzRqcYQGX7pAZ5l6O7R0H07KgKqVVOGfLPN/QEePeQ4G6Vlw+AT8aaUOvz5zUSATrG9X6ida9h9aBE60DLr3HeoweeIYpe8EUqxuQUdyBhzossJgxox6F8iLvPaOvgHUaYHkD2HD5msbYjowMlXOOEmmczYWjxIzzf8nMAOKYhFh+mvKIJspnLC+CaNJw0x1lUcsCa5hv3hJrnUZczYjDgGngL3OmTGva+gI8m3iHhpffDhYcqzSScCoJDhbpwWS42WjIMCxkaguZqiF90+ke369QJz9a0pVxIr7k22Kdbz6v+v0KxPmp3zsx7EJBsxjF1/td1mGK5pfoD3Vo/hF+hvY2+AghgPkrjnk8Che9cNVY/HUoLvzveC46LeNy9DlowM+CHQMMCD3LLE1ZvckoTevmladIs2vRgztZ3zuzD3b/B1BLAwQUAAAACADohJNal4VqnMcCAAAXCwAAEgAAAHdvcmQvZm9udFRhYmxlLnhtbMWVTVLbMBSA953pHTTeg2XHSUyGwPCXThewaOkBFFmONViSR1IIuUTXXbRHYNUt52HLFfos28FAAphOaTIZO0/SZ+nT0/Pu/pXI0SXThis59oJt7CEmqUq4nI29b+eTrdhDxhKZkFxJNvaWzHj7ex8/7C5GqZLWIBgvzUjQsZdZW4x839CMCWK2VcEkNKZKC2Lhr575guiLebFFlSiI5VOec7v0Q4wHXo3Rr6GoNOWUHSs6F0xaN97XLAeikibjhWloi9fQFkonhVaUGQNrFnnFE4TLFSaInoAEp1oZldptWEw9I4eC4QF2dyK/B/S7AcIngAFlV90Ycc3wYWSbw5NunMGKw5MW522TaQGSeSdE2GvmUV7K4S2WSWySdcM1e+SXY4klGTHZQ2KadyNGLWKVYLmiF20m6yatvwIuRbmHgo4+z6TSZJoDCbISQWIhB0bVzpYXVCULarSgZjXISff26pOLFiNJBIDOuWAGnbEF+qIEka5DQaQyLIA+lwQ04FLYAPdwH0fwC+Eu8vyyI82INsyuOuIqnBLB82UT1Y7rGgpuadbEL4nm5WKqJsNn0DA3Uzz2TjDG4clk4lWRYOwdQWQY9w/rSFg+y3126khvFcFlhDqO+xtUHOo4qz7wTL8y8cTIEcn5VPMNJibOQPmNwEPYyYRZcGO6mzh4bCKMhu9i4vQrOuWSZsq5ILk9g3Az6bub67ub3+j2x/fbn7/qRa3Nmx0wFYK1eGPexGttCZUwvS5xUn7FkvWucNh2NTg4Gk6OJ21XsRMRvuAKXgI7HV0dwBbmG3LmECxEddaE/ylnhnHUe4+c+cTgtcrJBhNV/bivI71/WkfcZMN4eG+ivcoHJvCLJjpnhKus607O45K74ez8TdaQuVVrVCUsJfPcPl/9BBS/5/aveg8MOle/t70HHp7oqIxEq0iX/Qte3L/6xuz9AVBLAwQUAAAACADohJNaOSvzHRIDAACCDAAAEAAAAHdvcmQvZm9vdGVyMS54bWyll81y2jAQgO99Cg8XTomMDYZ4QjL5mXZy6XTS9AGELGNNLMkjyUD69F3ZlnFimjEOBwQr7ber/TNc3x547u2o0kyK9XR26U89KohMmNiup39evl+spp42WCQ4l4Kup29UT29vvl3v49QoD5SFjvcFWU8yY4oYIU0yyrG+5IwoqWVqLonkSKYpIxTtpUpQ4M/86lOhJKFag6UHLHZYTxocOQyjJQrvQdkC54hkWBl6ODJmZ0MW6Aqt+qBgBAhuGMz6qPBsVISsVz3QfBQIvOqRFuNIJy4XjSMFfdJyHCnsk1bjSL1y4v0ClwUVsJlKxbGBr2qLOFavZXEB4AIbtmE5M2/A9COHwUy8jvAItFoCD5OzCUvEZULzMHEUuZ6USsSN/kWrb12Pa/1maTVoPswsmLtC9GBybZyuGhK7Wv1RkpJTYaqoIUVziKMUOmNFOx34WBpsZg6y+ywAO55P2sk2G9hq/xttj3UajsAh7je543nt+efEmT8gmxbRagxx4b1N5wmHCj4aHhWaTnBnA4ePAwQ9QETowIeFY6waBiLH7rYcNrCtHCdqOSzpcMY50wEk5VmIIHR+2MWqd1g6MUl2Hs7lCFldbHCGdfaemA4cBI447xDrAsslee0y6XlBW7TAN97JYbH9WqP+ULIsjjT2NdrTcWTvxXkX9KOPVVHorznzO8MFTHJO4qetkApvcvAI2teDDvSqDHh1C9jFq7vKc/XjubR7VXV6diRObuD3XwGCeVxghZ+gd8IoXEZQjpNKCo9OY6XL5gXSGH5iJs/rie/7wSK8f2hFjzTFZW46OxX9l6qW+6RajQRz8Q5D8QmWT5CV5TQ1PeFGGiN5T6zYNjtxmJo9peKDHHXM4o1uVneIwAOFKut9ISEv82jl17DOmcpae+QKLtZwHU8XmEBi4AROgQZ3t6dzZkslmLdfnkubKVwa2dyiDor6LoXRVlkTBoX6wjjV3k+6954lx8JqU6zNnWb45GZ2J/RpNaL74soykblU7np+9ao39F8nDVrJg34vQ43nqEmrXat3+Atx8w9QSwMEFAAAAAgA6ISTWpdwnKxbBAAAQQ0AABEAAAB3b3JkL3NldHRpbmdzLnhtbLVX33PiNhB+71/h4YWXEmwDTuI5ckNCaHITep2Smz7Llow10Q+PJIdwnf7vXVkWmIS5CdfmCWm/3U/r1aeV+PT5hbPgmShNpZj2o7OwHxCRS0zFetr/9rgYXPQDbZDAiElBpv0t0f3PV7982qSaGANeOgAGoVOeT3ulMVU6HOq8JBzpM1kRAWAhFUcGpmo95Eg91dUgl7xChmaUUbMdxmGY9FoaOe3VSqQtxYDTXEktC2NDUlkUNCftj49Q71nXhcxlXnMiTLPiUBEGOUihS1ppz8Z/lg3A0pM8/+gjnjnzfpsofMfnbqTCu4j3pGcDKiVzojVsEGc+QSr2C4/fEO3WPoO1209sqCA8CptRN/PJaQTxG4IkJy+ncVy0HEOI7PJQfBpPsuOhuMPzc8l0CHB9EkU88nnYHxve4dLY4PI0Or9HQxuLDCqRLg8ZC3Ya47jD6ATGZP7U5SSnFW2yI9zy/R7qt2kdUbWDHmimkNp2Jc3z9H4tpEIZg3RA2gGoM2iyC5w87E/gFBf42ga+JEGzc70raGnfpeTBJq2IyuFcT3tRnPSGFoDTJIuVQQYYU10Rxmx/7OWMIEhgk64V4tDavKWJwaRANTOPKFsZWYHTM4LvPI9DB+clUig3RK0qlAPbjRRGSeb9sPxdmhtokwpOsYsopDRCGvKH6s4gwOp/EB06teZmseHrWCLwm8krnkOrpzkIdE18P1q5CwFCBOKwEwdNfikxsZWqFX2/ZHq+GtGkLdrRhSTcX4pi8mgVsDJbRhZQzBX9TmYCf6m1ocDYtPr/kMGPEiDCrvwVNPu4rciCIFPDtn3QYo0yFoxWS6qUVPcCg1Y/bDFaFETBAhS0vwQ5UyU3TZ3vCMLwbPigdWtN/gJnaBmjRzgmT9fSGMnvtlUJtf4fdnLYlS88frD2gz/hpHjXMAzjyej6xmVq0fcg0ex8Hs2PIfFleDtLjiHjUZQkR5HZRRKGF23ObaY8ta8NewrdyMo94C7iBvFMURQs7XtkaD0y9XRNhcczAk2VdJFVnXlwMHCA5oixBRTeA6GzY6qrOSmaMVsitd7zth7qqBV64Zcdl+2tRP2mZF05dKNQ5WTsXaLxuI2kwjxQ7u26zlY+SsA10IFqgb8+q6ZO+/JsUgOyaNrBA2rk1fgSMfi2auXH1MpKhyxRVTkFZuto2mN0XZrIisbADMOztZlk67jF4gaLHdZMUG6/DLzbwd4We1vHb+Rto71t7G3jvW3ibZO9LfG2xNpK6DkKLqQnOAx+aO2FZExuCL7b429Mrgi6RBWZu/sK5CWdob3AdPCckhe4DQmmphfoimKO4OUWhe52bL0Z2sraHPhazDpXhwz2beKP4UFwI/FXudh7NKcgx9WWZ/vr8cwlzqiG1lHBTWqk8tivDRaNUyzze3v3j519koyiyXy2cPBkB08c/Pf4djI7v4zCwW0SjwZJNL4dzBZJOIivz8PxbH4Zz89v/mkPov/zc/UvUEsDBBQAAAAIAOiEk1qpXHcb3QIAAOkLAAAQAAAAd29yZC9oZWFkZXIyLnhtbKWWzW6jMBCA7/sUiEtOrQkkJEFNK7VVV72tursP4BgTUP2DbJOkb79jwISWbkUohzgMnm/G8wc3dyfOvANVupBiO5tfBzOPCiLTQuy3s79/nq7WM08bLFLMpKDb2RvVs7vbHzfHJE+VB8pCJ8eSbP3cmDJBSJOccqyveUGU1DIz10RyJLOsIBQdpUpRGMyD+l+pJKFag6UHLA5Y+y2OnMbRUoWPoGyBC0RyrAw9nRnziyFLtEHrISicAIIThvMhKroYFSPr1QC0mAQCrwak5TTSJ4eLp5HCIWk1jRQNSetppEE58WGBy5IKeJhJxbGBW7VHHKvXqrwCcIlNsStYYd6AGcQOgwvxOsEj0OoIPEovJqwQlyllUeoocutXSiSt/lWnb11PGv126TQoG2cWzG0QPRmmjdNVY2LXqD9KUnEqTB01pCiDOEqh86LspgOfSoOHuYMcvgrAgTO/m2zzka32v9H22KThDBzjfps7zhrPvybOgxHZtIhOY4wL7206TzhU8NnwpND0gjsfOXwcIBwAYkJHviwcY90yEDl3t+UUI9vKceKOU6Q9zjRneoC0uggRRs4Pu1j1HkunJs0vw7kcIauLDc6xzt8Ts5GDwBEXPWJTYEyS1z6TXha0ZQd8470clvvvNepPJavyTCu+R3s+j+yjuOyAQfyxKkr9PWd+57iESc5J8rwXUuEdA4+gfT3oQK/OgNe0gF28pqs8Vz+eS7tXV6dnR6J/C99/JQgWSYkVfobeCcOHxVO0Wfm1FF6dxkpX7QXSBD4x05etHwRBuIzuHzrRI81wxUzvSU3/perlPq1XI8FccsBQfKJgPrIyRjMzEO6kMZIPxKrY559spuZIqfggRz2zeKfb1W0i8EKhynpfSsjLIl4HDay3p7bWbdlEcdByHU+XmEBiYAfOgAZnt7tZYUslXHQ3L5XNFK6MbE/RBIVIJpWzFdRXy683oDZ6dq1/4Uv99h9QSwMEFAAAAAgA6ISTWoCgbZAyDgAApyQAABAAAAB3b3JkL2Zvb3RlcjQueG1s7VpJk5tAlr7Pr1CoI8YHucyOQG67A4T2He26dLAKEJAIECD9+skEoaWq7CiXZ+bUFWGR+TLz4+3vJeF//ivz3EpihJEN/B9fiG/4l4rha0C3/f2PL8tF+4X7UolixdcVF/jGjy9nI/ryr5//9c+0YcZhBR72o0YaaD+qVhwHDQyLNMvwlOibZ2shiIAZf9OAhwHTtDUDS0GoYyRO4PkoCIFmRBF8U1PxEyWqXuG07GNoeqik8DACpDHNUsLYyO4YxB+DMBiPcW+ByE8AQQlJ4i0U9cdQLIa4egNEfwoIcvUGifkc0jvCsZ9DIt8i1T+HRL1F4j6H9MadvLcODgLDh4smCD0lhtNwj3lKeDgFLxA4UGJbtV07PkNMnC1hFNs/fIIjeOqG4FH6HyPUMQ/ohkvpJQr4UT2FfuN6/uV2HrHeKM5fH7cThvux18LX8ZiRxW4Ul2fDj+iuOC4B7eQZfpxrDQsNF+oR+JFlB7fs4H0WDS5aJUjyOwUknlu9ZTbig6H2q9QmFWa4A36E/avtPLfg/PeIBP4BayKI24mPsPD8zpITD3rw/cWfUs2DcokPJp8SgHwDwGrGB4tFicFdMTDtHt0Ix/5gWJU47A3H1h9wPsfMA4B++iMIkir5QA90/AEr0mPd+jO40kYYOqvEiqVE1jOi+cFEUCLSD4iFg7lAOzxiGn+mNOYGePYebBjs/y5QOyE4BXc0++/QeveUnfp/JiDOvvaKIPo7ZuaWEsBM7mmN3t4HoaK6kCMYvhUYgZXcApUiBNCjUkRVpfSfSmn2Su6dFZQSqz9h/xdAAt0IlFDpwdgh6m2GF+tUNafC0hkjav36B6kN2GLq8o8qjuMkQ4nNG0kyTOXkxvlK/legT8P8Ier5MwbwdY1Egc7n224VQzTXMOM3RBXEMfDekEN7b72z2YhTw/Bf0bGH1ypqdH2WmzRYUIwQcR8AaBea5fAC7GFP/rbbFh7JVOCWeFGgaNAwcIdiQjQoO9rt2shVSPo2kU/IUsopBlcpCqWEbeDHETocaTZ01IXtGVFlbKQVGXiKj04bShQLka28u2gJfvT+MS16S87frAEXhKV4VzPlC9GlpJI3SjN6pmFXzrGbWcMHaXwwDQEwH/ZBRxVcqBZfiY0mFBVqPCc2LQDdvCIbx5MdGpBVGBm5s1zrJRwGDcXXLMiqbkfxItcrGom30fA2kvNRZHuBa0yRneCs6DgSo2sgC0L+GYJlcZLjqhXVsGxfhy0F9PVqBeUwQ8/PuMoZnOKe3zRcN1+zbF03/HxNcV2QTuD1ylWCfA1Fz5XFPGokkeBFqXldMHQ7DxuaEBlcoJhqLtGNxUqWg57RL5YvQf+yUYfUvXHeDgHskKC5Tp5fLfdMTDMy4p8cB10RavmRVk4LmCfQ1StQFOr7UAms17i/xVzlm2E+gFasoKsdyXCQEaZa0aAgJEfTXCmNYZqGFreKrW4ua1yYJf9V73KnkI0xvI8WMx1o07CCKjhfrfiKB2OmHRoGqjYV/npCGycdxLuttUO4YxpCstLYF6Syuf5Eb5Z3RA9QEiyalVP4l+WjyNiIcZj+o6AYQBHmQc44mkV5KCmNzAw99ISIyD9onGU4uvASimVInOaquajQAlf1szgF47JQP8PwOJPH6B1JO0VxxwD5WEmGUVyoSi9HilWOtMwvhyG0HLKZm9sszm0W5jZTi/fDKxE6Vw4r6QMr1o2TCmQzPKGPEZMDMjfa7oHEWID8YPwqBLDHVdd/u+tJwHLD88YbF3++HX+1U3NBZBQkJONtkMuNPWvWB23bdbHiBU8ErKBgdyujUZypWV5m4POWFF9X4brU5kWOE/+Xq/BvyxX+y3KF3i/ZyDOgPcuSoMbDsKyyb4vB69ImhLbiPhe0G+laxm5zVLyKyUdLFuxkHsoOZPgnyRMMWedYupIQecEulgt239E3TvIi05b+Tt/Fyv+TvgtBsFeOhD24GBypQD/DlBoFWtsOYdGEyp9CkYsSFqJaFh1PSgibSrfnQ7UTBE0hvuJ8hjL2E1ktyUXly/NDMWzGYRnmPhCgJKYdY1d2CiaukzwLYk9p9nFe1JwCM5fu1hJgt8Yh7yHasCSrinbItW1rUPSkEaFsm1vwvcqM6spDOakAaB5E+3eGXOrfEQH7A9hHxGdkjLLqNWCjB2twbHz3lHBv+y+oWW3Ug7icw4a2gX9PbT22GiROfeMYuGblbUeDJL/RcHZ5gQ2HkTVeUBfCsARPfk/s6PpdqZEPXYgfgRdkkpecg0ZhlzsVdTpQKqNgAH9noeDkLT1vYt9dKXrs61Ip8QtUnH2B/qS4D8K/v+GlbCxyl33eBZul2NZ+CVIuv4JIXtDjpbAfui3A+gZgSY3si3HL2V/LIoNMCEOPQL4JGnszQ1fdH9VlK5JEcSaIe6EnwL/erEnuL/Yc28PJpCXC3wWir/FxovqyC/+Zq66b7jZjfehbsdqfy7NlXRqJYvu//0FQ3+EP/p3HHS01e+v+kq3PhL3Lbgf4HG+Cbkc8LLLBcNfJmEXHShxmQnbwubwegwtW5/wTn2rZoT3qjPfs8TQ7DllZuKPiEbNl7ZBJYt6ViH4qSr10MuoPukHXDUKWH5h61zlncy+05+b2UlvO/fV0WxdO5rin6AN21OqPMl4IJAxId9SJuwhBaG1It92yXU+bkLI+jp0mk8HCEjRPi/NWFBnVZtUZHZ1Bn9rz6xl+hk3Q8LJnBnpz4w6GTqKtOZ66o86Xk+Mm9S+MFO79btxfZJNoZrYGvUVd8qT5sqlkaV0++lydq+8iTx7xBrnypoY4pk/HbbKI13UnsZ09P8bOd9R+tDG04RE/1tYS63HQLhKGpSPhrRUFGpt3MQJZsT9DVhwi+obqu2p3lAz9vntHVbuTw2HUPqYXYWSdalKyncrmpqOkme0s7JqDd5KgG0lb2xspa3x7Js2QHNFTceSH6lLFZjztYiZmjWziKD/wuuqR0SRml/29XtvZ0t40h5xxaLvtuZqscADoltq0Lp2MNvmOrKsk0x1FW+voNtMO44bDI6/au0O2ntjH7R2VJLf2IlTIw3Z0IlwinkkUjqlTj0rT7RjPCG6v0oygz+BSwDhY1BbJBd6e1WXcX4xbK8phAW8as0sICPvBB9YCQbe92oxTCIWrickJ0zF9pJL9LXOyp6rVwQ6xT2vHzhIzQirQkrT5K93fUWEs0XymsL0ZXOj3Wiii0I5dt38ZksuzisvJ9szQ6vocrUadCXkWZsnKPE7P0smBDDthX/bbm9VKCQZ31CPJHqgNLaQLq5PN0nbLiTEq7XYX/u5ypI7idmOPKCqSNg5POvOev93hrY0uBf3BqqUIrEv0jCYGLWe67vyOSjuXRX812cvL7jSNu92LoU9ZXolkYUsc2/3t/rDG1/W1B4YbahcsD05s2Ns13ZQ9RwtHAnmZTOfdYDiHdSW8o47PYR/353LcEYdbujVkLlKd6GDzhZKZq+2w7rLBObXGq+Vk4dGk45wE3olc70JorfMSj2tA69b2y40UjJTpHdU5rg2vYx6UyUo/LnfnZkofp7XurN8WVwdwAoK+GuEpf9x4sSeP503G2V/I06K2Ifwah8lH3drFSo9QJ7PzQx6wj+x5sbPlbu0wmBy4TW0zmPABPpy4yWG9CEw+UvoXazLZNzMzGI5GgpzK6x2NBd2D0B/rA2zicHrayQZOxD94Fs+pm5SWj7TR0ynQG6rbZNyqtzPfHUTdzrrlXbQkqdW2C1ZrErI0HwN1kGx6VlMcG2lK8ZMVxXY9YUwJD9ZSM2Fas5tZOzMToT6o1e2Adyjga4IwimjflQ+jWs3pClZyMKa+sG21z2KrTu5m6zGu6/PxplPTCbW5mh9WD9ZyZ3U728+as7PC6I7bSuKYkvsqWE2Fy266m/m+sZ6MJhTuhNilfzFH23i6PQR9m6sdwKQ+Paxc0TaPFiczkztqgI13HYtZbzrtPcVuqBkTBJv9hJSYZGvxHBcmgaFMLZZvS32tqdnprt7abVubKXmsTcfDNPLqm9Zmw7vrS+2OKsDMhmGcJLTFoZDOloKwFZoouJotQa4zkcmj7Aiz3gzGaQpHHfmsnfmDSuknzVuRee1qZdPFMnnwgZk455oY22VmvlFvbl0yEL0llgktcT7AZYYlyZ15ICVS1R19nHTN2uUS7DaONJqOvXNERCLV7nSpoNuM++1HXgeBpij+Kur6GTYeS3a/tVhup44rieNU3a762iaYsyOvttcv1CoSt/psMJw3h5GSHaQe3l0Bve0xre2JAnfUZLyWj+uay21C2Bsmvd1uqM2VuE7va3o36WRpTQmn7qEtUX01wQ4b3zTpUxCv45rbM+r8hk2Co+mCCzXgxTuq3L84fjqujSkROw6dbbqjeqLUSi+UNV2NpJ4S7karszAxOzPmPDgusYu+nCL9TjFMSMXZPG01hzMht8cdtbRMDEb0IaFR3bKQZVro5Dt/v+w2oLUf9DrrxcIHqt7TX5ODdNGEPhBpZ+6UP4nfo76fxZ9RaSiieND8UbJb9BO5wzuI34eIRX76BlnsJl4GszeaRYjf6RvkbtS6IXd4Sn2q3LqNqkcGtb7sFNshuiBd0MhKl8JzPYIXEN35UX0hiDrP0hz+9StDo3YQXdd/VL2v7rVZDMve0S0HX79m8N5jwrs6+gBootY/BIdinN8m8mnFAbZ/vRR4NvpijKFFdIk4uUqUT/LvIEoYghQc8jsRaNw+fyCKiSgagKlGi+NzAJHQBwTgwXsW3KeCDF314PXpK+psnzrcHP66qQL5MOA2Pojhxvy3+p8PCf/5kPB/9CHh5nf5OL9aF3vzyzb2dAXH3v3S/6gnLP9/Rj//B1BLAQIUAxQAAAAIAOiEk1r8M6U6sAEAALAKAAATAAAAAAAAAAAAAACAAQAAAABbQ29udGVudF9UeXBlc10ueG1sUEsBAhQDFAAAAAgA6ISTWjnYfF7pAAAATQIAAAsAAAAAAAAAAAAAAIAB4QEAAF9yZWxzLy5yZWxzUEsBAhQDFAAAAAgA6ISTWncnhR/bAQAA5AMAABAAAAAAAAAAAAAAAIAB8wIAAGRvY1Byb3BzL2FwcC54bWxQSwECFAMUAAAACADohJNaV4+M1D8BAABdAgAAEQAAAAAAAAAAAAAAgAH8BAAAZG9jUHJvcHMvY29yZS54bWxQSwECFAMUAAAACADohJNaBOq7iZEjAADFoAEAEQAAAAAAAAAAAAAAgAFqBgAAd29yZC9kb2N1bWVudC54bWxQSwECFAMUAAAACADohJNai05Fd2wBAADSCAAAHAAAAAAAAAAAAAAAgAEqKgAAd29yZC9fcmVscy9kb2N1bWVudC54bWwucmVsc1BLAQIUAxQAAAAIAOiEk1q7lUsQ3gIAAOkLAAAQAAAAAAAAAAAAAACAAdArAAB3b3JkL2hlYWRlcjEueG1sUEsBAhQDFAAAAAgA6ISTWusTJDNIDgAAqyQAABAAAAAAAAAAAAAAAIAB3C4AAHdvcmQvZm9vdGVyMy54bWxQSwECFAMUAAAACADohJNae0pVhOcPAABsnwAADwAAAAAAAAAAAAAAgAFSPQAAd29yZC9zdHlsZXMueG1sUEsBAhQDFAAAAAgA6ISTWgi7jPLIAgAAUAwAABEAAAAAAAAAAAAAAIABZk0AAHdvcmQvZW5kbm90ZXMueG1sUEsBAhQDFAAAAAgA6ISTWvLf+l7eAgAA6QsAABAAAAAAAAAAAAAAAIABXVAAAHdvcmQvaGVhZGVyMy54bWxQSwECFAMUAAAACADohJNayMzsTiYEAABcHQAAEgAAAAAAAAAAAAAAgAFpUwAAd29yZC9udW1iZXJpbmcueG1sUEsBAhQDFAAAAAgA6ISTWjDdQynOBQAApBsAABUAAAAAAAAAAAAAAIABv1cAAHdvcmQvdGhlbWUvdGhlbWUxLnhtbFBLAQIUAxQAAAAIAOiEk1rvj+8ILwEAAOQBAAATAAAAAAAAAAAAAACAAcBdAABjdXN0b21YbWwvaXRlbTEueG1sUEsBAhQDFAAAAAgA6ISTWj7K5dW9AAAAJwEAAB4AAAAAAAAAAAAAAIABIF8AAGN1c3RvbVhtbC9fcmVscy9pdGVtMS54bWwucmVsc1BLAQIUAxQAAAAIAOiEk1qFa3HK2AAAAJQBAAAYAAAAAAAAAAAAAACAARlgAABjdXN0b21YbWwvaXRlbVByb3BzMS54bWxQSwECFAMUAAAACADohJNa0toSBsgCAABWDAAAEgAAAAAAAAAAAAAAgAEnYQAAd29yZC9mb290bm90ZXMueG1sUEsBAhQDFAAAAAgA6ISTWnmnYMGiDgAAgCwAABAAAAAAAAAAAAAAAIABH2QAAHdvcmQvZm9vdGVyMi54bWxQSwECFAMUAAAACADohJNa9yLpp8IBAACpBQAAFAAAAAAAAAAAAAAAgAHvcgAAd29yZC93ZWJTZXR0aW5ncy54bWxQSwECFAMUAAAACADohJNal4VqnMcCAAAXCwAAEgAAAAAAAAAAAAAAgAHjdAAAd29yZC9mb250VGFibGUueG1sUEsBAhQDFAAAAAgA6ISTWjkr8x0SAwAAggwAABAAAAAAAAAAAAAAAIAB2ncAAHdvcmQvZm9vdGVyMS54bWxQSwECFAMUAAAACADohJNal3CcrFsEAABBDQAAEQAAAAAAAAAAAAAAgAEaewAAd29yZC9zZXR0aW5ncy54bWxQSwECFAMUAAAACADohJNaqVx3G90CAADpCwAAEAAAAAAAAAAAAAAAgAGkfwAAd29yZC9oZWFkZXIyLnhtbFBLAQIUAxQAAAAIAOiEk1qAoG2QMg4AAKckAAAQAAAAAAAAAAAAAACAAa+CAAB3b3JkL2Zvb3RlcjQueG1sUEsFBgAAAAAYABgABQYAAA+RAAAAAA==",
    "changes": [
      {
        "type": "replace",
        "text": "Acme Corp",
        "oldText": "Yellowpad AI Inc."
      }
    ]
  }
}
[0m[32m(pass)[0m Orchestrator > should process instruction document [31919.68ms]

 1 pass
 0 fail
 12 expect() calls
Ran 1 tests across 1 files. [32.41s]
